Archive member included to satisfy reference by file (symbol)

build/cooja/mtype269.a(simEnvChange.o)
                              build/cooja/mtype269.o (simDontFallAsleep)
build/cooja/mtype269.a(cooja_mt.o)
                              build/cooja/mtype269.o (cooja_mt_start)
build/cooja/mtype269.a(cooja_mtarch.o)
                              build/cooja/mtype269.a(cooja_mt.o) (cooja_mtarch_start)
build/cooja/mtype269.a(rtimer-arch.o)
                              build/cooja/mtype269.o (rtimer_arch_check)
build/cooja/mtype269.a(beep.o)
                              build/cooja/mtype269.o (beep_interface)
build/cooja/mtype269.a(leds-arch.o)
                              build/cooja/mtype269.o (leds_interface)
build/cooja/mtype269.a(moteid.o)
                              build/cooja/mtype269.o (moteid_interface)
build/cooja/mtype269.a(pir-sensor.o)
                              build/cooja/mtype269.o (pir_interface)
build/cooja/mtype269.a(rs232.o)
                              build/cooja/mtype269.o (rs232_interface)
build/cooja/mtype269.a(vib-sensor.o)
                              build/cooja/mtype269.o (vib_interface)
build/cooja/mtype269.a(clock.o)
                              build/cooja/mtype269.o (clock_interface)
build/cooja/mtype269.a(cooja-log.o)
                              build/cooja/mtype269.o (simlog_interface)
build/cooja/mtype269.a(cfs-cooja.o)
                              build/cooja/mtype269.o (cfs_interface)
build/cooja/mtype269.a(cooja-radio.o)
                              build/cooja/mtype269.o (radio_interface)
build/cooja/mtype269.a(eeprom.o)
                              build/cooja/mtype269.o (eeprom_interface)
build/cooja/mtype269.a(random.o)
                              build/cooja/mtype269.a(moteid.o) (random_init)
build/cooja/mtype269.a(sensors.o)
                              build/cooja/mtype269.a(pir-sensor.o) (sensors_changed)
build/cooja/mtype269.a(leds.o)
                              ripening_notifier_server.o (leds_off)
build/cooja/mtype269.a(gpio-hal-arch.o)
                              build/cooja/mtype269.a(leds-arch.o) (gpio_hal_arch_register_pin_callback)
build/cooja/mtype269.a(buttons.o)
                              build/cooja/mtype269.o (button_interface)
build/cooja/mtype269.a(ripening_notifi)
                              ripening_notifier_server.o (ripening_notifier)
build/cooja/mtype269.a(coap-blocking-a)
                              ripening_notifier_server.o (coap_blocking_request)
build/cooja/mtype269.a(coap-engine.o)
                              ripening_notifier_server.o (coap_activate_resource)
build/cooja/mtype269.a(coap-res-well-k)
                              build/cooja/mtype269.a(coap-engine.o) (res_well_known_core)
build/cooja/mtype269.a(coap-observe.o)
                              build/cooja/mtype269.a(coap-engine.o) (coap_remove_observer_by_mid)
build/cooja/mtype269.a(coap-uip.o)
                              build/cooja/mtype269.a(coap-observe.o) (coap_endpoint_copy)
build/cooja/mtype269.a(coap-timer.o)
                              build/cooja/mtype269.a(coap-engine.o) (coap_timer_set)
build/cooja/mtype269.a(coap-transactio)
                              build/cooja/mtype269.a(coap-blocking-a) (coap_send_transaction)
build/cooja/mtype269.a(coap.o)
                              build/cooja/mtype269.a(coap-engine.o) (coap_status_code)
build/cooja/mtype269.a(contiki-main.o)
                              build/cooja/mtype269.o (main)
build/cooja/mtype269.a(autostart.o)
                              build/cooja/mtype269.a(contiki-main.o) (autostart_start)
build/cooja/mtype269.a(ctimer.o)
                              build/cooja/mtype269.a(contiki-main.o) (ctimer_init)
build/cooja/mtype269.a(log.o)
                              build/cooja/mtype269.a(contiki-main.o) (curr_log_level_main)
build/cooja/mtype269.a(energest.o)
                              build/cooja/mtype269.a(contiki-main.o) (energest_init)
build/cooja/mtype269.a(etimer.o)
                              build/cooja/mtype269.a(contiki-main.o) (etimer_process)
build/cooja/mtype269.a(node-id.o)
                              build/cooja/mtype269.a(contiki-main.o) (node_id)
build/cooja/mtype269.a(rtimer.o)
                              build/cooja/mtype269.a(contiki-main.o) (rtimer_init)
build/cooja/mtype269.a(process.o)
                              build/cooja/mtype269.a(coap-blocking-a) (process_current)
build/cooja/mtype269.a(timer.o)
                              build/cooja/mtype269.a(etimer.o) (timer_set)
build/cooja/mtype269.a(list.o)
                              build/cooja/mtype269.a(coap-engine.o) (list_init)
build/cooja/mtype269.a(memb.o)
                              build/cooja/mtype269.a(coap-observe.o) (memb_alloc)
build/cooja/mtype269.a(button-hal.o)
                              build/cooja/mtype269.o (button_hal_init)
build/cooja/mtype269.a(serial-line.o)
                              build/cooja/mtype269.a(rs232.o) (serial_line_input_byte)
[...]
Memory Configuration

Name             Origin             Length             Attributes
*default*        0x0000000000000000 0xffffffffffffffff

Linker script and memory map

LOAD /usr/lib/gcc/i686-linux-gnu/5/../../../i386-linux-gnu/crti.o
LOAD /usr/lib/gcc/i686-linux-gnu/5/crtbeginS.o
LOAD ripening_notifier_server.o
LOAD build/cooja/mtype269.o
LOAD build/cooja/mtype269.a
LOAD /usr/lib/gcc/i686-linux-gnu/5/libgcc.a
LOAD /usr/lib/gcc/i686-linux-gnu/5/libgcc_s.so
LOAD /usr/lib/gcc/i686-linux-gnu/5/../../../i386-linux-gnu/libc.so
START GROUP
LOAD /lib/i386-linux-gnu/libc.so.6
LOAD /usr/lib/i386-linux-gnu/libc_nonshared.a
LOAD /lib/i386-linux-gnu/ld-linux.so.2
END GROUP
LOAD /usr/lib/gcc/i686-linux-gnu/5/libgcc.a
LOAD /usr/lib/gcc/i686-linux-gnu/5/libgcc_s.so
LOAD /usr/lib/gcc/i686-linux-gnu/5/crtendS.o
LOAD /usr/lib/gcc/i686-linux-gnu/5/../../../i386-linux-gnu/crtn.o
                0x0000000000000114                . = (0x0 + SIZEOF_HEADERS)

.note.gnu.build-id
                0x0000000000000114       0x24
 *(.note.gnu.build-id)
 .note.gnu.build-id
                0x0000000000000114       0x24 /usr/lib/gcc/i686-linux-gnu/5/../../../i386-linux-gnu/crti.o

.hash
 *(.hash)

.gnu.hash       0x0000000000000138     0x1598
 *(.gnu.hash)
 .gnu.hash      0x0000000000000138     0x1598 /usr/lib/gcc/i686-linux-gnu/5/../../../i386-linux-gnu/crti.o

.dynsym         0x00000000000016d0     0x2ef0
 *(.dynsym)
 .dynsym        0x00000000000016d0     0x2ef0 /usr/lib/gcc/i686-linux-gnu/5/../../../i386-linux-gnu/crti.o

.dynstr         0x00000000000045c0     0x36bf
 *(.dynstr)
 .dynstr        0x00000000000045c0     0x36bf /usr/lib/gcc/i686-linux-gnu/5/../../../i386-linux-gnu/crti.o

.gnu.version    0x0000000000007c80      0x5de
 *(.gnu.version)
 .gnu.version   0x0000000000007c80      0x5de /usr/lib/gcc/i686-linux-gnu/5/../../../i386-linux-gnu/crti.o

.gnu.version_d  0x0000000000008260        0x0
 *(.gnu.version_d)
 .gnu.version_d
                0x0000000000008260        0x0 /usr/lib/gcc/i686-linux-gnu/5/../../../i386-linux-gnu/crti.o

.gnu.version_r  0x0000000000008260       0x40
 *(.gnu.version_r)
 .gnu.version_r
                0x0000000000008260       0x40 /usr/lib/gcc/i686-linux-gnu/5/../../../i386-linux-gnu/crti.o

.rel.dyn        0x00000000000082a0     0x91b8
 *(.rel.init)
 .rel.init      0x00000000000082a0        0x0 /usr/lib/gcc/i686-linux-gnu/5/../../../i386-linux-gnu/crti.o
 *(.rel.text .rel.text.* .rel.gnu.linkonce.t.*)
 .rel.text      0x00000000000082a0     0x8808 /usr/lib/gcc/i686-linux-gnu/5/../../../i386-linux-gnu/crti.o
 *(.rel.fini)
 .rel.fini      0x0000000000010aa8        0x0 /usr/lib/gcc/i686-linux-gnu/5/../../../i386-linux-gnu/crti.o
 *(.rel.rodata .rel.rodata.* .rel.gnu.linkonce.r.*)
 .rel.rodata    0x0000000000010aa8      0x588 /usr/lib/gcc/i686-linux-gnu/5/../../../i386-linux-gnu/crti.o
 *(.rel.data.rel.ro .rel.data.rel.ro.* .rel.gnu.linkonce.d.rel.ro.*)
 *(.rel.data .rel.data.* .rel.gnu.linkonce.d.*)
 .rel.data.rel.local
                0x0000000000011030        0x8 /usr/lib/gcc/i686-linux-gnu/5/../../../i386-linux-gnu/crti.o
 .rel.data      0x0000000000011038      0x3e8 /usr/lib/gcc/i686-linux-gnu/5/../../../i386-linux-gnu/crti.o
 *(.rel.tdata .rel.tdata.* .rel.gnu.linkonce.td.*)
 *(.rel.tbss .rel.tbss.* .rel.gnu.linkonce.tb.*)
 *(.rel.ctors)
 *(.rel.dtors)
 *(.rel.got)
 .rel.got       0x0000000000011420       0x28 /usr/lib/gcc/i686-linux-gnu/5/../../../i386-linux-gnu/crti.o
 *(.rel.bss .rel.bss.* .rel.gnu.linkonce.b.*)
 *(.rel.ifunc)
 .rel.ifunc     0x0000000000011448        0x0 /usr/lib/gcc/i686-linux-gnu/5/../../../i386-linux-gnu/crti.o
 .rel.fini_array
                0x0000000000011448        0x8 /usr/lib/gcc/i686-linux-gnu/5/../../../i386-linux-gnu/crti.o
 .rel.init_array
                0x0000000000011450        0x8 /usr/lib/gcc/i686-linux-gnu/5/../../../i386-linux-gnu/crti.o

.rel.plt        0x0000000000011458        0x0
 *(.rel.plt)
 .rel.plt       0x0000000000011458        0x0 /usr/lib/gcc/i686-linux-gnu/5/../../../i386-linux-gnu/crti.o
 *(.rel.iplt)

.init           0x0000000000011458       0x23
 *(SORT(.init))
 .init          0x0000000000011458       0x1e /usr/lib/gcc/i686-linux-gnu/5/../../../i386-linux-gnu/crti.o
                0x0000000000011458                _init
 .init          0x0000000000011476        0x5 /usr/lib/gcc/i686-linux-gnu/5/../../../i386-linux-gnu/crtn.o

.plt            0x0000000000011480       0x10
 *(.plt)
 .plt           0x0000000000011480       0x10 /usr/lib/gcc/i686-linux-gnu/5/../../../i386-linux-gnu/crti.o
 *(.iplt)

.plt.got        0x0000000000011490       0x10
 *(.plt.got)
 .plt.got       0x0000000000011490       0x10 /usr/lib/gcc/i686-linux-gnu/5/../../../i386-linux-gnu/crti.o

.text           0x00000000000114a0    0x18632
 *(.text.unlikely .text.*_unlikely .text.unlikely.*)
 .text.unlikely
                0x00000000000114a0        0x0 /usr/lib/gcc/i686-linux-gnu/5/crtbeginS.o
 .text.unlikely
                0x00000000000114a0        0x0 /usr/lib/gcc/i686-linux-gnu/5/libgcc.a(_udivdi3.o)
 *(.text.exit .text.exit.*)
 *(.text.startup .text.startup.*)
 *(.text.hot .text.hot.*)
 *(.text .stub .text.* .gnu.linkonce.t.*)
 .text          0x00000000000114a0        0x0 /usr/lib/gcc/i686-linux-gnu/5/../../../i386-linux-gnu/crti.o
 .gnu.linkonce.t.__x86.get_pc_thunk.bx
                0x00000000000114a0        0x4 /usr/lib/gcc/i686-linux-gnu/5/../../../i386-linux-gnu/crti.o
                0x00000000000114a0                __x86.get_pc_thunk.bx
 *fill*         0x00000000000114a4        0xc 
 .text          0x00000000000114b0      0x11c /usr/lib/gcc/i686-linux-gnu/5/crtbeginS.o
 .text.__x86.get_pc_thunk.dx
                0x00000000000115cc        0x4 /usr/lib/gcc/i686-linux-gnu/5/crtbeginS.o
                0x00000000000115cc                __x86.get_pc_thunk.dx
 .text          0x00000000000115d0      0x3e3 ripening_notifier_server.o
                0x000000000001165e                client_chunk_handler
 .text          0x00000000000119b3      0x283 build/cooja/mtype269.o
                0x0000000000011a45                platform_init_stage_one
                0x0000000000011a58                platform_init_stage_two
                0x0000000000011a6b                platform_init_stage_three
                0x0000000000011a7e                platform_main_loop
                0x0000000000011af1                Java_org_contikios_cooja_corecomm_Lib30_init
                0x0000000000011b28                Java_org_contikios_cooja_corecomm_Lib30_getMemory
                0x0000000000011b5b                Java_org_contikios_cooja_corecomm_Lib30_setMemory
                0x0000000000011bbb                Java_org_contikios_cooja_corecomm_Lib30_tick
                0x0000000000011c23                Java_org_contikios_cooja_corecomm_Lib30_setReferenceAddress
 .text          0x0000000000011c36       0x65 build/cooja/mtype269.a(simEnvChange.o)
                0x0000000000011c36                doActionsBeforeTick
                0x0000000000011c68                doActionsAfterTick
 .text          0x0000000000011c9b       0x83 build/cooja/mtype269.a(cooja_mt.o)
                0x0000000000011c9b                cooja_mt_start
                0x0000000000011cc5                cooja_mt_exec
                0x0000000000011cfb                cooja_mt_yield
 .text          0x0000000000011d1e       0xbe build/cooja/mtype269.a(cooja_mtarch.o)
                0x0000000000011d1e                cooja_mtarch_start
                0x0000000000011d91                cooja_sw
                0x0000000000011db4                cooja_mtarch_exec
                0x0000000000011dd1                cooja_mtarch_yield
 .text          0x0000000000011ddc       0xc5 build/cooja/mtype269.a(rtimer-arch.o)
                0x0000000000011ddc                rtimer_arch_init
                0x0000000000011e00                rtimer_arch_schedule
                0x0000000000011e30                rtimer_arch_next
                0x0000000000011e40                rtimer_arch_pending
                0x0000000000011e4a                rtimer_arch_check
                0x0000000000011e91                rtimer_arch_now
 .text          0x0000000000011ea1       0x81 build/cooja/mtype269.a(beep.o)
                0x0000000000011ea1                beep_alarm
                0x0000000000011eae                beep_beep
                0x0000000000011ebb                beep
                0x0000000000011ec8                beep_down
                0x0000000000011ed5                beep_on
                0x0000000000011ee2                beep_off
                0x0000000000011eef                beep_spinup
                0x0000000000011efc                beep_quick
                0x0000000000011f09                beep_long
 .text          0x0000000000011f22       0x65 build/cooja/mtype269.a(leds-arch.o)
                0x0000000000011f35                leds_arch_init
 .text          0x0000000000011f87       0x35 build/cooja/mtype269.a(moteid.o)
 .text          0x0000000000011fbc       0xb7 build/cooja/mtype269.a(pir-sensor.o)
 .text          0x0000000000012073      0x148 build/cooja/mtype269.a(rs232.o)
                0x0000000000012073                rs232_init
                0x0000000000012079                rs232_set_speed
                0x0000000000012088                rs232_set_input
                0x0000000000012096                rs232_send
                0x00000000000120ba                rs232_print
                0x00000000000120d6                slip_arch_writeb
 .text          0x00000000000121bb       0xb7 build/cooja/mtype269.a(vib-sensor.o)
 .text          0x0000000000012272       0x38 build/cooja/mtype269.a(clock.o)
                0x0000000000012272                clock_init
                0x0000000000012278                clock_time
                0x0000000000012282                clock_seconds
                0x0000000000012298                clock_delay
 .text          0x00000000000122aa      0x219 build/cooja/mtype269.a(cooja-log.o)
                0x00000000000122aa                simlog_char
                0x00000000000122ed                simlog
                0x0000000000012363                log_message
                0x0000000000012394                log_set_putchar_with_slip
                0x00000000000123a2                log_putchar
                0x000000000001241d                log_puts
                0x0000000000012445                log_printf
 .text          0x00000000000124c3      0x2b9 build/cooja/mtype269.a(cfs-cooja.o)
                0x00000000000124c3                cfs_open
                0x000000000001252c                cfs_close
                0x0000000000012539                cfs_read
                0x00000000000125ce                cfs_write
                0x00000000000126aa                cfs_seek
                0x0000000000012732                cfs_remove
                0x0000000000012756                cfs_opendir
                0x0000000000012760                cfs_readdir
                0x000000000001276a                cfs_closedir
 .text          0x000000000001277c      0x620 build/cooja/mtype269.a(cooja-radio.o)
                0x00000000000127be                radio_set_channel
                0x00000000000127cc                radio_set_txpower
                0x00000000000127e4                radio_signal_strength_last
                0x00000000000127ee                radio_signal_strength_current
                0x00000000000127f8                radio_LQI
 .text          0x0000000000012d9c       0xee build/cooja/mtype269.a(eeprom.o)
                0x0000000000012d9c                eeprom_init
                0x0000000000012da2                eeprom_read
                0x0000000000012e10                eeprom_write
 .text          0x0000000000012e8a       0x2d build/cooja/mtype269.a(random.o)
                0x0000000000012e8a                random_init
                0x0000000000012eaa                random_rand
 .text          0x0000000000012eb7      0x29c build/cooja/mtype269.a(sensors.o)
                0x0000000000012ef2                sensors_first
                0x0000000000012efc                sensors_next
                0x0000000000012f16                sensors_changed
                0x0000000000012f4a                sensors_find
 .text          0x0000000000013153      0x349 build/cooja/mtype269.a(leds.o)
                0x0000000000013153                leds_init
                0x000000000001319a                leds_single_on
                0x00000000000131f9                leds_single_off
                0x0000000000013258                leds_single_toggle
                0x000000000001328a                leds_on
                0x000000000001330c                leds_off
                0x000000000001338e                leds_toggle
                0x00000000000133e3                leds_set
                0x000000000001340f                leds_get
 .text          0x000000000001349c      0x343 build/cooja/mtype269.a(gpio-hal-arch.o)
                0x000000000001349c                gpio_hal_arch_register_pin_callback
                0x0000000000013508                gpio_hal_arch_init
                0x000000000001354d                gpio_hal_arch_no_port_interrupt_enable
                0x000000000001357d                gpio_hal_arch_no_port_interrupt_disable
                0x00000000000135ad                gpio_hal_arch_no_port_pin_cfg_set
                0x00000000000135d2                gpio_hal_arch_no_port_pin_cfg_get
                0x00000000000135f8                gpio_hal_arch_no_port_pin_set_input
                0x000000000001360a                gpio_hal_arch_no_port_pin_set_output
                0x000000000001361c                gpio_hal_arch_no_port_set_pin
                0x000000000001363d                gpio_hal_arch_no_port_clear_pin
                0x000000000001365e                gpio_hal_arch_no_port_read_pin
                0x0000000000013684                gpio_hal_arch_no_port_write_pin
                0x00000000000136ae                gpio_hal_arch_no_port_set_pins
                0x00000000000136f5                gpio_hal_arch_no_port_clear_pins
                0x000000000001373c                gpio_hal_arch_no_port_read_pins
                0x000000000001377f                gpio_hal_arch_no_port_write_pins
 .text          0x00000000000137df       0x89 build/cooja/mtype269.a(buttons.o)
 .text          0x0000000000013868      0x19a build/cooja/mtype269.a(ripening_notifi)
 .text          0x0000000000013a02      0x27b build/cooja/mtype269.a(coap-blocking-a)
                0x0000000000013a02                coap_blocking_request_callback
                0x0000000000013a2c                coap_blocking_request
 .text          0x0000000000013c7d      0xbea build/cooja/mtype269.a(coap-engine.o)
                0x0000000000013d12                coap_add_handler
                0x0000000000013d2f                coap_remove_handler
                0x0000000000013d4c                coap_call_handlers
                0x0000000000013e54                coap_receive
                0x000000000001444f                coap_engine_init
                0x00000000000144ad                coap_activate_resource
                0x0000000000014558                coap_get_first_resource
                0x0000000000014571                coap_get_next_resource
 .text          0x0000000000014867      0x2d9 build/cooja/mtype269.a(coap-res-well-k)
 .text          0x0000000000014b40      0x96a build/cooja/mtype269.a(coap-observe.o)
                0x0000000000014c55                coap_remove_observer
                0x0000000000014c85                coap_remove_observer_by_client
                0x0000000000014ced                coap_remove_observer_by_token
                0x0000000000014d80                coap_remove_observer_by_uri
                0x0000000000014e27                coap_remove_observer_by_mid
                0x0000000000014ea3                coap_notify_observers
                0x0000000000014ebc                coap_notify_observers_sub
                0x0000000000015326                coap_observe_handler
                0x0000000000015441                coap_has_observers
 .text          0x00000000000154aa      0x733 build/cooja/mtype269.a(coap-uip.o)
                0x00000000000154aa                coap_endpoint_log
                0x0000000000015530                coap_endpoint_print
                0x00000000000155b6                coap_endpoint_snprint
                0x00000000000156e9                coap_endpoint_copy
                0x0000000000015726                coap_endpoint_cmp
                0x0000000000015834                coap_endpoint_parse
                0x0000000000015a1f                coap_endpoint_is_secure
                0x0000000000015a2e                coap_endpoint_is_connected
                0x0000000000015a62                coap_endpoint_connect
                0x0000000000015a7e                coap_endpoint_disconnect
                0x0000000000015a84                coap_databuf
                0x0000000000015a8e                coap_transport_init
                0x0000000000015ade                coap_sendto
 .text          0x0000000000015bdd      0x324 build/cooja/mtype269.a(coap-timer.o)
                0x0000000000015cda                coap_timer_stop
                0x0000000000015d05                coap_timer_set
                0x0000000000015d48                coap_timer_reset
                0x0000000000015d8b                coap_timer_time_to_next_expiration
                0x0000000000015df7                coap_timer_run
                0x0000000000015ec3                coap_timer_init
 .text          0x0000000000015f01      0x2c6 build/cooja/mtype269.a(coap-transactio)
                0x0000000000015f67                coap_new_transaction
                0x0000000000015fcd                coap_send_transaction
                0x000000000001612e                coap_clear_transaction
                0x0000000000016176                coap_get_transaction_by_mid
 .text          0x00000000000161c7     0x1c53 build/cooja/mtype269.a(coap.o)
                0x0000000000016734                coap_init_connection
                0x0000000000016748                coap_get_mid
                0x0000000000016764                coap_init_message
                0x00000000000167ad                coap_serialize_message
                0x0000000000016e2f                coap_parse_message
                0x0000000000017496                coap_get_query_variable
                0x00000000000174d8                coap_get_post_variable
                0x000000000001751c                coap_set_status_code
                0x0000000000017541                coap_set_token
                0x0000000000017588                coap_get_header_content_format
                0x00000000000175b9                coap_set_header_content_format
                0x00000000000175dc                coap_get_header_accept
                0x000000000001760d                coap_set_header_accept
                0x0000000000017630                coap_get_header_max_age
                0x0000000000017661                coap_set_header_max_age
                0x0000000000017681                coap_get_header_etag
                0x00000000000176b3                coap_set_header_etag
                0x000000000001770a                coap_get_header_if_match
                0x000000000001773c                coap_set_header_if_match
                0x0000000000017793                coap_get_header_if_none_match
                0x00000000000177ad                coap_set_header_if_none_match
                0x00000000000177c4                coap_get_header_proxy_uri
                0x00000000000177f2                coap_set_header_proxy_uri
                0x000000000001782f                coap_get_header_uri_host
                0x000000000001785d                coap_set_header_uri_host
                0x000000000001789a                coap_get_header_uri_path
                0x00000000000178c8                coap_set_header_uri_path
                0x0000000000017915                coap_get_header_uri_query
                0x0000000000017949                coap_set_header_uri_query
                0x000000000001799f                coap_get_header_location_path
                0x00000000000179cd                coap_set_header_location_path
                0x0000000000017a66                coap_get_header_location_query
                0x0000000000017a94                coap_set_header_location_query
                0x0000000000017ae1                coap_get_header_observe
                0x0000000000017b10                coap_set_header_observe
                0x0000000000017b30                coap_get_header_block2
                0x0000000000017b9c                coap_set_header_block2
                0x0000000000017c13                coap_get_header_block1
                0x0000000000017c88                coap_set_header_block1
                0x0000000000017d03                coap_get_header_size2
                0x0000000000017d33                coap_set_header_size2
                0x0000000000017d56                coap_get_header_size1
                0x0000000000017d86                coap_set_header_size1
                0x0000000000017da9                coap_get_payload
                0x0000000000017de3                coap_set_payload
 .text          0x0000000000017e1a      0x332 build/cooja/mtype269.a(contiki-main.o)
                0x0000000000017e1a                main
 .text          0x000000000001814c       0x92 build/cooja/mtype269.a(autostart.o)
                0x000000000001814c                autostart_start
                0x0000000000018196                autostart_exit
 .text          0x00000000000181de      0x355 build/cooja/mtype269.a(ctimer.o)
                0x0000000000018306                ctimer_init
                0x0000000000018339                ctimer_set
                0x000000000001835f                ctimer_set_with_process
                0x00000000000183dc                ctimer_reset
                0x0000000000018430                ctimer_restart
                0x0000000000018484                ctimer_stop
                0x00000000000184d4                ctimer_expired
 .text          0x0000000000018533      0x394 build/cooja/mtype269.a(log.o)
                0x0000000000018533                log_6addr
                0x0000000000018586                log_6addr_compact_snprint
                0x0000000000018624                log_6addr_compact
                0x0000000000018677                log_lladdr
                0x00000000000186e9                log_lladdr_compact
                0x0000000000018751                log_set_level
                0x000000000001880c                log_get_level
                0x0000000000018885                log_level_to_str
 .text          0x00000000000188c7       0x1b build/cooja/mtype269.a(energest.o)
                0x00000000000188c7                energest_init
                0x00000000000188cd                energest_flush
                0x00000000000188d3                energest_get_total_time
 .text          0x00000000000188e2      0x43f build/cooja/mtype269.a(etimer.o)
                0x0000000000018b06                etimer_request_poll
                0x0000000000018b8f                etimer_set
                0x0000000000018bb8                etimer_reset_with_new_interval
                0x0000000000018be7                etimer_reset
                0x0000000000018c0d                etimer_restart
                0x0000000000018c33                etimer_adjust
                0x0000000000018c50                etimer_expired
                0x0000000000018c63                etimer_expiration_time
                0x0000000000018c75                etimer_start_time
                0x0000000000018c7f                etimer_pending
                0x0000000000018c91                etimer_next_expiration_time
                0x0000000000018cab                etimer_stop
 .text          0x0000000000018d21       0x25 build/cooja/mtype269.a(node-id.o)
                0x0000000000018d21                node_id_init
 .text          0x0000000000018d46       0xeb build/cooja/mtype269.a(rtimer.o)
                0x0000000000018d46                rtimer_init
                0x0000000000018d54                rtimer_set
                0x0000000000018dcf                rtimer_run_next
 .text          0x0000000000018e31      0x4fb build/cooja/mtype269.a(process.o)
                0x0000000000018e31                process_alloc_event
                0x0000000000018e46                process_start
                0x0000000000019020                process_exit
                0x000000000001903d                process_init
                0x00000000000191d2                process_run
                0x0000000000019205                process_nevents
                0x0000000000019220                process_post
                0x00000000000192b3                process_post_synch
                0x00000000000192e8                process_poll
                0x0000000000019318                process_is_running
 .text          0x000000000001932c       0xb1 build/cooja/mtype269.a(timer.o)
                0x000000000001932c                timer_set
                0x000000000001934a                timer_reset
                0x0000000000019377                timer_restart
                0x000000000001938c                timer_expired
                0x00000000000193b9                timer_remaining
 .text          0x00000000000193dd      0x28f build/cooja/mtype269.a(list.o)
                0x00000000000193dd                list_init
                0x00000000000193ec                list_head
                0x00000000000193f6                list_copy
                0x0000000000019406                list_tail
                0x000000000001943c                list_add
                0x0000000000019488                list_push
                0x00000000000194b4                list_chop
                0x000000000001951e                list_pop
                0x0000000000019546                list_remove
                0x00000000000195ae                list_length
                0x00000000000195dc                list_insert
                0x0000000000019621                list_item_next
                0x0000000000019638                list_contains
 .text          0x000000000001966c      0x1b5 build/cooja/mtype269.a(memb.o)
                0x000000000001966c                memb_init
                0x00000000000196c1                memb_alloc
                0x0000000000019724                memb_free
                0x000000000001979b                memb_inmemb
                0x00000000000197da                memb_numfree
 .text          0x0000000000019821      0x41c build/cooja/mtype269.a(button-hal.o)
                0x000000000001999a                button_hal_get_by_id
                0x00000000000199d8                button_hal_get_by_index
                0x0000000000019a04                button_hal_get_state
                0x0000000000019a56                button_hal_init
 .text          0x0000000000019c3d      0x1f3 build/cooja/mtype269.a(serial-line.o)
                0x0000000000019c3d                serial_line_input_byte
                0x0000000000019dfb                serial_line_init
 .text          0x0000000000019e30      0x168 build/cooja/mtype269.a(gpio-hal.o)
                0x0000000000019e30                gpio_hal_register_handler
                0x0000000000019e4d                gpio_hal_event_handler
                0x0000000000019ea9                gpio_hal_init
                0x0000000000019ec8                gpio_hal_arch_port_toggle_pin
                0x0000000000019f04                gpio_hal_arch_port_toggle_pins
                0x0000000000019f32                gpio_hal_arch_no_port_toggle_pin
                0x0000000000019f70                gpio_hal_arch_no_port_toggle_pins
 .text          0x0000000000019f98      0x2e7 build/cooja/mtype269.a(queuebuf.o)
                0x0000000000019fa2                queuebuf_init
                0x0000000000019fcb                queuebuf_numfree
                0x0000000000019fe3                queuebuf_new_from_packetbuf
                0x000000000001a082                queuebuf_update_attr_from_packetbuf
                0x000000000001a0b7                queuebuf_update_from_packetbuf
                0x000000000001a107                queuebuf_free
                0x000000000001a150                queuebuf_to_packetbuf
                0x000000000001a1bc                queuebuf_dataptr
                0x000000000001a1f6                queuebuf_datalen
                0x000000000001a219                queuebuf_addr
                0x000000000001a24e                queuebuf_attr
                0x000000000001a279                queuebuf_debug_print
 .text          0x000000000001a27f      0x407 build/cooja/mtype269.a(packetbuf.o)
                0x000000000001a27f                packetbuf_clear
                0x000000000001a2aa                packetbuf_copyfrom
                0x000000000001a2f9                packetbuf_copyto
                0x000000000001a38c                packetbuf_hdralloc
                0x000000000001a408                packetbuf_hdrreduce
                0x000000000001a44e                packetbuf_set_datalen
                0x000000000001a468                packetbuf_dataptr
                0x000000000001a485                packetbuf_hdrptr
                0x000000000001a48f                packetbuf_datalen
                0x000000000001a49b                packetbuf_hdrlen
                0x000000000001a4b2                packetbuf_totlen
                0x000000000001a4c8                packetbuf_remaininglen
                0x000000000001a4db                packetbuf_attr_clear
                0x000000000001a527                packetbuf_attr_copyto
                0x000000000001a57f                packetbuf_attr_copyfrom
                0x000000000001a5d7                packetbuf_set_attr
                0x000000000001a601                packetbuf_attr
                0x000000000001a61b                packetbuf_set_addr
                0x000000000001a64c                packetbuf_addr
                0x000000000001a669                packetbuf_holds_broadcast
 .text          0x000000000001a686       0xef build/cooja/mtype269.a(netstack.o)
                0x000000000001a686                netstack_process_ip_callback
                0x000000000001a717                netstack_ip_packet_processor_add
                0x000000000001a73a                uip_ds6_ip_packet_processor_rm
                0x000000000001a757                netstack_init
 .text          0x000000000001a775       0x4f build/cooja/mtype269.a(linkaddr.o)
                0x000000000001a775                linkaddr_copy
                0x000000000001a78b                linkaddr_cmp
                0x000000000001a7ae                linkaddr_set_node_addr
 .text          0x000000000001a7c4      0x1f6 build/cooja/mtype269.a(csma.o)
 .text          0x000000000001a9ba      0x95d build/cooja/mtype269.a(csma-output.o)
                0x000000000001b051                csma_output_packet
                0x000000000001b2de                csma_output_init
 .text          0x000000000001b317      0xc11 build/cooja/mtype269.a(uip-ds6.o)
                0x000000000001b317                uip_ds6_default_prefix
                0x000000000001b321                uip_ds6_set_default_prefix
                0x000000000001b34c                uip_ds6_init
                0x000000000001b5ae                uip_ds6_periodic
                0x000000000001b635                uip_ds6_list_loop
                0x000000000001b6f5                uip_ds6_prefix_add
                0x000000000001b7a1                uip_ds6_prefix_rm
                0x000000000001b7b4                uip_ds6_prefix_lookup
                0x000000000001b7f3                uip_ds6_is_addr_onlink
                0x000000000001b866                uip_ds6_addr_add
                0x000000000001b986                uip_ds6_addr_rm
                0x000000000001ba2f                uip_ds6_addr_lookup
                0x000000000001ba68                uip_ds6_get_link_local
                0x000000000001bae9                uip_ds6_get_global
                0x000000000001bb6a                uip_ds6_maddr_add
                0x000000000001bbca                uip_ds6_maddr_rm
                0x000000000001bbdd                uip_ds6_maddr_lookup
                0x000000000001bc16                uip_ds6_aaddr_add
                0x000000000001bc76                uip_ds6_aaddr_rm
                0x000000000001bc89                uip_ds6_aaddr_lookup
                0x000000000001bcc2                uip_ds6_select_src
                0x000000000001be0b                uip_ds6_set_addr_iid
                0x000000000001be36                uip_ds6_set_lladdr_from_iid
                0x000000000001be5f                get_match_length
                0x000000000001bef0                uip_ds6_compute_reachable_time
 .text          0x000000000001bf28      0x128 build/cooja/mtype269.a(uip-udp-packet.)
                0x000000000001bf28                uip_udp_packet_send
                0x000000000001bf83                uip_udp_packet_sendto
 .text          0x000000000001c050      0x35b build/cooja/mtype269.a(uip-ds6-route.o)
                0x000000000001c0a1                uip_ds6_route_init
                0x000000000001c0cb                uip_ds6_route_nexthop
                0x000000000001c0d5                uip_ds6_route_head
                0x000000000001c0df                uip_ds6_route_next
                0x000000000001c0e9                uip_ds6_route_is_nexthop
                0x000000000001c0f3                uip_ds6_route_num_routes
                0x000000000001c0fd                uip_ds6_route_lookup
                0x000000000001c107                uip_ds6_route_add
                0x000000000001c11a                uip_ds6_route_rm
                0x000000000001c120                uip_ds6_route_rm_by_nexthop
                0x000000000001c126                uip_ds6_defrt_head
                0x000000000001c13f                uip_ds6_defrt_add
                0x000000000001c1ed                uip_ds6_defrt_rm
                0x000000000001c253                uip_ds6_defrt_lookup
                0x000000000001c2ba                uip_ds6_defrt_choose
                0x000000000001c330                uip_ds6_defrt_periodic
 .text          0x000000000001c3ab      0x6f7 build/cooja/mtype269.a(tcpip.o)
                0x000000000001c3c5                tcpip_output
                0x000000000001c444                udp_attach
                0x000000000001c45c                udp_new
                0x000000000001c4a6                udp_broadcast_new
                0x000000000001c618                tcpip_input
                0x000000000001c7a8                tcpip_ipv6_output
                0x000000000001c99c                tcpip_poll_udp
                0x000000000001c9ba                tcpip_uipcall
 .text          0x000000000001caa2     0x1205 build/cooja/mtype269.a(uip6.o)
                0x000000000001cb51                uip_chksum
                0x000000000001cc28                uip_icmp6chksum
                0x000000000001cc3d                uip_udpchksum
                0x000000000001cc52                uip_init
                0x000000000001cc9b                uip_remove_ext_hdr
                0x000000000001cd75                uip_udp_new
                0x000000000001d089                uip_process
                0x000000000001db81                uip_htons
                0x000000000001dba3                uip_htonl
                0x000000000001dbe1                uip_send
 .text          0x000000000001dca7      0x369 build/cooja/mtype269.a(uip-ds6-nbr.o)
                0x000000000001dca7                uip_ds6_neighbors_init
                0x000000000001dccb                uip_ds6_nbr_add
                0x000000000001dd51                uip_ds6_nbr_rm
                0x000000000001dd9c                uip_ds6_nbr_update_ll
                0x000000000001de8a                uip_ds6_nbr_get_ipaddr
                0x000000000001de9f                uip_ds6_nbr_get_ll
                0x000000000001debb                uip_ds6_nbr_num
                0x000000000001df04                uip_ds6_nbr_head
                0x000000000001df1d                uip_ds6_nbr_next
                0x000000000001df39                uip_ds6_nbr_lookup
                0x000000000001df91                uip_ds6_nbr_ll_lookup
                0x000000000001dfad                uip_ds6_nbr_ipaddr_from_lladdr
                0x000000000001dfd6                uip_ds6_nbr_lladdr_from_ipaddr
                0x000000000001e00a                uip_ds6_link_callback
 .text          0x000000000001e010      0x6a7 build/cooja/mtype269.a(uip-nd6.o)
                0x000000000001e69e                uip_nd6_init
 .text          0x000000000001e6b7     0x2c17 build/cooja/mtype269.a(sicslowpan.o)
                0x000000000001ecbe                netstack_sniffer_add
                0x000000000001eccc                netstack_sniffer_remove
                0x00000000000212a2                sicslowpan_init
                0x00000000000212c4                sicslowpan_get_last_rssi
 .text          0x00000000000212ce      0x4d1 build/cooja/mtype269.a(uiplib.o)
                0x00000000000212ce                uiplib_ip6addrconv
                0x0000000000021486                uiplib_ip4addrconv
                0x0000000000021549                uiplib_ipaddr_print
                0x000000000002159c                uiplib_ipaddr_snprint
 .text          0x000000000002179f      0x4c9 build/cooja/mtype269.a(rpl.o)
                0x000000000002179f                rpl_lollipop_greater_than
                0x00000000000217f9                rpl_get_global_address
                0x00000000000218f1                rpl_link_callback
                0x0000000000021935                rpl_has_joined
                0x000000000002195a                rpl_is_reachable
                0x00000000000219db                rpl_reset_prefix
                0x0000000000021a45                rpl_set_prefix_from_addr
                0x0000000000021b2a                rpl_set_prefix
                0x0000000000021c44                rpl_set_leaf_only
                0x0000000000021c5c                rpl_get_leaf_only
 .text          0x0000000000021c68     0x138c build/cooja/mtype269.a(rpl-icmp6.o)
                0x0000000000021d8d                rpl_icmp6_update_nbr_table
                0x0000000000021e16                rpl_icmp6_dis_output
                0x000000000002245c                rpl_icmp6_dio_output
                0x0000000000022c5a                rpl_icmp6_dao_output
                0x0000000000022f3b                rpl_icmp6_dao_ack_output
                0x0000000000022fab                rpl_icmp6_init
 .text          0x0000000000022ff4      0x264 build/cooja/mtype269.a(rpl-dag-root.o)
                0x0000000000022ff4                rpl_dag_root_print_links
                0x0000000000023120                rpl_dag_root_set_prefix
                0x000000000002314c                rpl_dag_root_start
                0x0000000000023229                rpl_dag_root_is_root
 .text          0x0000000000023258       0x30 build/cooja/mtype269.a(watchdog.o)
                0x0000000000023258                watchdog_init
                0x000000000002325e                watchdog_start
                0x0000000000023264                watchdog_periodic
                0x000000000002327c                watchdog_stop
                0x0000000000023282                watchdog_reboot
 .text          0x0000000000023288       0x4a build/cooja/mtype269.a(int-master.o)
                0x0000000000023288                int_master_enable
                0x0000000000023298                int_master_read_and_disable
                0x00000000000232b5                int_master_status_set
                0x00000000000232c3                int_master_is_enabled
 .text          0x00000000000232d2      0x226 build/cooja/mtype269.a(coap-timer-defa)
 .text          0x00000000000234f8       0xc7 build/cooja/mtype269.a(stimer.o)
                0x00000000000234f8                stimer_set
                0x0000000000023516                stimer_reset
                0x0000000000023543                stimer_restart
                0x0000000000023558                stimer_expired
                0x0000000000023583                stimer_remaining
                0x00000000000235a7                stimer_elapsed
 .text          0x00000000000235bf      0x156 build/cooja/mtype269.a(ringbuf.o)
                0x00000000000235bf                ringbuf_init
                0x00000000000235f1                ringbuf_put
                0x000000000002366f                ringbuf_get
                0x00000000000236dc                ringbuf_size
                0x00000000000236ee                ringbuf_elements
 .text          0x0000000000023715       0x1f build/cooja/mtype269.a(assert.o)
                0x0000000000023715                _xassert
 .text          0x0000000000023734      0x79b build/cooja/mtype269.a(nbr-table.o)
                0x0000000000023bad                nbr_table_register
                0x0000000000023c1a                nbr_table_is_registered
                0x0000000000023c55                nbr_table_head
                0x0000000000023cb0                nbr_table_next
                0x0000000000023d11                nbr_table_add_lladdr
                0x0000000000023deb                nbr_table_get_from_lladdr
                0x0000000000023e37                nbr_table_remove
                0x0000000000023e6f                nbr_table_lock
                0x0000000000023e89                nbr_table_unlock
                0x0000000000023ea3                nbr_table_get_lladdr
 .text          0x0000000000023ecf      0x3a5 build/cooja/mtype269.a(link-stats.o)
                0x0000000000023ecf                link_stats_from_lladdr
                0x0000000000023eeb                link_stats_get_lladdr
                0x0000000000023f07                link_stats_is_fresh
                0x0000000000023f43                guess_etx_from_rssi
                0x0000000000023fbf                link_stats_packet_sent
                0x00000000000240df                link_stats_input_callback
                0x00000000000241ef                link_stats_reset
                0x000000000002423f                link_stats_init
 .text          0x0000000000024274      0x187 build/cooja/mtype269.a(mac-sequence.o)
                0x0000000000024274                mac_sequence_is_duplicate
                0x0000000000024314                mac_sequence_register_seqno
 .text          0x00000000000243fb       0x23 build/cooja/mtype269.a(mac.o)
                0x00000000000243fb                mac_call_sent_callback
 .text          0x000000000002441e      0x432 build/cooja/mtype269.a(framer-802154.o)
                0x00000000000245ad                framer_802154_setup_params
 .text          0x0000000000024850      0xb6f build/cooja/mtype269.a(frame802154.o)
                0x0000000000024881                frame802154_get_pan_id
                0x000000000002488d                frame802154_set_pan_id
                0x00000000000248a7                frame802154_has_panid
                0x0000000000024a56                frame802154_check_dest_panid
                0x0000000000024ade                frame802154_is_broadcast_addr
                0x0000000000024b2b                frame802154_extract_linkaddr
                0x0000000000024d90                frame802154_hdrlen
                0x0000000000024e03                frame802154_create_fcf
                0x0000000000024ebb                frame802154_create
                0x0000000000025030                frame802154_parse_fcf
                0x0000000000025112                frame802154_parse
 .text          0x00000000000253bf       0x2d build/cooja/mtype269.a(csma-security.o)
                0x00000000000253bf                csma_security_create_frame
                0x00000000000253dd                csma_security_parse_frame
 .text          0x00000000000253ec      0x4e4 build/cooja/mtype269.a(uipbuf.o)
                0x00000000000253ec                uipbuf_clear
                0x0000000000025413                uipbuf_add_ext_hdr
                0x0000000000025493                uipbuf_set_len
                0x00000000000254c0                uipbuf_set_len_field
                0x00000000000254ec                uipbuf_get_len_field
                0x000000000002550c                uipbuf_get_next_header
                0x000000000002563e                uipbuf_get_last_header
                0x00000000000256b7                uipbuf_search_header
                0x000000000002576d                uipbuf_get_attr
                0x0000000000025794                uipbuf_set_attr
                0x00000000000257cb                uipbuf_set_default_attr
                0x0000000000025802                uipbuf_clear_attr
                0x0000000000025826                uipbuf_set_attr_flag
                0x0000000000025847                uipbuf_clr_attr_flag
                0x000000000002586e                uipbuf_is_attr_flag
                0x0000000000025892                uipbuf_init
 .text          0x00000000000258d0      0x73f build/cooja/mtype269.a(uip-icmp6.o)
                0x0000000000025945                uip_icmp6_input
                0x000000000002599c                uip_icmp6_register_input_handler
                0x0000000000025aef                uip_icmp6_error_output
                0x0000000000025da0                uip_icmp6_send
                0x0000000000025f97                uip_icmp6_echo_reply_callback_add
                0x0000000000025fc9                uip_icmp6_echo_reply_callback_rm
                0x0000000000025fe6                uip_icmp6_init
 .text          0x000000000002600f      0x69b build/cooja/mtype269.a(uip-sr.o)
                0x000000000002600f                uip_sr_num_nodes
                0x000000000002609d                uip_sr_get_node
                0x00000000000260f4                uip_sr_is_addr_reachable
                0x00000000000261a2                uip_sr_expire_parent
                0x00000000000261eb                uip_sr_update_node
                0x000000000002631b                uip_sr_init
                0x000000000002634f                uip_sr_node_head
                0x0000000000026368                uip_sr_node_next
                0x000000000002637e                uip_sr_periodic
                0x0000000000026484                uip_sr_free_all
                0x00000000000264f4                uip_sr_link_snprint
 .text          0x00000000000266aa      0x146 build/cooja/mtype269.a(uip-packetqueue)
                0x00000000000266d8                uip_packetqueue_new
                0x00000000000266e7                uip_packetqueue_alloc
                0x0000000000026742                uip_packetqueue_free
                0x0000000000026789                uip_packetqueue_buf
                0x00000000000267a6                uip_packetqueue_buflen
                0x00000000000267c7                uip_packetqueue_set_buflen
 .text          0x00000000000267f0      0x1b0 build/cooja/mtype269.a(rpl-nbr-policy.)
                0x000000000002695d                rpl_nbr_policy_find_removable
 .text          0x00000000000269a0      0x915 build/cooja/mtype269.a(rpl-neighbor.o)
                0x0000000000026a1c                rpl_neighbor_snprint
                0x0000000000026ccf                rpl_neighbor_print_list
                0x0000000000026d84                rpl_neighbor_count
                0x0000000000026e2b                rpl_neighbor_get_from_lladdr
                0x0000000000026e47                rpl_neighbor_is_acceptable_parent
                0x0000000000026e7b                rpl_neighbor_get_link_metric
                0x0000000000026eaf                rpl_neighbor_rank_via_nbr
                0x0000000000026ee3                rpl_neighbor_get_lladdr
                0x0000000000026eff                rpl_neighbor_get_ipaddr
                0x0000000000026f26                rpl_neighbor_get_link_stats
                0x0000000000026f4d                rpl_neighbor_is_fresh
                0x0000000000026f74                rpl_neighbor_is_reachable
                0x0000000000026fbf                rpl_neighbor_is_parent
                0x0000000000026fe9                rpl_neighbor_set_preferred_parent
                0x0000000000027080                rpl_neighbor_remove_all
                0x00000000000270dc                rpl_neighbor_get_from_ipaddr
                0x00000000000271ea                rpl_neighbor_select_best
                0x0000000000027296                rpl_neighbor_init
 .text          0x00000000000272b5      0xe69 build/cooja/mtype269.a(rpl-dag.o)
                0x00000000000272b5                rpl_dag_state_to_str
                0x00000000000272f4                rpl_dag_get_root_ipaddr
                0x000000000002733c                rpl_dag_leave
                0x00000000000273c5                rpl_dag_poison_and_leave
                0x00000000000273dd                rpl_dag_periodic
                0x0000000000027465                rpl_is_addr_in_our_dag
                0x00000000000274a9                rpl_get_default_instance
                0x00000000000274c5                rpl_get_any_dag
                0x000000000002751e                rpl_refresh_routes
                0x000000000002755e                rpl_global_repair
                0x00000000000275f7                rpl_local_repair
                0x0000000000027641                rpl_dag_ready_to_advertise
                0x0000000000027684                rpl_dag_update_state
                0x0000000000027db1                rpl_process_dio
                0x0000000000027e2f                rpl_process_dis
                0x0000000000027e74                rpl_process_dao
                0x0000000000027f03                rpl_process_dao_ack
                0x0000000000027f9a                rpl_process_hbh
                0x0000000000027fea                rpl_dag_init_root
                0x00000000000280fe                rpl_dag_init
 .text          0x000000000002811e      0x9e7 build/cooja/mtype269.a(rpl-timers.o)
                0x000000000002811e                rpl_timers_schedule_periodic_dis
                0x000000000002826c                rpl_timers_dio_reset
                0x000000000002837a                rpl_timers_schedule_unicast_dio
                0x00000000000284ce                rpl_timers_schedule_dao
                0x000000000002858d                rpl_timers_schedule_dao_ack
                0x0000000000028613                rpl_timers_notify_dao_ack
                0x0000000000028671                get_probing_delay
                0x00000000000286a5                get_probing_target
                0x000000000002888f                rpl_schedule_probing
                0x00000000000288bd                rpl_schedule_probing_now
                0x0000000000028927                rpl_timers_unschedule_leaving
                0x000000000002895f                rpl_timers_schedule_leaving
                0x00000000000289a0                rpl_timers_init
                0x0000000000028a30                rpl_timers_stop_dag_timers
                0x0000000000028aa9                rpl_timers_unschedule_state_update
                0x0000000000028acd                rpl_timers_schedule_state_update
 .text          0x0000000000028b05      0xb8e build/cooja/mtype269.a(rpl-ext-header.)
                0x0000000000028b05                rpl_ext_header_srh_get_next_hop
                0x0000000000028bec                rpl_ext_header_srh_update
                0x0000000000029158                rpl_ext_header_hbh_update
                0x0000000000029458                rpl_ext_header_update
                0x00000000000294e1                rpl_ext_header_remove
 .text          0x0000000000029693      0x31b build/cooja/mtype269.a(rpl-mrhof.o)
 *fill*         0x00000000000299ae        0x2 
 .text          0x00000000000299b0      0x122 /usr/lib/gcc/i686-linux-gnu/5/libgcc.a(_udivdi3.o)
                0x00000000000299b0                __udivdi3
 .text          0x0000000000029ad2        0x0 /usr/lib/gcc/i686-linux-gnu/5/crtendS.o
 .text          0x0000000000029ad2        0x0 /usr/lib/gcc/i686-linux-gnu/5/../../../i386-linux-gnu/crtn.o
 *(.gnu.warning)

.fini           0x0000000000029ad4       0x14
 *(SORT(.fini))
 .fini          0x0000000000029ad4        0xf /usr/lib/gcc/i686-linux-gnu/5/../../../i386-linux-gnu/crti.o
                0x0000000000029ad4                _fini
 .fini          0x0000000000029ae3        0x5 /usr/lib/gcc/i686-linux-gnu/5/../../../i386-linux-gnu/crtn.o
                [!provide]                        PROVIDE (__etext, .)
                [!provide]                        PROVIDE (_etext, .)
                [!provide]                        PROVIDE (etext, .)

.rodata         0x0000000000029b00      0xb6b
 *(.rodata .rodata.* .gnu.linkonce.r.*)
 .rodata        0x0000000000029b00      0x173 ripening_notifier_server.o
                0x0000000000029b20                autostart_processes
 *fill*         0x0000000000029c73        0x1 
 .rodata        0x0000000000029c74        0x8 build/cooja/mtype269.a(beep.o)
                0x0000000000029c74                beep_interface
 .rodata        0x0000000000029c7c        0xe build/cooja/mtype269.a(leds-arch.o)
                0x0000000000029c7c                leds_interface
                0x0000000000029c84                leds_arch_leds
 *fill*         0x0000000000029c8a        0x2 
 .rodata        0x0000000000029c8c        0x8 build/cooja/mtype269.a(moteid.o)
                0x0000000000029c8c                moteid_interface
 .rodata        0x0000000000029c94       0x1c build/cooja/mtype269.a(pir-sensor.o)
                0x0000000000029c94                pir_interface
                0x0000000000029ca0                pir_sensor
 .rodata        0x0000000000029cb0        0xe build/cooja/mtype269.a(rs232.o)
                0x0000000000029cb0                rs232_interface
 *fill*         0x0000000000029cbe        0x2 
 .rodata        0x0000000000029cc0       0x24 build/cooja/mtype269.a(vib-sensor.o)
                0x0000000000029cc0                vib_interface
                0x0000000000029cd4                vib_sensor
 .rodata        0x0000000000029ce4        0x8 build/cooja/mtype269.a(clock.o)
                0x0000000000029ce4                clock_interface
 .rodata        0x0000000000029cec        0x8 build/cooja/mtype269.a(cooja-log.o)
                0x0000000000029cec                simlog_interface
 .rodata        0x0000000000029cf4       0x2f build/cooja/mtype269.a(cfs-cooja.o)
                0x0000000000029cf4                cfs_interface
 *fill*         0x0000000000029d23       0x1d 
 .rodata        0x0000000000029d40       0xb8 build/cooja/mtype269.a(cooja-radio.o)
                0x0000000000029d40                radio_interface
                0x0000000000029dc0                cooja_radio_driver
 .rodata        0x0000000000029df8        0x8 build/cooja/mtype269.a(eeprom.o)
                0x0000000000029df8                eeprom_interface
 .rodata        0x0000000000029e00        0x8 build/cooja/mtype269.a(sensors.o)
 .rodata        0x0000000000029e08       0x2c build/cooja/mtype269.a(buttons.o)
                0x0000000000029e08                button_interface
                0x0000000000029e1c                button_hal_button_count
                0x0000000000029e24                button_sensor
 .rodata        0x0000000000029e34       0x74 build/cooja/mtype269.a(ripening_notifi)
 .rodata        0x0000000000029ea8       0x41 build/cooja/mtype269.a(coap-engine.o)
 .rodata        0x0000000000029ee9       0x19 build/cooja/mtype269.a(coap-res-well-k)
 .rodata        0x0000000000029f02       0x11 build/cooja/mtype269.a(coap-observe.o)
 .rodata        0x0000000000029f13       0x35 build/cooja/mtype269.a(coap-uip.o)
 .rodata        0x0000000000029f48      0x1ac build/cooja/mtype269.a(coap.o)
 .rodata        0x000000000002a0f4       0xf8 build/cooja/mtype269.a(contiki-main.o)
 .rodata        0x000000000002a1ec        0xf build/cooja/mtype269.a(ctimer.o)
 *fill*         0x000000000002a1fb        0x1 
 .rodata        0x000000000002a1fc       0xc4 build/cooja/mtype269.a(log.o)
 .rodata        0x000000000002a2c0        0xc build/cooja/mtype269.a(etimer.o)
 .rodata        0x000000000002a2cc       0x13 build/cooja/mtype269.a(button-hal.o)
 .rodata        0x000000000002a2df        0xe build/cooja/mtype269.a(serial-line.o)
 *fill*         0x000000000002a2ed        0x3 
 .rodata        0x000000000002a2f0        0x8 build/cooja/mtype269.a(linkaddr.o)
                0x000000000002a2f0                linkaddr_null
 .rodata        0x000000000002a2f8       0x24 build/cooja/mtype269.a(csma.o)
                0x000000000002a300                csma_driver
 .rodata        0x000000000002a31c       0x2a build/cooja/mtype269.a(csma-output.o)
 *fill*         0x000000000002a346        0x2 
 .rodata        0x000000000002a348       0x4d build/cooja/mtype269.a(uip-ds6-route.o)
 .rodata        0x000000000002a395        0xd build/cooja/mtype269.a(tcpip.o)
 *fill*         0x000000000002a3a2        0x2 
 .rodata        0x000000000002a3a4       0x30 build/cooja/mtype269.a(sicslowpan.o)
                0x000000000002a3a4                unc_llconf
                0x000000000002a3a8                unc_ctxconf
                0x000000000002a3ac                unc_mxconf
                0x000000000002a3b0                llprefix
                0x000000000002a3c4                sicslowpan_driver
 .rodata        0x000000000002a3d4       0x2d build/cooja/mtype269.a(uiplib.o)
 *fill*         0x000000000002a401       0x1f 
 .rodata        0x000000000002a420       0x74 build/cooja/mtype269.a(rpl.o)
                0x000000000002a440                rpl_lite_driver
 .rodata        0x000000000002a494       0x20 build/cooja/mtype269.a(coap-timer-defa)
                0x000000000002a4a8                coap_timer_default_driver
 .rodata        0x000000000002a4b4       0x25 build/cooja/mtype269.a(assert.o)
 *fill*         0x000000000002a4d9        0x3 
 .rodata        0x000000000002a4dc        0xc build/cooja/mtype269.a(framer-802154.o)
                0x000000000002a4dc                framer_802154
 .rodata        0x000000000002a4e8       0x44 build/cooja/mtype269.a(uip-sr.o)
 .rodata        0x000000000002a52c       0x58 build/cooja/mtype269.a(rpl-neighbor.o)
 .rodata        0x000000000002a584       0xdb build/cooja/mtype269.a(rpl-dag.o)
 .rodata        0x000000000002a65f        0xc build/cooja/mtype269.a(rpl-timers.o)

.rodata1
 *(.rodata1)

.eh_frame_hdr   0x000000000002a66c     0x19d4
 *(.eh_frame_hdr)
 .eh_frame_hdr  0x000000000002a66c     0x19d4 ripening_notifier_server.o
                0x000000000002a66c                __GNU_EH_FRAME_HDR
 *(.eh_frame_entry .eh_frame_entry.*)

.eh_frame       0x000000000002c040     0x68c8
 *(.eh_frame)
 .eh_frame      0x000000000002c040       0x3c /usr/lib/gcc/i686-linux-gnu/5/../../../i386-linux-gnu/crti.o
                                         0x40 (size before relaxing)
 .eh_frame      0x000000000002c07c       0x60 ripening_notifier_server.o
                                         0x78 (size before relaxing)
 .eh_frame      0x000000000002c0dc      0x178 build/cooja/mtype269.o
                                        0x190 (size before relaxing)
 .eh_frame      0x000000000002c254       0x40 build/cooja/mtype269.a(simEnvChange.o)
                                         0x58 (size before relaxing)
 .eh_frame      0x000000000002c294       0x60 build/cooja/mtype269.a(cooja_mt.o)
                                         0x78 (size before relaxing)
 .eh_frame      0x000000000002c2f4       0x80 build/cooja/mtype269.a(cooja_mtarch.o)
                                         0x98 (size before relaxing)
 .eh_frame      0x000000000002c374       0xc8 build/cooja/mtype269.a(rtimer-arch.o)
                                         0xe0 (size before relaxing)
 .eh_frame      0x000000000002c43c      0x160 build/cooja/mtype269.a(beep.o)
                                        0x178 (size before relaxing)
 .eh_frame      0x000000000002c59c       0x80 build/cooja/mtype269.a(leds-arch.o)
                                         0x98 (size before relaxing)
 .eh_frame      0x000000000002c61c       0x40 build/cooja/mtype269.a(moteid.o)
                                         0x58 (size before relaxing)
 .eh_frame      0x000000000002c65c       0xa0 build/cooja/mtype269.a(pir-sensor.o)
                                         0xb8 (size before relaxing)
 .eh_frame      0x000000000002c6fc      0x100 build/cooja/mtype269.a(rs232.o)
                                        0x118 (size before relaxing)
 .eh_frame      0x000000000002c7fc       0xa0 build/cooja/mtype269.a(vib-sensor.o)
                                         0xb8 (size before relaxing)
 .eh_frame      0x000000000002c89c       0xc0 build/cooja/mtype269.a(clock.o)
                                         0xd8 (size before relaxing)
 .eh_frame      0x000000000002c95c      0x120 build/cooja/mtype269.a(cooja-log.o)
                                        0x138 (size before relaxing)
 .eh_frame      0x000000000002ca7c      0x160 build/cooja/mtype269.a(cfs-cooja.o)
                                        0x178 (size before relaxing)
 .eh_frame      0x000000000002cbdc      0x340 build/cooja/mtype269.a(cooja-radio.o)
                                        0x358 (size before relaxing)
 .eh_frame      0x000000000002cf1c       0xa0 build/cooja/mtype269.a(eeprom.o)
                                         0xb8 (size before relaxing)
 .eh_frame      0x000000000002cfbc       0x40 build/cooja/mtype269.a(random.o)
                                         0x58 (size before relaxing)
 .eh_frame      0x000000000002cffc       0xc0 build/cooja/mtype269.a(sensors.o)
                                         0xd8 (size before relaxing)
 .eh_frame      0x000000000002d0bc      0x120 build/cooja/mtype269.a(leds.o)
                                        0x138 (size before relaxing)
 .eh_frame      0x000000000002d1dc      0x220 build/cooja/mtype269.a(gpio-hal-arch.o)
                                        0x238 (size before relaxing)
 .eh_frame      0x000000000002d3fc       0xa0 build/cooja/mtype269.a(buttons.o)
                                         0xb8 (size before relaxing)
 .eh_frame      0x000000000002d49c       0x20 build/cooja/mtype269.a(ripening_notifi)
                                         0x38 (size before relaxing)
 .eh_frame      0x000000000002d4bc       0x44 build/cooja/mtype269.a(coap-blocking-a)
                                         0x5c (size before relaxing)
 .eh_frame      0x000000000002d500      0x220 build/cooja/mtype269.a(coap-engine.o)
                                        0x238 (size before relaxing)
 .eh_frame      0x000000000002d720       0x24 build/cooja/mtype269.a(coap-res-well-k)
                                         0x3c (size before relaxing)
 .eh_frame      0x000000000002d744      0x188 build/cooja/mtype269.a(coap-observe.o)
                                        0x1a0 (size before relaxing)
 .eh_frame      0x000000000002d8cc      0x250 build/cooja/mtype269.a(coap-uip.o)
                                        0x268 (size before relaxing)
 .eh_frame      0x000000000002db1c      0x114 build/cooja/mtype269.a(coap-timer.o)
                                        0x12c (size before relaxing)
 .eh_frame      0x000000000002dc30      0x100 build/cooja/mtype269.a(coap-transactio)
                                        0x118 (size before relaxing)
 .eh_frame      0x000000000002dd30      0x6ec build/cooja/mtype269.a(coap.o)
                                        0x704 (size before relaxing)
 .eh_frame      0x000000000002e41c       0x30 build/cooja/mtype269.a(contiki-main.o)
                                         0x48 (size before relaxing)
 .eh_frame      0x000000000002e44c       0x40 build/cooja/mtype269.a(autostart.o)
                                         0x58 (size before relaxing)
 .eh_frame      0x000000000002e48c      0x100 build/cooja/mtype269.a(ctimer.o)
                                        0x118 (size before relaxing)
 .eh_frame      0x000000000002e58c      0x100 build/cooja/mtype269.a(log.o)
                                        0x118 (size before relaxing)
 .eh_frame      0x000000000002e68c       0x60 build/cooja/mtype269.a(energest.o)
                                         0x78 (size before relaxing)
 .eh_frame      0x000000000002e6ec      0x1e0 build/cooja/mtype269.a(etimer.o)
                                        0x1f8 (size before relaxing)
 .eh_frame      0x000000000002e8cc       0x20 build/cooja/mtype269.a(node-id.o)
                                         0x38 (size before relaxing)
 .eh_frame      0x000000000002e8ec       0x60 build/cooja/mtype269.a(rtimer.o)
                                         0x78 (size before relaxing)
 .eh_frame      0x000000000002e94c      0x1c4 build/cooja/mtype269.a(process.o)
                                        0x1dc (size before relaxing)
 .eh_frame      0x000000000002eb10       0xa4 build/cooja/mtype269.a(timer.o)
                                         0xbc (size before relaxing)
 .eh_frame      0x000000000002ebb4      0x1a0 build/cooja/mtype269.a(list.o)
                                        0x1b8 (size before relaxing)
 .eh_frame      0x000000000002ed54       0xa0 build/cooja/mtype269.a(memb.o)
                                         0xb8 (size before relaxing)
 .eh_frame      0x000000000002edf4      0x144 build/cooja/mtype269.a(button-hal.o)
                                        0x15c (size before relaxing)
 .eh_frame      0x000000000002ef38       0x60 build/cooja/mtype269.a(serial-line.o)
                                         0x78 (size before relaxing)
 .eh_frame      0x000000000002ef98       0xe0 build/cooja/mtype269.a(gpio-hal.o)
                                         0xf8 (size before relaxing)
 .eh_frame      0x000000000002f078      0x1a0 build/cooja/mtype269.a(queuebuf.o)
                                        0x1b8 (size before relaxing)
 .eh_frame      0x000000000002f218      0x28c build/cooja/mtype269.a(packetbuf.o)
                                        0x2a4 (size before relaxing)
 .eh_frame      0x000000000002f4a4       0x80 build/cooja/mtype269.a(netstack.o)
                                         0x98 (size before relaxing)
 .eh_frame      0x000000000002f524       0x60 build/cooja/mtype269.a(linkaddr.o)
                                         0x78 (size before relaxing)
 .eh_frame      0x000000000002f584       0xe0 build/cooja/mtype269.a(csma.o)
                                         0xf8 (size before relaxing)
 .eh_frame      0x000000000002f664      0x1d0 build/cooja/mtype269.a(csma-output.o)
                                        0x1e8 (size before relaxing)
 .eh_frame      0x000000000002f834      0x328 build/cooja/mtype269.a(uip-ds6.o)
                                        0x340 (size before relaxing)
 .eh_frame      0x000000000002fb5c       0x40 build/cooja/mtype269.a(uip-udp-packet.)
                                         0x58 (size before relaxing)
 .eh_frame      0x000000000002fb9c      0x220 build/cooja/mtype269.a(uip-ds6-route.o)
                                        0x238 (size before relaxing)
 .eh_frame      0x000000000002fdbc      0x244 build/cooja/mtype269.a(tcpip.o)
                                        0x25c (size before relaxing)
 .eh_frame      0x0000000000030000      0x1e8 build/cooja/mtype269.a(uip6.o)
                                        0x200 (size before relaxing)
 .eh_frame      0x00000000000301e8      0x1c0 build/cooja/mtype269.a(uip-ds6-nbr.o)
                                        0x1d8 (size before relaxing)
 .eh_frame      0x00000000000303a8       0x84 build/cooja/mtype269.a(uip-nd6.o)
                                         0x9c (size before relaxing)
 .eh_frame      0x000000000003042c      0x2f8 build/cooja/mtype269.a(sicslowpan.o)
                                        0x310 (size before relaxing)
 .eh_frame      0x0000000000030724       0x88 build/cooja/mtype269.a(uiplib.o)
                                         0xa0 (size before relaxing)
 .eh_frame      0x00000000000307ac      0x1e0 build/cooja/mtype269.a(rpl.o)
                                        0x1f8 (size before relaxing)
 .eh_frame      0x000000000003098c      0x1c4 build/cooja/mtype269.a(rpl-icmp6.o)
                                        0x1dc (size before relaxing)
 .eh_frame      0x0000000000030b50       0xa0 build/cooja/mtype269.a(rpl-dag-root.o)
                                         0xb8 (size before relaxing)
 .eh_frame      0x0000000000030bf0       0xa0 build/cooja/mtype269.a(watchdog.o)
                                         0xb8 (size before relaxing)
 .eh_frame      0x0000000000030c90       0x80 build/cooja/mtype269.a(int-master.o)
                                         0x98 (size before relaxing)
 .eh_frame      0x0000000000030d10       0xa4 build/cooja/mtype269.a(coap-timer-defa)
                                         0xbc (size before relaxing)
 .eh_frame      0x0000000000030db4       0xc4 build/cooja/mtype269.a(stimer.o)
                                         0xdc (size before relaxing)
 .eh_frame      0x0000000000030e78       0xa0 build/cooja/mtype269.a(ringbuf.o)
                                         0xb8 (size before relaxing)
 .eh_frame      0x0000000000030f18       0x20 build/cooja/mtype269.a(assert.o)
                                         0x38 (size before relaxing)
 .eh_frame      0x0000000000030f38      0x2ac build/cooja/mtype269.a(nbr-table.o)
                                        0x2c4 (size before relaxing)
 .eh_frame      0x00000000000311e4      0x120 build/cooja/mtype269.a(link-stats.o)
                                        0x138 (size before relaxing)
 .eh_frame      0x0000000000031304       0x48 build/cooja/mtype269.a(mac-sequence.o)
                                         0x60 (size before relaxing)
 .eh_frame      0x000000000003134c       0x20 build/cooja/mtype269.a(mac.o)
                                         0x38 (size before relaxing)
 .eh_frame      0x000000000003136c       0xa4 build/cooja/mtype269.a(framer-802154.o)
                                         0xbc (size before relaxing)
 .eh_frame      0x0000000000031410      0x1a4 build/cooja/mtype269.a(frame802154.o)
                                        0x1bc (size before relaxing)
 .eh_frame      0x00000000000315b4       0x40 build/cooja/mtype269.a(csma-security.o)
                                         0x58 (size before relaxing)
 .eh_frame      0x00000000000315f4      0x200 build/cooja/mtype269.a(uipbuf.o)
                                        0x218 (size before relaxing)
 .eh_frame      0x00000000000317f4      0x150 build/cooja/mtype269.a(uip-icmp6.o)
                                        0x168 (size before relaxing)
 .eh_frame      0x0000000000031944      0x184 build/cooja/mtype269.a(uip-sr.o)
                                        0x19c (size before relaxing)
 .eh_frame      0x0000000000031ac8       0xe0 build/cooja/mtype269.a(uip-packetqueue)
                                         0xf8 (size before relaxing)
 .eh_frame      0x0000000000031ba8       0x80 build/cooja/mtype269.a(rpl-nbr-policy.)
                                         0x98 (size before relaxing)
 .eh_frame      0x0000000000031c28      0x2d4 build/cooja/mtype269.a(rpl-neighbor.o)
                                        0x2ec (size before relaxing)
 .eh_frame      0x0000000000031efc      0x370 build/cooja/mtype269.a(rpl-dag.o)
                                        0x388 (size before relaxing)
 .eh_frame      0x000000000003226c      0x3a8 build/cooja/mtype269.a(rpl-timers.o)
                                        0x3c0 (size before relaxing)
 .eh_frame      0x0000000000032614      0x124 build/cooja/mtype269.a(rpl-ext-header.)
                                        0x13c (size before relaxing)
 .eh_frame      0x0000000000032738      0x148 build/cooja/mtype269.a(rpl-mrhof.o)
                                        0x160 (size before relaxing)
 .eh_frame      0x0000000000032880       0x84 /usr/lib/gcc/i686-linux-gnu/5/libgcc.a(_udivdi3.o)
                                         0x9c (size before relaxing)
 .eh_frame      0x0000000000032904        0x4 /usr/lib/gcc/i686-linux-gnu/5/crtendS.o
 *(.eh_frame.*)

.gcc_except_table
 *(.gcc_except_table .gcc_except_table.*)

.gnu_extab
 *(.gnu_extab*)

.exception_ranges
 *(.exception_ranges .exception_ranges*)
                0x0000000000033f10                . = DATA_SEGMENT_ALIGN (0x1000, 0x1000)

.eh_frame
 *(.eh_frame)
 *(.eh_frame.*)

.gnu_extab
 *(.gnu_extab)

.gcc_except_table
 *(.gcc_except_table .gcc_except_table.*)

.exception_ranges
 *(.exception_ranges .exception_ranges*)

.tdata
 *(.tdata .tdata.* .gnu.linkonce.td.*)

.tbss
 *(.tbss .tbss.* .gnu.linkonce.tb.*)
 *(.tcommon)

.preinit_array
 *(.preinit_array)

.init_array     0x0000000000033f10        0x4
 *(SORT(.init_array.*) SORT(.ctors.*))
 *(.init_array EXCLUDE_FILE(*crtend?.o *crtend.o *crtbegin?.o *crtbegin.o) .ctors)
 .init_array    0x0000000000033f10        0x4 /usr/lib/gcc/i686-linux-gnu/5/crtbeginS.o

.fini_array     0x0000000000033f14        0x4
 *(SORT(.fini_array.*) SORT(.dtors.*))
 *(.fini_array EXCLUDE_FILE(*crtend?.o *crtend.o *crtbegin?.o *crtbegin.o) .dtors)
 .fini_array    0x0000000000033f14        0x4 /usr/lib/gcc/i686-linux-gnu/5/crtbeginS.o

.ctors
 *crtbegin.o(.ctors)
 *crtbegin?.o(.ctors)
 *(EXCLUDE_FILE(*crtend?.o *crtend.o) .ctors)
 *(SORT(.ctors.*))
 *(.ctors)

.dtors
 *crtbegin.o(.dtors)
 *crtbegin?.o(.dtors)
 *(EXCLUDE_FILE(*crtend?.o *crtend.o) .dtors)
 *(SORT(.dtors.*))
 *(.dtors)

.jcr            0x0000000000033f18        0x4
 *(.jcr)
 .jcr           0x0000000000033f18        0x0 /usr/lib/gcc/i686-linux-gnu/5/crtbeginS.o
 .jcr           0x0000000000033f18        0x4 /usr/lib/gcc/i686-linux-gnu/5/crtendS.o

.data.rel.ro
 *(.data.rel.ro.local* .gnu.linkonce.d.rel.ro.local.*)
 *(.data.rel.ro .data.rel.ro.* .gnu.linkonce.d.rel.ro.*)

.dynamic        0x0000000000033f1c       0xd0
 *(.dynamic)
 .dynamic       0x0000000000033f1c       0xd0 /usr/lib/gcc/i686-linux-gnu/5/../../../i386-linux-gnu/crti.o
                0x0000000000033f1c                _DYNAMIC

.got            0x0000000000033fec       0x14
 *(.got)
 .got           0x0000000000033fec       0x14 /usr/lib/gcc/i686-linux-gnu/5/../../../i386-linux-gnu/crti.o
 *(.igot)
                0x0000000000034ff4                . = DATA_SEGMENT_RELRO_END (., (SIZEOF (.got.plt) >= 0xc)?0xc:0x0)

.got.plt        0x0000000000034000        0xc
 *(.got.plt)
 .got.plt       0x0000000000034000        0xc /usr/lib/gcc/i686-linux-gnu/5/../../../i386-linux-gnu/crti.o
                0x0000000000034000                _GLOBAL_OFFSET_TABLE_
 *(.igot.plt)

.data           0x0000000000034020      0x444
 *(.data .data.* .gnu.linkonce.d.*)
 .data          0x0000000000034020        0x0 /usr/lib/gcc/i686-linux-gnu/5/../../../i386-linux-gnu/crti.o
 .data          0x0000000000034020        0x0 /usr/lib/gcc/i686-linux-gnu/5/crtbeginS.o
 .data.rel.local
                0x0000000000034020        0x4 /usr/lib/gcc/i686-linux-gnu/5/crtbeginS.o
                0x0000000000034020                __dso_handle
 .data          0x0000000000034024       0x14 ripening_notifier_server.o
                0x0000000000034024                ripening_notifier_server
                0x0000000000034034                service_url
 *fill*         0x0000000000034038        0x8 
 .data          0x0000000000034040       0x44 build/cooja/mtype269.o
                0x0000000000034040                simInterfaces
                0x0000000000034074                sensors
 .data          0x0000000000034084        0x0 build/cooja/mtype269.a(simEnvChange.o)
 .data          0x0000000000034084        0x0 build/cooja/mtype269.a(cooja_mt.o)
 .data          0x0000000000034084        0x0 build/cooja/mtype269.a(cooja_mtarch.o)
 .data          0x0000000000034084        0x0 build/cooja/mtype269.a(rtimer-arch.o)
 .data          0x0000000000034084        0x0 build/cooja/mtype269.a(beep.o)
 .data          0x0000000000034084        0x0 build/cooja/mtype269.a(leds-arch.o)
 .data          0x0000000000034084        0x0 build/cooja/mtype269.a(moteid.o)
 .data          0x0000000000034084        0x0 build/cooja/mtype269.a(pir-sensor.o)
 .data          0x0000000000034084        0x0 build/cooja/mtype269.a(rs232.o)
 .data          0x0000000000034084        0x0 build/cooja/mtype269.a(vib-sensor.o)
 .data          0x0000000000034084        0x0 build/cooja/mtype269.a(clock.o)
 .data          0x0000000000034084        0x0 build/cooja/mtype269.a(cooja-log.o)
 .data          0x0000000000034084        0x0 build/cooja/mtype269.a(cfs-cooja.o)
 .data          0x0000000000034084       0x2c build/cooja/mtype269.a(cooja-radio.o)
                0x0000000000034084                simRadioHWOn
                0x0000000000034088                simSignalStrength
                0x000000000003408c                simLastSignalStrength
                0x0000000000034090                simPower
                0x0000000000034094                simRadioChannel
                0x0000000000034098                simLQI
                0x00000000000340a0                cooja_radio_process
 .data          0x00000000000340b0        0x0 build/cooja/mtype269.a(eeprom.o)
 .data          0x00000000000340b0        0x0 build/cooja/mtype269.a(random.o)
 .data          0x00000000000340b0       0x10 build/cooja/mtype269.a(sensors.o)
                0x00000000000340b0                sensors_process
 .data          0x00000000000340c0        0x0 build/cooja/mtype269.a(leds.o)
 .data          0x00000000000340c0        0x0 build/cooja/mtype269.a(gpio-hal-arch.o)
 .data          0x00000000000340c0       0x78 build/cooja/mtype269.a(buttons.o)
                0x00000000000340c0                simButtonIsActive
                0x0000000000034130                button_hal_buttons
 *fill*         0x0000000000034138        0x8 
 .data          0x0000000000034140       0x24 build/cooja/mtype269.a(ripening_notifi)
                0x0000000000034140                ripening_notifier
 .data          0x0000000000034164        0x0 build/cooja/mtype269.a(coap-blocking-a)
 .data          0x0000000000034164        0x8 build/cooja/mtype269.a(coap-engine.o)
 *fill*         0x000000000003416c       0x14 
 .data          0x0000000000034180       0x24 build/cooja/mtype269.a(coap-res-well-k)
                0x0000000000034180                res_well_known_core
 .data          0x00000000000341a4       0x10 build/cooja/mtype269.a(coap-observe.o)
 .data          0x00000000000341b4       0x10 build/cooja/mtype269.a(coap-uip.o)
                0x00000000000341b4                coap_engine
 .data          0x00000000000341c4        0x4 build/cooja/mtype269.a(coap-timer.o)
 .data          0x00000000000341c8       0x10 build/cooja/mtype269.a(coap-transactio)
 .data          0x00000000000341d8        0x4 build/cooja/mtype269.a(coap.o)
                0x00000000000341d8                coap_error_message
 .data          0x00000000000341dc        0x0 build/cooja/mtype269.a(contiki-main.o)
 .data          0x00000000000341dc        0x0 build/cooja/mtype269.a(autostart.o)
 .data          0x00000000000341dc       0x14 build/cooja/mtype269.a(ctimer.o)
                0x00000000000341e0                ctimer_process
 *fill*         0x00000000000341f0       0x10 
 .data          0x0000000000034200       0xbc build/cooja/mtype269.a(log.o)
                0x0000000000034200                curr_log_level_main
                0x0000000000034220                all_modules
 .data          0x00000000000342bc        0x0 build/cooja/mtype269.a(energest.o)
 .data          0x00000000000342bc       0x10 build/cooja/mtype269.a(etimer.o)
                0x00000000000342bc                etimer_process
 .data          0x00000000000342cc        0x0 build/cooja/mtype269.a(node-id.o)
 .data          0x00000000000342cc        0x0 build/cooja/mtype269.a(rtimer.o)
 .data          0x00000000000342cc        0x0 build/cooja/mtype269.a(process.o)
 .data          0x00000000000342cc        0x0 build/cooja/mtype269.a(timer.o)
 .data          0x00000000000342cc        0x0 build/cooja/mtype269.a(list.o)
 .data          0x00000000000342cc        0x0 build/cooja/mtype269.a(memb.o)
 .data          0x00000000000342cc       0x10 build/cooja/mtype269.a(button-hal.o)
                0x00000000000342cc                button_hal_process
 .data          0x00000000000342dc       0x10 build/cooja/mtype269.a(serial-line.o)
                0x00000000000342dc                serial_line_process
 .data          0x00000000000342ec        0x4 build/cooja/mtype269.a(gpio-hal.o)
 .data          0x00000000000342f0       0x18 build/cooja/mtype269.a(queuebuf.o)
 .data          0x0000000000034308        0x4 build/cooja/mtype269.a(packetbuf.o)
 .data          0x000000000003430c        0x4 build/cooja/mtype269.a(netstack.o)
 .data          0x0000000000034310        0x0 build/cooja/mtype269.a(linkaddr.o)
 .data          0x0000000000034310        0x0 build/cooja/mtype269.a(csma.o)
 .data          0x0000000000034310       0x28 build/cooja/mtype269.a(csma-output.o)
 .data          0x0000000000034338        0x0 build/cooja/mtype269.a(uip-ds6.o)
 .data          0x0000000000034338        0x0 build/cooja/mtype269.a(uip-udp-packet.)
 .data          0x0000000000034338       0x10 build/cooja/mtype269.a(uip-ds6-route.o)
 .data          0x0000000000034348       0x10 build/cooja/mtype269.a(tcpip.o)
                0x0000000000034348                tcpip_process
 .data          0x0000000000034358        0x0 build/cooja/mtype269.a(uip6.o)
 .data          0x0000000000034358       0x14 build/cooja/mtype269.a(uip-ds6-nbr.o)
 .data          0x000000000003436c        0xc build/cooja/mtype269.a(uip-nd6.o)
 .data          0x0000000000034378        0x0 build/cooja/mtype269.a(sicslowpan.o)
 .data          0x0000000000034378        0x0 build/cooja/mtype269.a(uiplib.o)
 .data          0x0000000000034378        0x0 build/cooja/mtype269.a(rpl.o)
 .data          0x0000000000034378       0x30 build/cooja/mtype269.a(rpl-icmp6.o)
 .data          0x00000000000343a8        0x0 build/cooja/mtype269.a(rpl-dag-root.o)
 .data          0x00000000000343a8        0x0 build/cooja/mtype269.a(watchdog.o)
 .data          0x00000000000343a8        0x0 build/cooja/mtype269.a(int-master.o)
 .data          0x00000000000343a8       0x10 build/cooja/mtype269.a(coap-timer-defa)
                0x00000000000343a8                coap_timer_process
 .data          0x00000000000343b8        0x0 build/cooja/mtype269.a(stimer.o)
 .data          0x00000000000343b8        0x0 build/cooja/mtype269.a(ringbuf.o)
 .data          0x00000000000343b8        0x0 build/cooja/mtype269.a(assert.o)
 .data          0x00000000000343b8       0x10 build/cooja/mtype269.a(nbr-table.o)
 .data          0x00000000000343c8       0x14 build/cooja/mtype269.a(link-stats.o)
 .data          0x00000000000343dc        0x0 build/cooja/mtype269.a(mac-sequence.o)
 .data          0x00000000000343dc        0x0 build/cooja/mtype269.a(mac.o)
 .data          0x00000000000343dc        0x0 build/cooja/mtype269.a(framer-802154.o)
 .data          0x00000000000343dc        0x2 build/cooja/mtype269.a(frame802154.o)
 .data          0x00000000000343de        0x0 build/cooja/mtype269.a(csma-security.o)
 .data          0x00000000000343de        0x0 build/cooja/mtype269.a(uipbuf.o)
 *fill*         0x00000000000343de        0x2 
 .data          0x00000000000343e0       0x20 build/cooja/mtype269.a(uip-icmp6.o)
 .data          0x0000000000034400       0x10 build/cooja/mtype269.a(uip-sr.o)
 .data          0x0000000000034410        0xc build/cooja/mtype269.a(uip-packetqueue)
 .data          0x000000000003441c        0x0 build/cooja/mtype269.a(rpl-nbr-policy.)
 .data          0x000000000003441c       0x14 build/cooja/mtype269.a(rpl-neighbor.o)
                0x000000000003442c                rpl_neighbors
 .data          0x0000000000034430        0x0 build/cooja/mtype269.a(rpl-dag.o)
 .data          0x0000000000034430        0x0 build/cooja/mtype269.a(rpl-timers.o)
 .data          0x0000000000034430        0x0 build/cooja/mtype269.a(rpl-ext-header.)
 *fill*         0x0000000000034430       0x10 
 .data          0x0000000000034440       0x24 build/cooja/mtype269.a(rpl-mrhof.o)
                0x0000000000034440                rpl_mrhof
 .data          0x0000000000034464        0x0 /usr/lib/gcc/i686-linux-gnu/5/libgcc.a(_udivdi3.o)
 .data          0x0000000000034464        0x0 /usr/lib/gcc/i686-linux-gnu/5/crtendS.o
 .data          0x0000000000034464        0x0 /usr/lib/gcc/i686-linux-gnu/5/../../../i386-linux-gnu/crtn.o

.tm_clone_table
                0x0000000000034464        0x0
 .tm_clone_table
                0x0000000000034464        0x0 /usr/lib/gcc/i686-linux-gnu/5/crtbeginS.o
 .tm_clone_table
                0x0000000000034464        0x0 /usr/lib/gcc/i686-linux-gnu/5/crtendS.o

.data1
 *(.data1)
                0x0000000000034464                _edata = .
                [!provide]                        PROVIDE (edata, .)
                0x0000000000034464                . = .
                0x0000000000034464                __bss_start = .

.bss            0x0000000000034480    0x13f84
 *(.dynbss)
 .dynbss        0x0000000000034480        0x0 /usr/lib/gcc/i686-linux-gnu/5/../../../i386-linux-gnu/crti.o
 *(.bss .bss.* .gnu.linkonce.b.*)
 .bss           0x0000000000034480        0x0 /usr/lib/gcc/i686-linux-gnu/5/../../../i386-linux-gnu/crti.o
 .bss           0x0000000000034480        0x1 /usr/lib/gcc/i686-linux-gnu/5/crtbeginS.o
 *fill*         0x0000000000034481       0x1f 
 .bss           0x00000000000344a0      0x12c ripening_notifier_server.o
 *fill*         0x00000000000345cc       0x14 
 .bss           0x00000000000345e0     0x2030 build/cooja/mtype269.o
 .bss           0x0000000000036610        0x1 build/cooja/mtype269.a(simEnvChange.o)
                0x0000000000036610                simDontFallAsleep
 *fill*         0x0000000000036611        0x3 
 .bss           0x0000000000036614        0x4 build/cooja/mtype269.a(cooja_mt.o)
 .bss           0x0000000000036618        0x4 build/cooja/mtype269.a(cooja_mtarch.o)
 .bss           0x000000000003661c        0x0 build/cooja/mtype269.a(rtimer-arch.o)
 .bss           0x000000000003661c        0x0 build/cooja/mtype269.a(beep.o)
 .bss           0x000000000003661c        0x1 build/cooja/mtype269.a(leds-arch.o)
                0x000000000003661c                simLedsValue
 .bss           0x000000000003661d        0x0 build/cooja/mtype269.a(moteid.o)
 .bss           0x000000000003661d        0x1 build/cooja/mtype269.a(pir-sensor.o)
                0x000000000003661d                simPirValue
 *fill*         0x000000000003661e        0x2 
 .bss           0x0000000000036620        0x4 build/cooja/mtype269.a(rs232.o)
 .bss           0x0000000000036624        0x1 build/cooja/mtype269.a(vib-sensor.o)
                0x0000000000036624                simVibValue
 .bss           0x0000000000036625        0x0 build/cooja/mtype269.a(clock.o)
 *fill*         0x0000000000036625       0x1b 
 .bss           0x0000000000036640     0x2020 build/cooja/mtype269.a(cooja-log.o)
 .bss           0x0000000000038660      0xfc0 build/cooja/mtype269.a(cfs-cooja.o)
                0x0000000000038660                simCFSData
                0x0000000000039600                simCFSSize
                0x0000000000039604                simCFSChanged
                0x0000000000039608                simCFSRead
                0x000000000003960c                simCFSWritten
 .bss           0x0000000000039620       0x24 build/cooja/mtype269.a(cooja-radio.o)
                0x0000000000039620                simReceiving
                0x0000000000039624                simInSize
                0x0000000000039628                simLastPacketTimestamp
                0x0000000000039630                simOutSize
 .bss           0x0000000000039644        0xc build/cooja/mtype269.a(eeprom.o)
                0x0000000000039644                simEEPROMChanged
                0x0000000000039648                simEEPROMRead
                0x000000000003964c                simEEPROMWritten
 .bss           0x0000000000039650        0x0 build/cooja/mtype269.a(random.o)
 .bss           0x0000000000039650        0xc build/cooja/mtype269.a(sensors.o)
 .bss           0x000000000003965c        0x0 build/cooja/mtype269.a(leds.o)
 .bss           0x000000000003965c       0x24 build/cooja/mtype269.a(gpio-hal-arch.o)
 .bss           0x0000000000039680        0x0 build/cooja/mtype269.a(buttons.o)
 .bss           0x0000000000039680        0x8 build/cooja/mtype269.a(ripening_notifi)
                0x0000000000039680                current_state
                0x0000000000039684                ethylene_level
 .bss           0x0000000000039688        0x0 build/cooja/mtype269.a(coap-blocking-a)
 *fill*         0x0000000000039688       0x18 
 .bss           0x00000000000396a0      0x190 build/cooja/mtype269.a(coap-engine.o)
 .bss           0x0000000000039830        0x0 build/cooja/mtype269.a(coap-res-well-k)
 *fill*         0x0000000000039830       0x10 
 .bss           0x0000000000039840      0x120 build/cooja/mtype269.a(coap-observe.o)
 .bss           0x0000000000039960       0x18 build/cooja/mtype269.a(coap-uip.o)
 .bss           0x0000000000039978        0x5 build/cooja/mtype269.a(coap-timer.o)
 *fill*         0x000000000003997d        0x3 
 .bss           0x0000000000039980      0x334 build/cooja/mtype269.a(coap-transactio)
 .bss           0x0000000000039cb4        0x6 build/cooja/mtype269.a(coap.o)
                0x0000000000039cb4                coap_status_code
 .bss           0x0000000000039cba        0x0 build/cooja/mtype269.a(contiki-main.o)
 .bss           0x0000000000039cba        0x0 build/cooja/mtype269.a(autostart.o)
 *fill*         0x0000000000039cba        0x2 
 .bss           0x0000000000039cbc        0x5 build/cooja/mtype269.a(ctimer.o)
 *fill*         0x0000000000039cc1        0x3 
 .bss           0x0000000000039cc4       0x2c build/cooja/mtype269.a(log.o)
                0x0000000000039cc4                curr_log_level_rpl
                0x0000000000039cc8                curr_log_level_tcpip
                0x0000000000039ccc                curr_log_level_ipv6
                0x0000000000039cd0                curr_log_level_6lowpan
                0x0000000000039cd4                curr_log_level_nullnet
                0x0000000000039cd8                curr_log_level_mac
                0x0000000000039cdc                curr_log_level_framer
                0x0000000000039ce0                curr_log_level_6top
                0x0000000000039ce4                curr_log_level_coap
                0x0000000000039ce8                curr_log_level_snmp
                0x0000000000039cec                curr_log_level_lwm2m
 .bss           0x0000000000039cf0        0x0 build/cooja/mtype269.a(energest.o)
 .bss           0x0000000000039cf0        0x8 build/cooja/mtype269.a(etimer.o)
 .bss           0x0000000000039cf8        0x2 build/cooja/mtype269.a(node-id.o)
                0x0000000000039cf8                node_id
 *fill*         0x0000000000039cfa        0x2 
 .bss           0x0000000000039cfc        0x4 build/cooja/mtype269.a(rtimer.o)
 .bss           0x0000000000039d00      0x1a1 build/cooja/mtype269.a(process.o)
                0x0000000000039d00                process_list
                0x0000000000039d04                process_current
 .bss           0x0000000000039ea1        0x0 build/cooja/mtype269.a(timer.o)
 .bss           0x0000000000039ea1        0x0 build/cooja/mtype269.a(list.o)
 .bss           0x0000000000039ea1        0x0 build/cooja/mtype269.a(memb.o)
 *fill*         0x0000000000039ea1        0x3 
 .bss           0x0000000000039ea4       0x10 build/cooja/mtype269.a(button-hal.o)
 *fill*         0x0000000000039eb4        0xc 
 .bss           0x0000000000039ec0      0x140 build/cooja/mtype269.a(serial-line.o)
 .bss           0x000000000003a000        0x4 build/cooja/mtype269.a(gpio-hal.o)
 *fill*         0x000000000003a004       0x1c 
 .bss           0x000000000003a020     0x2c80 build/cooja/mtype269.a(queuebuf.o)
 .bss           0x000000000003cca0       0xa0 build/cooja/mtype269.a(packetbuf.o)
 .bss           0x000000000003cd40        0x4 build/cooja/mtype269.a(netstack.o)
 .bss           0x000000000003cd44        0x0 build/cooja/mtype269.a(linkaddr.o)
 .bss           0x000000000003cd44        0x0 build/cooja/mtype269.a(csma.o)
 *fill*         0x000000000003cd44       0x1c 
 .bss           0x000000000003cd60      0x726 build/cooja/mtype269.a(csma-output.o)
 *fill*         0x000000000003d486        0x2 
 .bss           0x000000000003d488       0x30 build/cooja/mtype269.a(uip-ds6.o)
 .bss           0x000000000003d4b8        0x0 build/cooja/mtype269.a(uip-udp-packet.)
 *fill*         0x000000000003d4b8        0x8 
 .bss           0x000000000003d4c0       0x60 build/cooja/mtype269.a(uip-ds6-route.o)
 .bss           0x000000000003d520       0x10 build/cooja/mtype269.a(tcpip.o)
 .bss           0x000000000003d530        0x8 build/cooja/mtype269.a(uip6.o)
                0x000000000003d530                uip_ext_bitmap
                0x000000000003d532                uip_ext_len
                0x000000000003d534                uip_last_proto
 *fill*         0x000000000003d538        0x8 
 .bss           0x000000000003d540     0x1c20 build/cooja/mtype269.a(uip-ds6-nbr.o)
 .bss           0x000000000003f160       0x10 build/cooja/mtype269.a(uip-nd6.o)
 *fill*         0x000000000003f170       0x10 
 .bss           0x000000000003f180      0x724 build/cooja/mtype269.a(sicslowpan.o)
 .bss           0x000000000003f8a4        0x0 build/cooja/mtype269.a(uiplib.o)
 .bss           0x000000000003f8a4        0x1 build/cooja/mtype269.a(rpl.o)