Archive member included to satisfy reference by file (symbol)

build/cooja/mtype563.a(simEnvChange.o)
                              build/cooja/mtype563.o (simDontFallAsleep)
build/cooja/mtype563.a(cooja_mt.o)
                              build/cooja/mtype563.o (cooja_mt_start)
build/cooja/mtype563.a(cooja_mtarch.o)
                              build/cooja/mtype563.a(cooja_mt.o) (cooja_mtarch_start)
build/cooja/mtype563.a(rtimer-arch.o)
                              build/cooja/mtype563.o (rtimer_arch_check)
build/cooja/mtype563.a(beep.o)
                              build/cooja/mtype563.o (beep_interface)
build/cooja/mtype563.a(leds-arch.o)
                              build/cooja/mtype563.o (leds_interface)
build/cooja/mtype563.a(moteid.o)
                              build/cooja/mtype563.o (moteid_interface)
build/cooja/mtype563.a(pir-sensor.o)
                              build/cooja/mtype563.o (pir_interface)
build/cooja/mtype563.a(rs232.o)
                              build/cooja/mtype563.o (rs232_interface)
build/cooja/mtype563.a(vib-sensor.o)
                              build/cooja/mtype563.o (vib_interface)
build/cooja/mtype563.a(clock.o)
                              build/cooja/mtype563.o (clock_interface)
build/cooja/mtype563.a(cooja-log.o)
                              build/cooja/mtype563.o (simlog_interface)
build/cooja/mtype563.a(cfs-cooja.o)
                              build/cooja/mtype563.o (cfs_interface)
build/cooja/mtype563.a(cooja-radio.o)
                              build/cooja/mtype563.o (radio_interface)
build/cooja/mtype563.a(eeprom.o)
                              build/cooja/mtype563.o (eeprom_interface)
build/cooja/mtype563.a(random.o)
                              build/cooja/mtype563.a(moteid.o) (random_init)
build/cooja/mtype563.a(sensors.o)
                              build/cooja/mtype563.a(pir-sensor.o) (sensors_changed)
build/cooja/mtype563.a(leds.o)
                              ripening_notifier_server.o (leds_off)
build/cooja/mtype563.a(gpio-hal-arch.o)
                              build/cooja/mtype563.a(leds-arch.o) (gpio_hal_arch_register_pin_callback)
build/cooja/mtype563.a(buttons.o)
                              build/cooja/mtype563.o (button_interface)
build/cooja/mtype563.a(ripening_notifi)
                              ripening_notifier_server.o (ripening_notifier)
build/cooja/mtype563.a(coap-blocking-a)
                              ripening_notifier_server.o (coap_blocking_request)
build/cooja/mtype563.a(coap-engine.o)
                              ripening_notifier_server.o (coap_activate_resource)
build/cooja/mtype563.a(coap-res-well-k)
                              build/cooja/mtype563.a(coap-engine.o) (res_well_known_core)
build/cooja/mtype563.a(coap-observe.o)
                              build/cooja/mtype563.a(coap-engine.o) (coap_remove_observer_by_mid)
build/cooja/mtype563.a(coap-uip.o)
                              build/cooja/mtype563.a(coap-observe.o) (coap_endpoint_copy)
build/cooja/mtype563.a(coap-timer.o)
                              build/cooja/mtype563.a(coap-engine.o) (coap_timer_set)
build/cooja/mtype563.a(coap-transactio)
                              build/cooja/mtype563.a(coap-blocking-a) (coap_send_transaction)
build/cooja/mtype563.a(coap.o)
                              build/cooja/mtype563.a(coap-engine.o) (coap_status_code)
build/cooja/mtype563.a(contiki-main.o)
                              build/cooja/mtype563.o (main)
build/cooja/mtype563.a(autostart.o)
                              build/cooja/mtype563.a(contiki-main.o) (autostart_start)
build/cooja/mtype563.a(ctimer.o)
                              build/cooja/mtype563.a(contiki-main.o) (ctimer_init)
build/cooja/mtype563.a(log.o)
                              build/cooja/mtype563.a(contiki-main.o) (curr_log_level_main)
build/cooja/mtype563.a(energest.o)
                              build/cooja/mtype563.a(contiki-main.o) (energest_init)
build/cooja/mtype563.a(etimer.o)
                              build/cooja/mtype563.a(contiki-main.o) (etimer_process)
build/cooja/mtype563.a(node-id.o)
                              build/cooja/mtype563.a(contiki-main.o) (node_id)
build/cooja/mtype563.a(rtimer.o)
                              build/cooja/mtype563.a(contiki-main.o) (rtimer_init)
build/cooja/mtype563.a(process.o)
                              build/cooja/mtype563.a(coap-blocking-a) (process_current)
build/cooja/mtype563.a(timer.o)
                              build/cooja/mtype563.a(etimer.o) (timer_set)
build/cooja/mtype563.a(list.o)
                              build/cooja/mtype563.a(coap-engine.o) (list_init)
build/cooja/mtype563.a(memb.o)
                              build/cooja/mtype563.a(coap-observe.o) (memb_alloc)
build/cooja/mtype563.a(button-hal.o)
                              build/cooja/mtype563.o (button_hal_init)
build/cooja/mtype563.a(serial-line.o)
                              build/cooja/mtype563.a(rs232.o) (serial_line_input_byte)
[...]
Memory Configuration

Name             Origin             Length             Attributes
*default*        0x0000000000000000 0xffffffffffffffff

Linker script and memory map

LOAD /usr/lib/gcc/i686-linux-gnu/5/../../../i386-linux-gnu/crti.o
LOAD /usr/lib/gcc/i686-linux-gnu/5/crtbeginS.o
LOAD ripening_notifier_server.o
LOAD build/cooja/mtype563.o
LOAD build/cooja/mtype563.a
LOAD /usr/lib/gcc/i686-linux-gnu/5/libgcc.a
LOAD /usr/lib/gcc/i686-linux-gnu/5/libgcc_s.so
LOAD /usr/lib/gcc/i686-linux-gnu/5/../../../i386-linux-gnu/libc.so
START GROUP
LOAD /lib/i386-linux-gnu/libc.so.6
LOAD /usr/lib/i386-linux-gnu/libc_nonshared.a
LOAD /lib/i386-linux-gnu/ld-linux.so.2
END GROUP
LOAD /usr/lib/gcc/i686-linux-gnu/5/libgcc.a
LOAD /usr/lib/gcc/i686-linux-gnu/5/libgcc_s.so
LOAD /usr/lib/gcc/i686-linux-gnu/5/crtendS.o
LOAD /usr/lib/gcc/i686-linux-gnu/5/../../../i386-linux-gnu/crtn.o
                0x0000000000000114                . = (0x0 + SIZEOF_HEADERS)

.note.gnu.build-id
                0x0000000000000114       0x24
 *(.note.gnu.build-id)
 .note.gnu.build-id
                0x0000000000000114       0x24 /usr/lib/gcc/i686-linux-gnu/5/../../../i386-linux-gnu/crti.o

.hash
 *(.hash)

.gnu.hash       0x0000000000000138     0x1598
 *(.gnu.hash)
 .gnu.hash      0x0000000000000138     0x1598 /usr/lib/gcc/i686-linux-gnu/5/../../../i386-linux-gnu/crti.o

.dynsym         0x00000000000016d0     0x2ef0
 *(.dynsym)
 .dynsym        0x00000000000016d0     0x2ef0 /usr/lib/gcc/i686-linux-gnu/5/../../../i386-linux-gnu/crti.o

.dynstr         0x00000000000045c0     0x36ba
 *(.dynstr)
 .dynstr        0x00000000000045c0     0x36ba /usr/lib/gcc/i686-linux-gnu/5/../../../i386-linux-gnu/crti.o

.gnu.version    0x0000000000007c7a      0x5de
 *(.gnu.version)
 .gnu.version   0x0000000000007c7a      0x5de /usr/lib/gcc/i686-linux-gnu/5/../../../i386-linux-gnu/crti.o

.gnu.version_d  0x0000000000008258        0x0
 *(.gnu.version_d)
 .gnu.version_d
                0x0000000000008258        0x0 /usr/lib/gcc/i686-linux-gnu/5/../../../i386-linux-gnu/crti.o

.gnu.version_r  0x0000000000008258       0x40
 *(.gnu.version_r)
 .gnu.version_r
                0x0000000000008258       0x40 /usr/lib/gcc/i686-linux-gnu/5/../../../i386-linux-gnu/crti.o

.rel.dyn        0x0000000000008298     0x9240
 *(.rel.init)
 .rel.init      0x0000000000008298        0x0 /usr/lib/gcc/i686-linux-gnu/5/../../../i386-linux-gnu/crti.o
 *(.rel.text .rel.text.* .rel.gnu.linkonce.t.*)
 .rel.text      0x0000000000008298     0x8890 /usr/lib/gcc/i686-linux-gnu/5/../../../i386-linux-gnu/crti.o
 *(.rel.fini)
 .rel.fini      0x0000000000010b28        0x0 /usr/lib/gcc/i686-linux-gnu/5/../../../i386-linux-gnu/crti.o
 *(.rel.rodata .rel.rodata.* .rel.gnu.linkonce.r.*)
 .rel.rodata    0x0000000000010b28      0x588 /usr/lib/gcc/i686-linux-gnu/5/../../../i386-linux-gnu/crti.o
 *(.rel.data.rel.ro .rel.data.rel.ro.* .rel.gnu.linkonce.d.rel.ro.*)
 *(.rel.data .rel.data.* .rel.gnu.linkonce.d.*)
 .rel.data.rel.local
                0x00000000000110b0        0x8 /usr/lib/gcc/i686-linux-gnu/5/../../../i386-linux-gnu/crti.o
 .rel.data      0x00000000000110b8      0x3e8 /usr/lib/gcc/i686-linux-gnu/5/../../../i386-linux-gnu/crti.o
 *(.rel.tdata .rel.tdata.* .rel.gnu.linkonce.td.*)
 *(.rel.tbss .rel.tbss.* .rel.gnu.linkonce.tb.*)
 *(.rel.ctors)
 *(.rel.dtors)
 *(.rel.got)
 .rel.got       0x00000000000114a0       0x28 /usr/lib/gcc/i686-linux-gnu/5/../../../i386-linux-gnu/crti.o
 *(.rel.bss .rel.bss.* .rel.gnu.linkonce.b.*)
 *(.rel.ifunc)
 .rel.ifunc     0x00000000000114c8        0x0 /usr/lib/gcc/i686-linux-gnu/5/../../../i386-linux-gnu/crti.o
 .rel.fini_array
                0x00000000000114c8        0x8 /usr/lib/gcc/i686-linux-gnu/5/../../../i386-linux-gnu/crti.o
 .rel.init_array
                0x00000000000114d0        0x8 /usr/lib/gcc/i686-linux-gnu/5/../../../i386-linux-gnu/crti.o

.rel.plt        0x00000000000114d8        0x0
 *(.rel.plt)
 .rel.plt       0x00000000000114d8        0x0 /usr/lib/gcc/i686-linux-gnu/5/../../../i386-linux-gnu/crti.o
 *(.rel.iplt)

.init           0x00000000000114d8       0x23
 *(SORT(.init))
 .init          0x00000000000114d8       0x1e /usr/lib/gcc/i686-linux-gnu/5/../../../i386-linux-gnu/crti.o
                0x00000000000114d8                _init
 .init          0x00000000000114f6        0x5 /usr/lib/gcc/i686-linux-gnu/5/../../../i386-linux-gnu/crtn.o

.plt            0x0000000000011500       0x10
 *(.plt)
 .plt           0x0000000000011500       0x10 /usr/lib/gcc/i686-linux-gnu/5/../../../i386-linux-gnu/crti.o
 *(.iplt)

.plt.got        0x0000000000011510       0x10
 *(.plt.got)
 .plt.got       0x0000000000011510       0x10 /usr/lib/gcc/i686-linux-gnu/5/../../../i386-linux-gnu/crti.o

.text           0x0000000000011520    0x186e2
 *(.text.unlikely .text.*_unlikely .text.unlikely.*)
 .text.unlikely
                0x0000000000011520        0x0 /usr/lib/gcc/i686-linux-gnu/5/crtbeginS.o
 .text.unlikely
                0x0000000000011520        0x0 /usr/lib/gcc/i686-linux-gnu/5/libgcc.a(_udivdi3.o)
 *(.text.exit .text.exit.*)
 *(.text.startup .text.startup.*)
 *(.text.hot .text.hot.*)
 *(.text .stub .text.* .gnu.linkonce.t.*)
 .text          0x0000000000011520        0x0 /usr/lib/gcc/i686-linux-gnu/5/../../../i386-linux-gnu/crti.o
 .gnu.linkonce.t.__x86.get_pc_thunk.bx
                0x0000000000011520        0x4 /usr/lib/gcc/i686-linux-gnu/5/../../../i386-linux-gnu/crti.o
                0x0000000000011520                __x86.get_pc_thunk.bx
 *fill*         0x0000000000011524        0xc 
 .text          0x0000000000011530      0x11c /usr/lib/gcc/i686-linux-gnu/5/crtbeginS.o
 .text.__x86.get_pc_thunk.dx
                0x000000000001164c        0x4 /usr/lib/gcc/i686-linux-gnu/5/crtbeginS.o
                0x000000000001164c                __x86.get_pc_thunk.dx
 .text          0x0000000000011650      0x3e3 ripening_notifier_server.o
                0x00000000000116de                client_chunk_handler
 .text          0x0000000000011a33      0x283 build/cooja/mtype563.o
                0x0000000000011ac5                platform_init_stage_one
                0x0000000000011ad8                platform_init_stage_two
                0x0000000000011aeb                platform_init_stage_three
                0x0000000000011afe                platform_main_loop
                0x0000000000011b71                Java_org_contikios_cooja_corecomm_Lib6_init
                0x0000000000011ba8                Java_org_contikios_cooja_corecomm_Lib6_getMemory
                0x0000000000011bdb                Java_org_contikios_cooja_corecomm_Lib6_setMemory
                0x0000000000011c3b                Java_org_contikios_cooja_corecomm_Lib6_tick
                0x0000000000011ca3                Java_org_contikios_cooja_corecomm_Lib6_setReferenceAddress
 .text          0x0000000000011cb6       0x65 build/cooja/mtype563.a(simEnvChange.o)
                0x0000000000011cb6                doActionsBeforeTick
                0x0000000000011ce8                doActionsAfterTick
 .text          0x0000000000011d1b       0x83 build/cooja/mtype563.a(cooja_mt.o)
                0x0000000000011d1b                cooja_mt_start
                0x0000000000011d45                cooja_mt_exec
                0x0000000000011d7b                cooja_mt_yield
 .text          0x0000000000011d9e       0xbe build/cooja/mtype563.a(cooja_mtarch.o)
                0x0000000000011d9e                cooja_mtarch_start
                0x0000000000011e11                cooja_sw
                0x0000000000011e34                cooja_mtarch_exec
                0x0000000000011e51                cooja_mtarch_yield
 .text          0x0000000000011e5c       0xc5 build/cooja/mtype563.a(rtimer-arch.o)
                0x0000000000011e5c                rtimer_arch_init
                0x0000000000011e80                rtimer_arch_schedule
                0x0000000000011eb0                rtimer_arch_next
                0x0000000000011ec0                rtimer_arch_pending
                0x0000000000011eca                rtimer_arch_check
                0x0000000000011f11                rtimer_arch_now
 .text          0x0000000000011f21       0x81 build/cooja/mtype563.a(beep.o)
                0x0000000000011f21                beep_alarm
                0x0000000000011f2e                beep_beep
                0x0000000000011f3b                beep
                0x0000000000011f48                beep_down
                0x0000000000011f55                beep_on
                0x0000000000011f62                beep_off
                0x0000000000011f6f                beep_spinup
                0x0000000000011f7c                beep_quick
                0x0000000000011f89                beep_long
 .text          0x0000000000011fa2       0x65 build/cooja/mtype563.a(leds-arch.o)
                0x0000000000011fb5                leds_arch_init
 .text          0x0000000000012007       0x35 build/cooja/mtype563.a(moteid.o)
 .text          0x000000000001203c       0xb7 build/cooja/mtype563.a(pir-sensor.o)
 .text          0x00000000000120f3      0x148 build/cooja/mtype563.a(rs232.o)
                0x00000000000120f3                rs232_init
                0x00000000000120f9                rs232_set_speed
                0x0000000000012108                rs232_set_input
                0x0000000000012116                rs232_send
                0x000000000001213a                rs232_print
                0x0000000000012156                slip_arch_writeb
 .text          0x000000000001223b       0xb7 build/cooja/mtype563.a(vib-sensor.o)
 .text          0x00000000000122f2       0x38 build/cooja/mtype563.a(clock.o)
                0x00000000000122f2                clock_init
                0x00000000000122f8                clock_time
                0x0000000000012302                clock_seconds
                0x0000000000012318                clock_delay
 .text          0x000000000001232a      0x219 build/cooja/mtype563.a(cooja-log.o)
                0x000000000001232a                simlog_char
                0x000000000001236d                simlog
                0x00000000000123e3                log_message
                0x0000000000012414                log_set_putchar_with_slip
                0x0000000000012422                log_putchar
                0x000000000001249d                log_puts
                0x00000000000124c5                log_printf
 .text          0x0000000000012543      0x2b9 build/cooja/mtype563.a(cfs-cooja.o)
                0x0000000000012543                cfs_open
                0x00000000000125ac                cfs_close
                0x00000000000125b9                cfs_read
                0x000000000001264e                cfs_write
                0x000000000001272a                cfs_seek
                0x00000000000127b2                cfs_remove
                0x00000000000127d6                cfs_opendir
                0x00000000000127e0                cfs_readdir
                0x00000000000127ea                cfs_closedir
 .text          0x00000000000127fc      0x620 build/cooja/mtype563.a(cooja-radio.o)
                0x000000000001283e                radio_set_channel
                0x000000000001284c                radio_set_txpower
                0x0000000000012864                radio_signal_strength_last
                0x000000000001286e                radio_signal_strength_current
                0x0000000000012878                radio_LQI
 .text          0x0000000000012e1c       0xee build/cooja/mtype563.a(eeprom.o)
                0x0000000000012e1c                eeprom_init
                0x0000000000012e22                eeprom_read
                0x0000000000012e90                eeprom_write
 .text          0x0000000000012f0a       0x2d build/cooja/mtype563.a(random.o)
                0x0000000000012f0a                random_init
                0x0000000000012f2a                random_rand
 .text          0x0000000000012f37      0x29c build/cooja/mtype563.a(sensors.o)
                0x0000000000012f72                sensors_first
                0x0000000000012f7c                sensors_next
                0x0000000000012f96                sensors_changed
                0x0000000000012fca                sensors_find
 .text          0x00000000000131d3      0x349 build/cooja/mtype563.a(leds.o)
                0x00000000000131d3                leds_init
                0x000000000001321a                leds_single_on
                0x0000000000013279                leds_single_off
                0x00000000000132d8                leds_single_toggle
                0x000000000001330a                leds_on
                0x000000000001338c                leds_off
                0x000000000001340e                leds_toggle
                0x0000000000013463                leds_set
                0x000000000001348f                leds_get
 .text          0x000000000001351c      0x343 build/cooja/mtype563.a(gpio-hal-arch.o)
                0x000000000001351c                gpio_hal_arch_register_pin_callback
                0x0000000000013588                gpio_hal_arch_init
                0x00000000000135cd                gpio_hal_arch_no_port_interrupt_enable
                0x00000000000135fd                gpio_hal_arch_no_port_interrupt_disable
                0x000000000001362d                gpio_hal_arch_no_port_pin_cfg_set
                0x0000000000013652                gpio_hal_arch_no_port_pin_cfg_get
                0x0000000000013678                gpio_hal_arch_no_port_pin_set_input
                0x000000000001368a                gpio_hal_arch_no_port_pin_set_output
                0x000000000001369c                gpio_hal_arch_no_port_set_pin
                0x00000000000136bd                gpio_hal_arch_no_port_clear_pin
                0x00000000000136de                gpio_hal_arch_no_port_read_pin
                0x0000000000013704                gpio_hal_arch_no_port_write_pin
                0x000000000001372e                gpio_hal_arch_no_port_set_pins
                0x0000000000013775                gpio_hal_arch_no_port_clear_pins
                0x00000000000137bc                gpio_hal_arch_no_port_read_pins
                0x00000000000137ff                gpio_hal_arch_no_port_write_pins
 .text          0x000000000001385f       0x89 build/cooja/mtype563.a(buttons.o)
 .text          0x00000000000138e8      0x247 build/cooja/mtype563.a(ripening_notifi)
 .text          0x0000000000013b2f      0x27b build/cooja/mtype563.a(coap-blocking-a)
                0x0000000000013b2f                coap_blocking_request_callback
                0x0000000000013b59                coap_blocking_request
 .text          0x0000000000013daa      0xbea build/cooja/mtype563.a(coap-engine.o)
                0x0000000000013e3f                coap_add_handler
                0x0000000000013e5c                coap_remove_handler
                0x0000000000013e79                coap_call_handlers
                0x0000000000013f81                coap_receive
                0x000000000001457c                coap_engine_init
                0x00000000000145da                coap_activate_resource
                0x0000000000014685                coap_get_first_resource
                0x000000000001469e                coap_get_next_resource
 .text          0x0000000000014994      0x2d9 build/cooja/mtype563.a(coap-res-well-k)
 .text          0x0000000000014c6d      0x96a build/cooja/mtype563.a(coap-observe.o)
                0x0000000000014d82                coap_remove_observer
                0x0000000000014db2                coap_remove_observer_by_client
                0x0000000000014e1a                coap_remove_observer_by_token
                0x0000000000014ead                coap_remove_observer_by_uri
                0x0000000000014f54                coap_remove_observer_by_mid
                0x0000000000014fd0                coap_notify_observers
                0x0000000000014fe9                coap_notify_observers_sub
                0x0000000000015453                coap_observe_handler
                0x000000000001556e                coap_has_observers
 .text          0x00000000000155d7      0x733 build/cooja/mtype563.a(coap-uip.o)
                0x00000000000155d7                coap_endpoint_log
                0x000000000001565d                coap_endpoint_print
                0x00000000000156e3                coap_endpoint_snprint
                0x0000000000015816                coap_endpoint_copy
                0x0000000000015853                coap_endpoint_cmp
                0x0000000000015961                coap_endpoint_parse
                0x0000000000015b4c                coap_endpoint_is_secure
                0x0000000000015b5b                coap_endpoint_is_connected
                0x0000000000015b8f                coap_endpoint_connect
                0x0000000000015bab                coap_endpoint_disconnect
                0x0000000000015bb1                coap_databuf
                0x0000000000015bbb                coap_transport_init
                0x0000000000015c0b                coap_sendto
 .text          0x0000000000015d0a      0x324 build/cooja/mtype563.a(coap-timer.o)
                0x0000000000015e07                coap_timer_stop
                0x0000000000015e32                coap_timer_set
                0x0000000000015e75                coap_timer_reset
                0x0000000000015eb8                coap_timer_time_to_next_expiration
                0x0000000000015f24                coap_timer_run
                0x0000000000015ff0                coap_timer_init
 .text          0x000000000001602e      0x2c6 build/cooja/mtype563.a(coap-transactio)
                0x0000000000016094                coap_new_transaction
                0x00000000000160fa                coap_send_transaction
                0x000000000001625b                coap_clear_transaction
                0x00000000000162a3                coap_get_transaction_by_mid
 .text          0x00000000000162f4     0x1c53 build/cooja/mtype563.a(coap.o)
                0x0000000000016861                coap_init_connection
                0x0000000000016875                coap_get_mid
                0x0000000000016891                coap_init_message
                0x00000000000168da                coap_serialize_message
                0x0000000000016f5c                coap_parse_message
                0x00000000000175c3                coap_get_query_variable
                0x0000000000017605                coap_get_post_variable
                0x0000000000017649                coap_set_status_code
                0x000000000001766e                coap_set_token
                0x00000000000176b5                coap_get_header_content_format
                0x00000000000176e6                coap_set_header_content_format
                0x0000000000017709                coap_get_header_accept
                0x000000000001773a                coap_set_header_accept
                0x000000000001775d                coap_get_header_max_age
                0x000000000001778e                coap_set_header_max_age
                0x00000000000177ae                coap_get_header_etag
                0x00000000000177e0                coap_set_header_etag
                0x0000000000017837                coap_get_header_if_match
                0x0000000000017869                coap_set_header_if_match
                0x00000000000178c0                coap_get_header_if_none_match
                0x00000000000178da                coap_set_header_if_none_match
                0x00000000000178f1                coap_get_header_proxy_uri
                0x000000000001791f                coap_set_header_proxy_uri
                0x000000000001795c                coap_get_header_uri_host
                0x000000000001798a                coap_set_header_uri_host
                0x00000000000179c7                coap_get_header_uri_path
                0x00000000000179f5                coap_set_header_uri_path
                0x0000000000017a42                coap_get_header_uri_query
                0x0000000000017a76                coap_set_header_uri_query
                0x0000000000017acc                coap_get_header_location_path
                0x0000000000017afa                coap_set_header_location_path
                0x0000000000017b93                coap_get_header_location_query
                0x0000000000017bc1                coap_set_header_location_query
                0x0000000000017c0e                coap_get_header_observe
                0x0000000000017c3d                coap_set_header_observe
                0x0000000000017c5d                coap_get_header_block2
                0x0000000000017cc9                coap_set_header_block2
                0x0000000000017d40                coap_get_header_block1
                0x0000000000017db5                coap_set_header_block1
                0x0000000000017e30                coap_get_header_size2
                0x0000000000017e60                coap_set_header_size2
                0x0000000000017e83                coap_get_header_size1
                0x0000000000017eb3                coap_set_header_size1
                0x0000000000017ed6                coap_get_payload
                0x0000000000017f10                coap_set_payload
 .text          0x0000000000017f47      0x332 build/cooja/mtype563.a(contiki-main.o)
                0x0000000000017f47                main
 .text          0x0000000000018279       0x92 build/cooja/mtype563.a(autostart.o)
                0x0000000000018279                autostart_start
                0x00000000000182c3                autostart_exit
 .text          0x000000000001830b      0x355 build/cooja/mtype563.a(ctimer.o)
                0x0000000000018433                ctimer_init
                0x0000000000018466                ctimer_set
                0x000000000001848c                ctimer_set_with_process
                0x0000000000018509                ctimer_reset
                0x000000000001855d                ctimer_restart
                0x00000000000185b1                ctimer_stop
                0x0000000000018601                ctimer_expired
 .text          0x0000000000018660      0x394 build/cooja/mtype563.a(log.o)
                0x0000000000018660                log_6addr
                0x00000000000186b3                log_6addr_compact_snprint
                0x0000000000018751                log_6addr_compact
                0x00000000000187a4                log_lladdr
                0x0000000000018816                log_lladdr_compact
                0x000000000001887e                log_set_level
                0x0000000000018939                log_get_level
                0x00000000000189b2                log_level_to_str
 .text          0x00000000000189f4       0x1b build/cooja/mtype563.a(energest.o)
                0x00000000000189f4                energest_init
                0x00000000000189fa                energest_flush
                0x0000000000018a00                energest_get_total_time
 .text          0x0000000000018a0f      0x43f build/cooja/mtype563.a(etimer.o)
                0x0000000000018c33                etimer_request_poll
                0x0000000000018cbc                etimer_set
                0x0000000000018ce5                etimer_reset_with_new_interval
                0x0000000000018d14                etimer_reset
                0x0000000000018d3a                etimer_restart
                0x0000000000018d60                etimer_adjust
                0x0000000000018d7d                etimer_expired
                0x0000000000018d90                etimer_expiration_time
                0x0000000000018da2                etimer_start_time
                0x0000000000018dac                etimer_pending
                0x0000000000018dbe                etimer_next_expiration_time
                0x0000000000018dd8                etimer_stop
 .text          0x0000000000018e4e       0x25 build/cooja/mtype563.a(node-id.o)
                0x0000000000018e4e                node_id_init
 .text          0x0000000000018e73       0xeb build/cooja/mtype563.a(rtimer.o)
                0x0000000000018e73                rtimer_init
                0x0000000000018e81                rtimer_set
                0x0000000000018efc                rtimer_run_next
 .text          0x0000000000018f5e      0x4fb build/cooja/mtype563.a(process.o)
                0x0000000000018f5e                process_alloc_event
                0x0000000000018f73                process_start
                0x000000000001914d                process_exit
                0x000000000001916a                process_init
                0x00000000000192ff                process_run
                0x0000000000019332                process_nevents
                0x000000000001934d                process_post
                0x00000000000193e0                process_post_synch
                0x0000000000019415                process_poll
                0x0000000000019445                process_is_running
 .text          0x0000000000019459       0xb1 build/cooja/mtype563.a(timer.o)
                0x0000000000019459                timer_set
                0x0000000000019477                timer_reset
                0x00000000000194a4                timer_restart
                0x00000000000194b9                timer_expired
                0x00000000000194e6                timer_remaining
 .text          0x000000000001950a      0x28f build/cooja/mtype563.a(list.o)
                0x000000000001950a                list_init
                0x0000000000019519                list_head
                0x0000000000019523                list_copy
                0x0000000000019533                list_tail
                0x0000000000019569                list_add
                0x00000000000195b5                list_push
                0x00000000000195e1                list_chop
                0x000000000001964b                list_pop
                0x0000000000019673                list_remove
                0x00000000000196db                list_length
                0x0000000000019709                list_insert
                0x000000000001974e                list_item_next
                0x0000000000019765                list_contains
 .text          0x0000000000019799      0x1b5 build/cooja/mtype563.a(memb.o)
                0x0000000000019799                memb_init
                0x00000000000197ee                memb_alloc
                0x0000000000019851                memb_free
                0x00000000000198c8                memb_inmemb
                0x0000000000019907                memb_numfree
 .text          0x000000000001994e      0x41c build/cooja/mtype563.a(button-hal.o)
                0x0000000000019ac7                button_hal_get_by_id
                0x0000000000019b05                button_hal_get_by_index
                0x0000000000019b31                button_hal_get_state
                0x0000000000019b83                button_hal_init
 .text          0x0000000000019d6a      0x1f3 build/cooja/mtype563.a(serial-line.o)
                0x0000000000019d6a                serial_line_input_byte
                0x0000000000019f28                serial_line_init
 .text          0x0000000000019f5d      0x168 build/cooja/mtype563.a(gpio-hal.o)
                0x0000000000019f5d                gpio_hal_register_handler
                0x0000000000019f7a                gpio_hal_event_handler
                0x0000000000019fd6                gpio_hal_init
                0x0000000000019ff5                gpio_hal_arch_port_toggle_pin
                0x000000000001a031                gpio_hal_arch_port_toggle_pins
                0x000000000001a05f                gpio_hal_arch_no_port_toggle_pin
                0x000000000001a09d                gpio_hal_arch_no_port_toggle_pins
 .text          0x000000000001a0c5      0x2e7 build/cooja/mtype563.a(queuebuf.o)
                0x000000000001a0cf                queuebuf_init
                0x000000000001a0f8                queuebuf_numfree
                0x000000000001a110                queuebuf_new_from_packetbuf
                0x000000000001a1af                queuebuf_update_attr_from_packetbuf
                0x000000000001a1e4                queuebuf_update_from_packetbuf
                0x000000000001a234                queuebuf_free
                0x000000000001a27d                queuebuf_to_packetbuf
                0x000000000001a2e9                queuebuf_dataptr
                0x000000000001a323                queuebuf_datalen
                0x000000000001a346                queuebuf_addr
                0x000000000001a37b                queuebuf_attr
                0x000000000001a3a6                queuebuf_debug_print
 .text          0x000000000001a3ac      0x407 build/cooja/mtype563.a(packetbuf.o)
                0x000000000001a3ac                packetbuf_clear
                0x000000000001a3d7                packetbuf_copyfrom
                0x000000000001a426                packetbuf_copyto
                0x000000000001a4b9                packetbuf_hdralloc
                0x000000000001a535                packetbuf_hdrreduce
                0x000000000001a57b                packetbuf_set_datalen
                0x000000000001a595                packetbuf_dataptr
                0x000000000001a5b2                packetbuf_hdrptr
                0x000000000001a5bc                packetbuf_datalen
                0x000000000001a5c8                packetbuf_hdrlen
                0x000000000001a5df                packetbuf_totlen
                0x000000000001a5f5                packetbuf_remaininglen
                0x000000000001a608                packetbuf_attr_clear
                0x000000000001a654                packetbuf_attr_copyto
                0x000000000001a6ac                packetbuf_attr_copyfrom
                0x000000000001a704                packetbuf_set_attr
                0x000000000001a72e                packetbuf_attr
                0x000000000001a748                packetbuf_set_addr
                0x000000000001a779                packetbuf_addr
                0x000000000001a796                packetbuf_holds_broadcast
 .text          0x000000000001a7b3       0xef build/cooja/mtype563.a(netstack.o)
                0x000000000001a7b3                netstack_process_ip_callback
                0x000000000001a844                netstack_ip_packet_processor_add
                0x000000000001a867                uip_ds6_ip_packet_processor_rm
                0x000000000001a884                netstack_init
 .text          0x000000000001a8a2       0x4f build/cooja/mtype563.a(linkaddr.o)
                0x000000000001a8a2                linkaddr_copy
                0x000000000001a8b8                linkaddr_cmp
                0x000000000001a8db                linkaddr_set_node_addr
 .text          0x000000000001a8f1      0x1f6 build/cooja/mtype563.a(csma.o)
 .text          0x000000000001aae7      0x95d build/cooja/mtype563.a(csma-output.o)
                0x000000000001b17e                csma_output_packet
                0x000000000001b40b                csma_output_init
 .text          0x000000000001b444      0xc11 build/cooja/mtype563.a(uip-ds6.o)
                0x000000000001b444                uip_ds6_default_prefix
                0x000000000001b44e                uip_ds6_set_default_prefix
                0x000000000001b479                uip_ds6_init
                0x000000000001b6db                uip_ds6_periodic
                0x000000000001b762                uip_ds6_list_loop
                0x000000000001b822                uip_ds6_prefix_add
                0x000000000001b8ce                uip_ds6_prefix_rm
                0x000000000001b8e1                uip_ds6_prefix_lookup
                0x000000000001b920                uip_ds6_is_addr_onlink
                0x000000000001b993                uip_ds6_addr_add
                0x000000000001bab3                uip_ds6_addr_rm
                0x000000000001bb5c                uip_ds6_addr_lookup
                0x000000000001bb95                uip_ds6_get_link_local
                0x000000000001bc16                uip_ds6_get_global
                0x000000000001bc97                uip_ds6_maddr_add
                0x000000000001bcf7                uip_ds6_maddr_rm
                0x000000000001bd0a                uip_ds6_maddr_lookup
                0x000000000001bd43                uip_ds6_aaddr_add
                0x000000000001bda3                uip_ds6_aaddr_rm
                0x000000000001bdb6                uip_ds6_aaddr_lookup
                0x000000000001bdef                uip_ds6_select_src
                0x000000000001bf38                uip_ds6_set_addr_iid
                0x000000000001bf63                uip_ds6_set_lladdr_from_iid
                0x000000000001bf8c                get_match_length
                0x000000000001c01d                uip_ds6_compute_reachable_time
 .text          0x000000000001c055      0x128 build/cooja/mtype563.a(uip-udp-packet.)
                0x000000000001c055                uip_udp_packet_send
                0x000000000001c0b0                uip_udp_packet_sendto
 .text          0x000000000001c17d      0x35b build/cooja/mtype563.a(uip-ds6-route.o)
                0x000000000001c1ce                uip_ds6_route_init
                0x000000000001c1f8                uip_ds6_route_nexthop
                0x000000000001c202                uip_ds6_route_head
                0x000000000001c20c                uip_ds6_route_next
                0x000000000001c216                uip_ds6_route_is_nexthop
                0x000000000001c220                uip_ds6_route_num_routes
                0x000000000001c22a                uip_ds6_route_lookup
                0x000000000001c234                uip_ds6_route_add
                0x000000000001c247                uip_ds6_route_rm
                0x000000000001c24d                uip_ds6_route_rm_by_nexthop
                0x000000000001c253                uip_ds6_defrt_head
                0x000000000001c26c                uip_ds6_defrt_add
                0x000000000001c31a                uip_ds6_defrt_rm
                0x000000000001c380                uip_ds6_defrt_lookup
                0x000000000001c3e7                uip_ds6_defrt_choose
                0x000000000001c45d                uip_ds6_defrt_periodic
 .text          0x000000000001c4d8      0x6f7 build/cooja/mtype563.a(tcpip.o)
                0x000000000001c4f2                tcpip_output
                0x000000000001c571                udp_attach
                0x000000000001c589                udp_new
                0x000000000001c5d3                udp_broadcast_new
                0x000000000001c745                tcpip_input
                0x000000000001c8d5                tcpip_ipv6_output
                0x000000000001cac9                tcpip_poll_udp
                0x000000000001cae7                tcpip_uipcall
 .text          0x000000000001cbcf     0x1205 build/cooja/mtype563.a(uip6.o)
                0x000000000001cc7e                uip_chksum
                0x000000000001cd55                uip_icmp6chksum
                0x000000000001cd6a                uip_udpchksum
                0x000000000001cd7f                uip_init
                0x000000000001cdc8                uip_remove_ext_hdr
                0x000000000001cea2                uip_udp_new
                0x000000000001d1b6                uip_process
                0x000000000001dcae                uip_htons
                0x000000000001dcd0                uip_htonl
                0x000000000001dd0e                uip_send
 .text          0x000000000001ddd4      0x369 build/cooja/mtype563.a(uip-ds6-nbr.o)
                0x000000000001ddd4                uip_ds6_neighbors_init
                0x000000000001ddf8                uip_ds6_nbr_add
                0x000000000001de7e                uip_ds6_nbr_rm
                0x000000000001dec9                uip_ds6_nbr_update_ll
                0x000000000001dfb7                uip_ds6_nbr_get_ipaddr
                0x000000000001dfcc                uip_ds6_nbr_get_ll
                0x000000000001dfe8                uip_ds6_nbr_num
                0x000000000001e031                uip_ds6_nbr_head
                0x000000000001e04a                uip_ds6_nbr_next
                0x000000000001e066                uip_ds6_nbr_lookup
                0x000000000001e0be                uip_ds6_nbr_ll_lookup
                0x000000000001e0da                uip_ds6_nbr_ipaddr_from_lladdr
                0x000000000001e103                uip_ds6_nbr_lladdr_from_ipaddr
                0x000000000001e137                uip_ds6_link_callback
 .text          0x000000000001e13d      0x6a7 build/cooja/mtype563.a(uip-nd6.o)
                0x000000000001e7cb                uip_nd6_init
 .text          0x000000000001e7e4     0x2c17 build/cooja/mtype563.a(sicslowpan.o)
                0x000000000001edeb                netstack_sniffer_add
                0x000000000001edf9                netstack_sniffer_remove
                0x00000000000213cf                sicslowpan_init
                0x00000000000213f1                sicslowpan_get_last_rssi
 .text          0x00000000000213fb      0x4d1 build/cooja/mtype563.a(uiplib.o)
                0x00000000000213fb                uiplib_ip6addrconv
                0x00000000000215b3                uiplib_ip4addrconv
                0x0000000000021676                uiplib_ipaddr_print
                0x00000000000216c9                uiplib_ipaddr_snprint
 .text          0x00000000000218cc      0x4c9 build/cooja/mtype563.a(rpl.o)
                0x00000000000218cc                rpl_lollipop_greater_than
                0x0000000000021926                rpl_get_global_address
                0x0000000000021a1e                rpl_link_callback
                0x0000000000021a62                rpl_has_joined
                0x0000000000021a87                rpl_is_reachable
                0x0000000000021b08                rpl_reset_prefix
                0x0000000000021b72                rpl_set_prefix_from_addr
                0x0000000000021c57                rpl_set_prefix
                0x0000000000021d71                rpl_set_leaf_only
                0x0000000000021d89                rpl_get_leaf_only
 .text          0x0000000000021d95     0x138c build/cooja/mtype563.a(rpl-icmp6.o)
                0x0000000000021eba                rpl_icmp6_update_nbr_table
                0x0000000000021f43                rpl_icmp6_dis_output
                0x0000000000022589                rpl_icmp6_dio_output
                0x0000000000022d87                rpl_icmp6_dao_output
                0x0000000000023068                rpl_icmp6_dao_ack_output
                0x00000000000230d8                rpl_icmp6_init
 .text          0x0000000000023121      0x264 build/cooja/mtype563.a(rpl-dag-root.o)
                0x0000000000023121                rpl_dag_root_print_links
                0x000000000002324d                rpl_dag_root_set_prefix
                0x0000000000023279                rpl_dag_root_start
                0x0000000000023356                rpl_dag_root_is_root
 .text          0x0000000000023385       0x30 build/cooja/mtype563.a(watchdog.o)
                0x0000000000023385                watchdog_init
                0x000000000002338b                watchdog_start
                0x0000000000023391                watchdog_periodic
                0x00000000000233a9                watchdog_stop
                0x00000000000233af                watchdog_reboot
 .text          0x00000000000233b5       0x4a build/cooja/mtype563.a(int-master.o)
                0x00000000000233b5                int_master_enable
                0x00000000000233c5                int_master_read_and_disable
                0x00000000000233e2                int_master_status_set
                0x00000000000233f0                int_master_is_enabled
 .text          0x00000000000233ff      0x226 build/cooja/mtype563.a(coap-timer-defa)
 .text          0x0000000000023625       0xc7 build/cooja/mtype563.a(stimer.o)
                0x0000000000023625                stimer_set
                0x0000000000023643                stimer_reset
                0x0000000000023670                stimer_restart
                0x0000000000023685                stimer_expired
                0x00000000000236b0                stimer_remaining
                0x00000000000236d4                stimer_elapsed
 .text          0x00000000000236ec      0x156 build/cooja/mtype563.a(ringbuf.o)
                0x00000000000236ec                ringbuf_init
                0x000000000002371e                ringbuf_put
                0x000000000002379c                ringbuf_get
                0x0000000000023809                ringbuf_size
                0x000000000002381b                ringbuf_elements
 .text          0x0000000000023842       0x1f build/cooja/mtype563.a(assert.o)
                0x0000000000023842                _xassert
 .text          0x0000000000023861      0x79b build/cooja/mtype563.a(nbr-table.o)
                0x0000000000023cda                nbr_table_register
                0x0000000000023d47                nbr_table_is_registered
                0x0000000000023d82                nbr_table_head
                0x0000000000023ddd                nbr_table_next
                0x0000000000023e3e                nbr_table_add_lladdr
                0x0000000000023f18                nbr_table_get_from_lladdr
                0x0000000000023f64                nbr_table_remove
                0x0000000000023f9c                nbr_table_lock
                0x0000000000023fb6                nbr_table_unlock
                0x0000000000023fd0                nbr_table_get_lladdr
 .text          0x0000000000023ffc      0x3a5 build/cooja/mtype563.a(link-stats.o)
                0x0000000000023ffc                link_stats_from_lladdr
                0x0000000000024018                link_stats_get_lladdr
                0x0000000000024034                link_stats_is_fresh
                0x0000000000024070                guess_etx_from_rssi
                0x00000000000240ec                link_stats_packet_sent
                0x000000000002420c                link_stats_input_callback
                0x000000000002431c                link_stats_reset
                0x000000000002436c                link_stats_init
 .text          0x00000000000243a1      0x187 build/cooja/mtype563.a(mac-sequence.o)
                0x00000000000243a1                mac_sequence_is_duplicate
                0x0000000000024441                mac_sequence_register_seqno
 .text          0x0000000000024528       0x23 build/cooja/mtype563.a(mac.o)
                0x0000000000024528                mac_call_sent_callback
 .text          0x000000000002454b      0x432 build/cooja/mtype563.a(framer-802154.o)
                0x00000000000246da                framer_802154_setup_params
 .text          0x000000000002497d      0xb6f build/cooja/mtype563.a(frame802154.o)
                0x00000000000249ae                frame802154_get_pan_id
                0x00000000000249ba                frame802154_set_pan_id
                0x00000000000249d4                frame802154_has_panid
                0x0000000000024b83                frame802154_check_dest_panid
                0x0000000000024c0b                frame802154_is_broadcast_addr
                0x0000000000024c58                frame802154_extract_linkaddr
                0x0000000000024ebd                frame802154_hdrlen
                0x0000000000024f30                frame802154_create_fcf
                0x0000000000024fe8                frame802154_create
                0x000000000002515d                frame802154_parse_fcf
                0x000000000002523f                frame802154_parse
 .text          0x00000000000254ec       0x2d build/cooja/mtype563.a(csma-security.o)
                0x00000000000254ec                csma_security_create_frame
                0x000000000002550a                csma_security_parse_frame
 .text          0x0000000000025519      0x4e4 build/cooja/mtype563.a(uipbuf.o)
                0x0000000000025519                uipbuf_clear
                0x0000000000025540                uipbuf_add_ext_hdr
                0x00000000000255c0                uipbuf_set_len
                0x00000000000255ed                uipbuf_set_len_field
                0x0000000000025619                uipbuf_get_len_field
                0x0000000000025639                uipbuf_get_next_header
                0x000000000002576b                uipbuf_get_last_header
                0x00000000000257e4                uipbuf_search_header
                0x000000000002589a                uipbuf_get_attr
                0x00000000000258c1                uipbuf_set_attr
                0x00000000000258f8                uipbuf_set_default_attr
                0x000000000002592f                uipbuf_clear_attr
                0x0000000000025953                uipbuf_set_attr_flag
                0x0000000000025974                uipbuf_clr_attr_flag
                0x000000000002599b                uipbuf_is_attr_flag
                0x00000000000259bf                uipbuf_init
 .text          0x00000000000259fd      0x73f build/cooja/mtype563.a(uip-icmp6.o)
                0x0000000000025a72                uip_icmp6_input
                0x0000000000025ac9                uip_icmp6_register_input_handler
                0x0000000000025c1c                uip_icmp6_error_output
                0x0000000000025ecd                uip_icmp6_send
                0x00000000000260c4                uip_icmp6_echo_reply_callback_add
                0x00000000000260f6                uip_icmp6_echo_reply_callback_rm
                0x0000000000026113                uip_icmp6_init
 .text          0x000000000002613c      0x69b build/cooja/mtype563.a(uip-sr.o)
                0x000000000002613c                uip_sr_num_nodes
                0x00000000000261ca                uip_sr_get_node
                0x0000000000026221                uip_sr_is_addr_reachable
                0x00000000000262cf                uip_sr_expire_parent
                0x0000000000026318                uip_sr_update_node
                0x0000000000026448                uip_sr_init
                0x000000000002647c                uip_sr_node_head
                0x0000000000026495                uip_sr_node_next
                0x00000000000264ab                uip_sr_periodic
                0x00000000000265b1                uip_sr_free_all
                0x0000000000026621                uip_sr_link_snprint
 .text          0x00000000000267d7      0x146 build/cooja/mtype563.a(uip-packetqueue)
                0x0000000000026805                uip_packetqueue_new
                0x0000000000026814                uip_packetqueue_alloc
                0x000000000002686f                uip_packetqueue_free
                0x00000000000268b6                uip_packetqueue_buf
                0x00000000000268d3                uip_packetqueue_buflen
                0x00000000000268f4                uip_packetqueue_set_buflen
 .text          0x000000000002691d      0x1b0 build/cooja/mtype563.a(rpl-nbr-policy.)
                0x0000000000026a8a                rpl_nbr_policy_find_removable
 .text          0x0000000000026acd      0x915 build/cooja/mtype563.a(rpl-neighbor.o)
                0x0000000000026b49                rpl_neighbor_snprint
                0x0000000000026dfc                rpl_neighbor_print_list
                0x0000000000026eb1                rpl_neighbor_count
                0x0000000000026f58                rpl_neighbor_get_from_lladdr
                0x0000000000026f74                rpl_neighbor_is_acceptable_parent
                0x0000000000026fa8                rpl_neighbor_get_link_metric
                0x0000000000026fdc                rpl_neighbor_rank_via_nbr
                0x0000000000027010                rpl_neighbor_get_lladdr
                0x000000000002702c                rpl_neighbor_get_ipaddr
                0x0000000000027053                rpl_neighbor_get_link_stats
                0x000000000002707a                rpl_neighbor_is_fresh
                0x00000000000270a1                rpl_neighbor_is_reachable
                0x00000000000270ec                rpl_neighbor_is_parent
                0x0000000000027116                rpl_neighbor_set_preferred_parent
                0x00000000000271ad                rpl_neighbor_remove_all
                0x0000000000027209                rpl_neighbor_get_from_ipaddr
                0x0000000000027317                rpl_neighbor_select_best
                0x00000000000273c3                rpl_neighbor_init
 .text          0x00000000000273e2      0xe69 build/cooja/mtype563.a(rpl-dag.o)
                0x00000000000273e2                rpl_dag_state_to_str
                0x0000000000027421                rpl_dag_get_root_ipaddr
                0x0000000000027469                rpl_dag_leave
                0x00000000000274f2                rpl_dag_poison_and_leave
                0x000000000002750a                rpl_dag_periodic
                0x0000000000027592                rpl_is_addr_in_our_dag
                0x00000000000275d6                rpl_get_default_instance
                0x00000000000275f2                rpl_get_any_dag
                0x000000000002764b                rpl_refresh_routes
                0x000000000002768b                rpl_global_repair
                0x0000000000027724                rpl_local_repair
                0x000000000002776e                rpl_dag_ready_to_advertise
                0x00000000000277b1                rpl_dag_update_state
                0x0000000000027ede                rpl_process_dio
                0x0000000000027f5c                rpl_process_dis
                0x0000000000027fa1                rpl_process_dao
                0x0000000000028030                rpl_process_dao_ack
                0x00000000000280c7                rpl_process_hbh
                0x0000000000028117                rpl_dag_init_root
                0x000000000002822b                rpl_dag_init
 .text          0x000000000002824b      0x9e7 build/cooja/mtype563.a(rpl-timers.o)
                0x000000000002824b                rpl_timers_schedule_periodic_dis
                0x0000000000028399                rpl_timers_dio_reset
                0x00000000000284a7                rpl_timers_schedule_unicast_dio
                0x00000000000285fb                rpl_timers_schedule_dao
                0x00000000000286ba                rpl_timers_schedule_dao_ack
                0x0000000000028740                rpl_timers_notify_dao_ack
                0x000000000002879e                get_probing_delay
                0x00000000000287d2                get_probing_target
                0x00000000000289bc                rpl_schedule_probing
                0x00000000000289ea                rpl_schedule_probing_now
                0x0000000000028a54                rpl_timers_unschedule_leaving
                0x0000000000028a8c                rpl_timers_schedule_leaving
                0x0000000000028acd                rpl_timers_init
                0x0000000000028b5d                rpl_timers_stop_dag_timers
                0x0000000000028bd6                rpl_timers_unschedule_state_update
                0x0000000000028bfa                rpl_timers_schedule_state_update
 .text          0x0000000000028c32      0xb8e build/cooja/mtype563.a(rpl-ext-header.)
                0x0000000000028c32                rpl_ext_header_srh_get_next_hop
                0x0000000000028d19                rpl_ext_header_srh_update
                0x0000000000029285                rpl_ext_header_hbh_update
                0x0000000000029585                rpl_ext_header_update
                0x000000000002960e                rpl_ext_header_remove
 .text          0x00000000000297c0      0x31b build/cooja/mtype563.a(rpl-mrhof.o)
 *fill*         0x0000000000029adb        0x5 
 .text          0x0000000000029ae0      0x122 /usr/lib/gcc/i686-linux-gnu/5/libgcc.a(_udivdi3.o)
                0x0000000000029ae0                __udivdi3
 .text          0x0000000000029c02        0x0 /usr/lib/gcc/i686-linux-gnu/5/crtendS.o
 .text          0x0000000000029c02        0x0 /usr/lib/gcc/i686-linux-gnu/5/../../../i386-linux-gnu/crtn.o
 *(.gnu.warning)

.fini           0x0000000000029c04       0x14
 *(SORT(.fini))
 .fini          0x0000000000029c04        0xf /usr/lib/gcc/i686-linux-gnu/5/../../../i386-linux-gnu/crti.o
                0x0000000000029c04                _fini
 .fini          0x0000000000029c13        0x5 /usr/lib/gcc/i686-linux-gnu/5/../../../i386-linux-gnu/crtn.o
                [!provide]                        PROVIDE (__etext, .)
                [!provide]                        PROVIDE (_etext, .)
                [!provide]                        PROVIDE (etext, .)

.rodata         0x0000000000029c20      0xbcb
 *(.rodata .rodata.* .gnu.linkonce.r.*)
 .rodata        0x0000000000029c20      0x173 ripening_notifier_server.o
                0x0000000000029c40                autostart_processes
 *fill*         0x0000000000029d93        0x1 
 .rodata        0x0000000000029d94        0x8 build/cooja/mtype563.a(beep.o)
                0x0000000000029d94                beep_interface
 .rodata        0x0000000000029d9c        0xe build/cooja/mtype563.a(leds-arch.o)
                0x0000000000029d9c                leds_interface
                0x0000000000029da4                leds_arch_leds
 *fill*         0x0000000000029daa        0x2 
 .rodata        0x0000000000029dac        0x8 build/cooja/mtype563.a(moteid.o)
                0x0000000000029dac                moteid_interface
 .rodata        0x0000000000029db4       0x1c build/cooja/mtype563.a(pir-sensor.o)
                0x0000000000029db4                pir_interface
                0x0000000000029dc0                pir_sensor
 .rodata        0x0000000000029dd0        0xe build/cooja/mtype563.a(rs232.o)
                0x0000000000029dd0                rs232_interface
 *fill*         0x0000000000029dde        0x2 
 .rodata        0x0000000000029de0       0x24 build/cooja/mtype563.a(vib-sensor.o)
                0x0000000000029de0                vib_interface
                0x0000000000029df4                vib_sensor
 .rodata        0x0000000000029e04        0x8 build/cooja/mtype563.a(clock.o)
                0x0000000000029e04                clock_interface
 .rodata        0x0000000000029e0c        0x8 build/cooja/mtype563.a(cooja-log.o)
                0x0000000000029e0c                simlog_interface
 .rodata        0x0000000000029e14       0x2f build/cooja/mtype563.a(cfs-cooja.o)
                0x0000000000029e14                cfs_interface
 *fill*         0x0000000000029e43       0x1d 
 .rodata        0x0000000000029e60       0xb8 build/cooja/mtype563.a(cooja-radio.o)
                0x0000000000029e60                radio_interface
                0x0000000000029ee0                cooja_radio_driver
 .rodata        0x0000000000029f18        0x8 build/cooja/mtype563.a(eeprom.o)
                0x0000000000029f18                eeprom_interface
 .rodata        0x0000000000029f20        0x8 build/cooja/mtype563.a(sensors.o)
 .rodata        0x0000000000029f28       0x2c build/cooja/mtype563.a(buttons.o)
                0x0000000000029f28                button_interface
                0x0000000000029f3c                button_hal_button_count
                0x0000000000029f44                button_sensor
 .rodata        0x0000000000029f54       0xe0 build/cooja/mtype563.a(ripening_notifi)
 .rodata        0x000000000002a034       0x41 build/cooja/mtype563.a(coap-engine.o)
 .rodata        0x000000000002a075       0x19 build/cooja/mtype563.a(coap-res-well-k)
 .rodata        0x000000000002a08e       0x11 build/cooja/mtype563.a(coap-observe.o)
 .rodata        0x000000000002a09f       0x35 build/cooja/mtype563.a(coap-uip.o)
 .rodata        0x000000000002a0d4      0x1ac build/cooja/mtype563.a(coap.o)
 .rodata        0x000000000002a280       0xf4 build/cooja/mtype563.a(contiki-main.o)
 .rodata        0x000000000002a374        0xf build/cooja/mtype563.a(ctimer.o)
 *fill*         0x000000000002a383        0x1 
 .rodata        0x000000000002a384       0xc4 build/cooja/mtype563.a(log.o)
 .rodata        0x000000000002a448        0xc build/cooja/mtype563.a(etimer.o)
 .rodata        0x000000000002a454       0x13 build/cooja/mtype563.a(button-hal.o)
 .rodata        0x000000000002a467        0xe build/cooja/mtype563.a(serial-line.o)
 *fill*         0x000000000002a475        0x3 
 .rodata        0x000000000002a478        0x8 build/cooja/mtype563.a(linkaddr.o)
                0x000000000002a478                linkaddr_null
 .rodata        0x000000000002a480       0x24 build/cooja/mtype563.a(csma.o)
                0x000000000002a488                csma_driver
 .rodata        0x000000000002a4a4       0x2a build/cooja/mtype563.a(csma-output.o)
 *fill*         0x000000000002a4ce        0x2 
 .rodata        0x000000000002a4d0       0x4d build/cooja/mtype563.a(uip-ds6-route.o)
 .rodata        0x000000000002a51d        0xd build/cooja/mtype563.a(tcpip.o)
 *fill*         0x000000000002a52a        0x2 
 .rodata        0x000000000002a52c       0x30 build/cooja/mtype563.a(sicslowpan.o)
                0x000000000002a52c                unc_llconf
                0x000000000002a530                unc_ctxconf
                0x000000000002a534                unc_mxconf
                0x000000000002a538                llprefix
                0x000000000002a54c                sicslowpan_driver
 .rodata        0x000000000002a55c       0x2d build/cooja/mtype563.a(uiplib.o)
 *fill*         0x000000000002a589       0x17 
 .rodata        0x000000000002a5a0       0x74 build/cooja/mtype563.a(rpl.o)
                0x000000000002a5c0                rpl_lite_driver
 .rodata        0x000000000002a614       0x20 build/cooja/mtype563.a(coap-timer-defa)
                0x000000000002a628                coap_timer_default_driver
 .rodata        0x000000000002a634       0x25 build/cooja/mtype563.a(assert.o)
 *fill*         0x000000000002a659        0x3 
 .rodata        0x000000000002a65c        0xc build/cooja/mtype563.a(framer-802154.o)
                0x000000000002a65c                framer_802154
 .rodata        0x000000000002a668       0x44 build/cooja/mtype563.a(uip-sr.o)
 .rodata        0x000000000002a6ac       0x58 build/cooja/mtype563.a(rpl-neighbor.o)
 .rodata        0x000000000002a704       0xdb build/cooja/mtype563.a(rpl-dag.o)
 .rodata        0x000000000002a7df        0xc build/cooja/mtype563.a(rpl-timers.o)

.rodata1
 *(.rodata1)

.eh_frame_hdr   0x000000000002a7ec     0x19d4
 *(.eh_frame_hdr)
 .eh_frame_hdr  0x000000000002a7ec     0x19d4 ripening_notifier_server.o
                0x000000000002a7ec                __GNU_EH_FRAME_HDR
 *(.eh_frame_entry .eh_frame_entry.*)

.eh_frame       0x000000000002c1c0     0x68c8
 *(.eh_frame)
 .eh_frame      0x000000000002c1c0       0x3c /usr/lib/gcc/i686-linux-gnu/5/../../../i386-linux-gnu/crti.o
                                         0x40 (size before relaxing)
 .eh_frame      0x000000000002c1fc       0x60 ripening_notifier_server.o
                                         0x78 (size before relaxing)
 .eh_frame      0x000000000002c25c      0x178 build/cooja/mtype563.o
                                        0x190 (size before relaxing)
 .eh_frame      0x000000000002c3d4       0x40 build/cooja/mtype563.a(simEnvChange.o)
                                         0x58 (size before relaxing)
 .eh_frame      0x000000000002c414       0x60 build/cooja/mtype563.a(cooja_mt.o)
                                         0x78 (size before relaxing)
 .eh_frame      0x000000000002c474       0x80 build/cooja/mtype563.a(cooja_mtarch.o)
                                         0x98 (size before relaxing)
 .eh_frame      0x000000000002c4f4       0xc8 build/cooja/mtype563.a(rtimer-arch.o)
                                         0xe0 (size before relaxing)
 .eh_frame      0x000000000002c5bc      0x160 build/cooja/mtype563.a(beep.o)
                                        0x178 (size before relaxing)
 .eh_frame      0x000000000002c71c       0x80 build/cooja/mtype563.a(leds-arch.o)
                                         0x98 (size before relaxing)
 .eh_frame      0x000000000002c79c       0x40 build/cooja/mtype563.a(moteid.o)
                                         0x58 (size before relaxing)
 .eh_frame      0x000000000002c7dc       0xa0 build/cooja/mtype563.a(pir-sensor.o)
                                         0xb8 (size before relaxing)
 .eh_frame      0x000000000002c87c      0x100 build/cooja/mtype563.a(rs232.o)
                                        0x118 (size before relaxing)
 .eh_frame      0x000000000002c97c       0xa0 build/cooja/mtype563.a(vib-sensor.o)
                                         0xb8 (size before relaxing)
 .eh_frame      0x000000000002ca1c       0xc0 build/cooja/mtype563.a(clock.o)
                                         0xd8 (size before relaxing)
 .eh_frame      0x000000000002cadc      0x120 build/cooja/mtype563.a(cooja-log.o)
                                        0x138 (size before relaxing)
 .eh_frame      0x000000000002cbfc      0x160 build/cooja/mtype563.a(cfs-cooja.o)
                                        0x178 (size before relaxing)
 .eh_frame      0x000000000002cd5c      0x340 build/cooja/mtype563.a(cooja-radio.o)
                                        0x358 (size before relaxing)
 .eh_frame      0x000000000002d09c       0xa0 build/cooja/mtype563.a(eeprom.o)
                                         0xb8 (size before relaxing)
 .eh_frame      0x000000000002d13c       0x40 build/cooja/mtype563.a(random.o)
                                         0x58 (size before relaxing)
 .eh_frame      0x000000000002d17c       0xc0 build/cooja/mtype563.a(sensors.o)
                                         0xd8 (size before relaxing)
 .eh_frame      0x000000000002d23c      0x120 build/cooja/mtype563.a(leds.o)
                                        0x138 (size before relaxing)
 .eh_frame      0x000000000002d35c      0x220 build/cooja/mtype563.a(gpio-hal-arch.o)
                                        0x238 (size before relaxing)
 .eh_frame      0x000000000002d57c       0xa0 build/cooja/mtype563.a(buttons.o)
                                         0xb8 (size before relaxing)
 .eh_frame      0x000000000002d61c       0x20 build/cooja/mtype563.a(ripening_notifi)
                                         0x38 (size before relaxing)
 .eh_frame      0x000000000002d63c       0x44 build/cooja/mtype563.a(coap-blocking-a)
                                         0x5c (size before relaxing)
 .eh_frame      0x000000000002d680      0x220 build/cooja/mtype563.a(coap-engine.o)
                                        0x238 (size before relaxing)
 .eh_frame      0x000000000002d8a0       0x24 build/cooja/mtype563.a(coap-res-well-k)
                                         0x3c (size before relaxing)
 .eh_frame      0x000000000002d8c4      0x188 build/cooja/mtype563.a(coap-observe.o)
                                        0x1a0 (size before relaxing)
 .eh_frame      0x000000000002da4c      0x250 build/cooja/mtype563.a(coap-uip.o)
                                        0x268 (size before relaxing)
 .eh_frame      0x000000000002dc9c      0x114 build/cooja/mtype563.a(coap-timer.o)
                                        0x12c (size before relaxing)
 .eh_frame      0x000000000002ddb0      0x100 build/cooja/mtype563.a(coap-transactio)
                                        0x118 (size before relaxing)
 .eh_frame      0x000000000002deb0      0x6ec build/cooja/mtype563.a(coap.o)
                                        0x704 (size before relaxing)
 .eh_frame      0x000000000002e59c       0x30 build/cooja/mtype563.a(contiki-main.o)
                                         0x48 (size before relaxing)
 .eh_frame      0x000000000002e5cc       0x40 build/cooja/mtype563.a(autostart.o)
                                         0x58 (size before relaxing)
 .eh_frame      0x000000000002e60c      0x100 build/cooja/mtype563.a(ctimer.o)
                                        0x118 (size before relaxing)
 .eh_frame      0x000000000002e70c      0x100 build/cooja/mtype563.a(log.o)
                                        0x118 (size before relaxing)
 .eh_frame      0x000000000002e80c       0x60 build/cooja/mtype563.a(energest.o)
                                         0x78 (size before relaxing)
 .eh_frame      0x000000000002e86c      0x1e0 build/cooja/mtype563.a(etimer.o)
                                        0x1f8 (size before relaxing)
 .eh_frame      0x000000000002ea4c       0x20 build/cooja/mtype563.a(node-id.o)
                                         0x38 (size before relaxing)
 .eh_frame      0x000000000002ea6c       0x60 build/cooja/mtype563.a(rtimer.o)
                                         0x78 (size before relaxing)
 .eh_frame      0x000000000002eacc      0x1c4 build/cooja/mtype563.a(process.o)
                                        0x1dc (size before relaxing)
 .eh_frame      0x000000000002ec90       0xa4 build/cooja/mtype563.a(timer.o)
                                         0xbc (size before relaxing)
 .eh_frame      0x000000000002ed34      0x1a0 build/cooja/mtype563.a(list.o)
                                        0x1b8 (size before relaxing)
 .eh_frame      0x000000000002eed4       0xa0 build/cooja/mtype563.a(memb.o)
                                         0xb8 (size before relaxing)
 .eh_frame      0x000000000002ef74      0x144 build/cooja/mtype563.a(button-hal.o)
                                        0x15c (size before relaxing)
 .eh_frame      0x000000000002f0b8       0x60 build/cooja/mtype563.a(serial-line.o)
                                         0x78 (size before relaxing)
 .eh_frame      0x000000000002f118       0xe0 build/cooja/mtype563.a(gpio-hal.o)
                                         0xf8 (size before relaxing)
 .eh_frame      0x000000000002f1f8      0x1a0 build/cooja/mtype563.a(queuebuf.o)
                                        0x1b8 (size before relaxing)
 .eh_frame      0x000000000002f398      0x28c build/cooja/mtype563.a(packetbuf.o)
                                        0x2a4 (size before relaxing)
 .eh_frame      0x000000000002f624       0x80 build/cooja/mtype563.a(netstack.o)
                                         0x98 (size before relaxing)
 .eh_frame      0x000000000002f6a4       0x60 build/cooja/mtype563.a(linkaddr.o)
                                         0x78 (size before relaxing)
 .eh_frame      0x000000000002f704       0xe0 build/cooja/mtype563.a(csma.o)
                                         0xf8 (size before relaxing)
 .eh_frame      0x000000000002f7e4      0x1d0 build/cooja/mtype563.a(csma-output.o)
                                        0x1e8 (size before relaxing)
 .eh_frame      0x000000000002f9b4      0x328 build/cooja/mtype563.a(uip-ds6.o)
                                        0x340 (size before relaxing)
 .eh_frame      0x000000000002fcdc       0x40 build/cooja/mtype563.a(uip-udp-packet.)
                                         0x58 (size before relaxing)
 .eh_frame      0x000000000002fd1c      0x220 build/cooja/mtype563.a(uip-ds6-route.o)
                                        0x238 (size before relaxing)
 .eh_frame      0x000000000002ff3c      0x244 build/cooja/mtype563.a(tcpip.o)
                                        0x25c (size before relaxing)
 .eh_frame      0x0000000000030180      0x1e8 build/cooja/mtype563.a(uip6.o)
                                        0x200 (size before relaxing)
 .eh_frame      0x0000000000030368      0x1c0 build/cooja/mtype563.a(uip-ds6-nbr.o)
                                        0x1d8 (size before relaxing)
 .eh_frame      0x0000000000030528       0x84 build/cooja/mtype563.a(uip-nd6.o)
                                         0x9c (size before relaxing)
 .eh_frame      0x00000000000305ac      0x2f8 build/cooja/mtype563.a(sicslowpan.o)
                                        0x310 (size before relaxing)
 .eh_frame      0x00000000000308a4       0x88 build/cooja/mtype563.a(uiplib.o)
                                         0xa0 (size before relaxing)
 .eh_frame      0x000000000003092c      0x1e0 build/cooja/mtype563.a(rpl.o)
                                        0x1f8 (size before relaxing)
 .eh_frame      0x0000000000030b0c      0x1c4 build/cooja/mtype563.a(rpl-icmp6.o)
                                        0x1dc (size before relaxing)
 .eh_frame      0x0000000000030cd0       0xa0 build/cooja/mtype563.a(rpl-dag-root.o)
                                         0xb8 (size before relaxing)
 .eh_frame      0x0000000000030d70       0xa0 build/cooja/mtype563.a(watchdog.o)
                                         0xb8 (size before relaxing)
 .eh_frame      0x0000000000030e10       0x80 build/cooja/mtype563.a(int-master.o)
                                         0x98 (size before relaxing)
 .eh_frame      0x0000000000030e90       0xa4 build/cooja/mtype563.a(coap-timer-defa)
                                         0xbc (size before relaxing)
 .eh_frame      0x0000000000030f34       0xc4 build/cooja/mtype563.a(stimer.o)
                                         0xdc (size before relaxing)
 .eh_frame      0x0000000000030ff8       0xa0 build/cooja/mtype563.a(ringbuf.o)
                                         0xb8 (size before relaxing)
 .eh_frame      0x0000000000031098       0x20 build/cooja/mtype563.a(assert.o)
                                         0x38 (size before relaxing)
 .eh_frame      0x00000000000310b8      0x2ac build/cooja/mtype563.a(nbr-table.o)
                                        0x2c4 (size before relaxing)
 .eh_frame      0x0000000000031364      0x120 build/cooja/mtype563.a(link-stats.o)
                                        0x138 (size before relaxing)
 .eh_frame      0x0000000000031484       0x48 build/cooja/mtype563.a(mac-sequence.o)
                                         0x60 (size before relaxing)
 .eh_frame      0x00000000000314cc       0x20 build/cooja/mtype563.a(mac.o)
                                         0x38 (size before relaxing)
 .eh_frame      0x00000000000314ec       0xa4 build/cooja/mtype563.a(framer-802154.o)
                                         0xbc (size before relaxing)
 .eh_frame      0x0000000000031590      0x1a4 build/cooja/mtype563.a(frame802154.o)
                                        0x1bc (size before relaxing)
 .eh_frame      0x0000000000031734       0x40 build/cooja/mtype563.a(csma-security.o)
                                         0x58 (size before relaxing)
 .eh_frame      0x0000000000031774      0x200 build/cooja/mtype563.a(uipbuf.o)
                                        0x218 (size before relaxing)
 .eh_frame      0x0000000000031974      0x150 build/cooja/mtype563.a(uip-icmp6.o)
                                        0x168 (size before relaxing)
 .eh_frame      0x0000000000031ac4      0x184 build/cooja/mtype563.a(uip-sr.o)
                                        0x19c (size before relaxing)
 .eh_frame      0x0000000000031c48       0xe0 build/cooja/mtype563.a(uip-packetqueue)
                                         0xf8 (size before relaxing)
 .eh_frame      0x0000000000031d28       0x80 build/cooja/mtype563.a(rpl-nbr-policy.)
                                         0x98 (size before relaxing)
 .eh_frame      0x0000000000031da8      0x2d4 build/cooja/mtype563.a(rpl-neighbor.o)
                                        0x2ec (size before relaxing)
 .eh_frame      0x000000000003207c      0x370 build/cooja/mtype563.a(rpl-dag.o)
                                        0x388 (size before relaxing)
 .eh_frame      0x00000000000323ec      0x3a8 build/cooja/mtype563.a(rpl-timers.o)
                                        0x3c0 (size before relaxing)
 .eh_frame      0x0000000000032794      0x124 build/cooja/mtype563.a(rpl-ext-header.)
                                        0x13c (size before relaxing)
 .eh_frame      0x00000000000328b8      0x148 build/cooja/mtype563.a(rpl-mrhof.o)
                                        0x160 (size before relaxing)
 .eh_frame      0x0000000000032a00       0x84 /usr/lib/gcc/i686-linux-gnu/5/libgcc.a(_udivdi3.o)
                                         0x9c (size before relaxing)
 .eh_frame      0x0000000000032a84        0x4 /usr/lib/gcc/i686-linux-gnu/5/crtendS.o
 *(.eh_frame.*)

.gcc_except_table
 *(.gcc_except_table .gcc_except_table.*)

.gnu_extab
 *(.gnu_extab*)

.exception_ranges
 *(.exception_ranges .exception_ranges*)
                0x0000000000033f10                . = DATA_SEGMENT_ALIGN (0x1000, 0x1000)

.eh_frame
 *(.eh_frame)
 *(.eh_frame.*)

.gnu_extab
 *(.gnu_extab)

.gcc_except_table
 *(.gcc_except_table .gcc_except_table.*)

.exception_ranges
 *(.exception_ranges .exception_ranges*)

.tdata
 *(.tdata .tdata.* .gnu.linkonce.td.*)

.tbss
 *(.tbss .tbss.* .gnu.linkonce.tb.*)
 *(.tcommon)

.preinit_array
 *(.preinit_array)

.init_array     0x0000000000033f10        0x4
 *(SORT(.init_array.*) SORT(.ctors.*))
 *(.init_array EXCLUDE_FILE(*crtend?.o *crtend.o *crtbegin?.o *crtbegin.o) .ctors)
 .init_array    0x0000000000033f10        0x4 /usr/lib/gcc/i686-linux-gnu/5/crtbeginS.o

.fini_array     0x0000000000033f14        0x4
 *(SORT(.fini_array.*) SORT(.dtors.*))
 *(.fini_array EXCLUDE_FILE(*crtend?.o *crtend.o *crtbegin?.o *crtbegin.o) .dtors)
 .fini_array    0x0000000000033f14        0x4 /usr/lib/gcc/i686-linux-gnu/5/crtbeginS.o

.ctors
 *crtbegin.o(.ctors)
 *crtbegin?.o(.ctors)
 *(EXCLUDE_FILE(*crtend?.o *crtend.o) .ctors)
 *(SORT(.ctors.*))
 *(.ctors)

.dtors
 *crtbegin.o(.dtors)
 *crtbegin?.o(.dtors)
 *(EXCLUDE_FILE(*crtend?.o *crtend.o) .dtors)
 *(SORT(.dtors.*))
 *(.dtors)

.jcr            0x0000000000033f18        0x4
 *(.jcr)
 .jcr           0x0000000000033f18        0x0 /usr/lib/gcc/i686-linux-gnu/5/crtbeginS.o
 .jcr           0x0000000000033f18        0x4 /usr/lib/gcc/i686-linux-gnu/5/crtendS.o

.data.rel.ro
 *(.data.rel.ro.local* .gnu.linkonce.d.rel.ro.local.*)
 *(.data.rel.ro .data.rel.ro.* .gnu.linkonce.d.rel.ro.*)

.dynamic        0x0000000000033f1c       0xd0
 *(.dynamic)
 .dynamic       0x0000000000033f1c       0xd0 /usr/lib/gcc/i686-linux-gnu/5/../../../i386-linux-gnu/crti.o
                0x0000000000033f1c                _DYNAMIC

.got            0x0000000000033fec       0x14
 *(.got)
 .got           0x0000000000033fec       0x14 /usr/lib/gcc/i686-linux-gnu/5/../../../i386-linux-gnu/crti.o
 *(.igot)
                0x0000000000034ff4                . = DATA_SEGMENT_RELRO_END (., (SIZEOF (.got.plt) >= 0xc)?0xc:0x0)

.got.plt        0x0000000000034000        0xc
 *(.got.plt)
 .got.plt       0x0000000000034000        0xc /usr/lib/gcc/i686-linux-gnu/5/../../../i386-linux-gnu/crti.o
                0x0000000000034000                _GLOBAL_OFFSET_TABLE_
 *(.igot.plt)

.data           0x0000000000034020      0x444
 *(.data .data.* .gnu.linkonce.d.*)
 .data          0x0000000000034020        0x0 /usr/lib/gcc/i686-linux-gnu/5/../../../i386-linux-gnu/crti.o
 .data          0x0000000000034020        0x0 /usr/lib/gcc/i686-linux-gnu/5/crtbeginS.o
 .data.rel.local
                0x0000000000034020        0x4 /usr/lib/gcc/i686-linux-gnu/5/crtbeginS.o
                0x0000000000034020                __dso_handle
 .data          0x0000000000034024       0x14 ripening_notifier_server.o
                0x0000000000034024                ripening_notifier_server
                0x0000000000034034                service_url
 *fill*         0x0000000000034038        0x8 
 .data          0x0000000000034040       0x44 build/cooja/mtype563.o
                0x0000000000034040                simInterfaces
                0x0000000000034074                sensors
 .data          0x0000000000034084        0x0 build/cooja/mtype563.a(simEnvChange.o)
 .data          0x0000000000034084        0x0 build/cooja/mtype563.a(cooja_mt.o)
 .data          0x0000000000034084        0x0 build/cooja/mtype563.a(cooja_mtarch.o)
 .data          0x0000000000034084        0x0 build/cooja/mtype563.a(rtimer-arch.o)
 .data          0x0000000000034084        0x0 build/cooja/mtype563.a(beep.o)
 .data          0x0000000000034084        0x0 build/cooja/mtype563.a(leds-arch.o)
 .data          0x0000000000034084        0x0 build/cooja/mtype563.a(moteid.o)
 .data          0x0000000000034084        0x0 build/cooja/mtype563.a(pir-sensor.o)
 .data          0x0000000000034084        0x0 build/cooja/mtype563.a(rs232.o)
 .data          0x0000000000034084        0x0 build/cooja/mtype563.a(vib-sensor.o)
 .data          0x0000000000034084        0x0 build/cooja/mtype563.a(clock.o)
 .data          0x0000000000034084        0x0 build/cooja/mtype563.a(cooja-log.o)
 .data          0x0000000000034084        0x0 build/cooja/mtype563.a(cfs-cooja.o)
 .data          0x0000000000034084       0x2c build/cooja/mtype563.a(cooja-radio.o)
                0x0000000000034084                simRadioHWOn
                0x0000000000034088                simSignalStrength
                0x000000000003408c                simLastSignalStrength
                0x0000000000034090                simPower
                0x0000000000034094                simRadioChannel
                0x0000000000034098                simLQI
                0x00000000000340a0                cooja_radio_process
 .data          0x00000000000340b0        0x0 build/cooja/mtype563.a(eeprom.o)
 .data          0x00000000000340b0        0x0 build/cooja/mtype563.a(random.o)
 .data          0x00000000000340b0       0x10 build/cooja/mtype563.a(sensors.o)
                0x00000000000340b0                sensors_process
 .data          0x00000000000340c0        0x0 build/cooja/mtype563.a(leds.o)
 .data          0x00000000000340c0        0x0 build/cooja/mtype563.a(gpio-hal-arch.o)
 .data          0x00000000000340c0       0x78 build/cooja/mtype563.a(buttons.o)
                0x00000000000340c0                simButtonIsActive
                0x0000000000034130                button_hal_buttons
 *fill*         0x0000000000034138        0x8 
 .data          0x0000000000034140       0x24 build/cooja/mtype563.a(ripening_notifi)
                0x0000000000034140                ripening_notifier
 .data          0x0000000000034164        0x0 build/cooja/mtype563.a(coap-blocking-a)
 .data          0x0000000000034164        0x8 build/cooja/mtype563.a(coap-engine.o)
 *fill*         0x000000000003416c       0x14 
 .data          0x0000000000034180       0x24 build/cooja/mtype563.a(coap-res-well-k)
                0x0000000000034180                res_well_known_core
 .data          0x00000000000341a4       0x10 build/cooja/mtype563.a(coap-observe.o)
 .data          0x00000000000341b4       0x10 build/cooja/mtype563.a(coap-uip.o)
                0x00000000000341b4                coap_engine
 .data          0x00000000000341c4        0x4 build/cooja/mtype563.a(coap-timer.o)
 .data          0x00000000000341c8       0x10 build/cooja/mtype563.a(coap-transactio)
 .data          0x00000000000341d8        0x4 build/cooja/mtype563.a(coap.o)
                0x00000000000341d8                coap_error_message
 .data          0x00000000000341dc        0x0 build/cooja/mtype563.a(contiki-main.o)
 .data          0x00000000000341dc        0x0 build/cooja/mtype563.a(autostart.o)
 .data          0x00000000000341dc       0x14 build/cooja/mtype563.a(ctimer.o)
                0x00000000000341e0                ctimer_process
 *fill*         0x00000000000341f0       0x10 
 .data          0x0000000000034200       0xbc build/cooja/mtype563.a(log.o)
                0x0000000000034200                curr_log_level_main
                0x0000000000034220                all_modules
 .data          0x00000000000342bc        0x0 build/cooja/mtype563.a(energest.o)
 .data          0x00000000000342bc       0x10 build/cooja/mtype563.a(etimer.o)
                0x00000000000342bc                etimer_process
 .data          0x00000000000342cc        0x0 build/cooja/mtype563.a(node-id.o)
 .data          0x00000000000342cc        0x0 build/cooja/mtype563.a(rtimer.o)
 .data          0x00000000000342cc        0x0 build/cooja/mtype563.a(process.o)
 .data          0x00000000000342cc        0x0 build/cooja/mtype563.a(timer.o)
 .data          0x00000000000342cc        0x0 build/cooja/mtype563.a(list.o)
 .data          0x00000000000342cc        0x0 build/cooja/mtype563.a(memb.o)
 .data          0x00000000000342cc       0x10 build/cooja/mtype563.a(button-hal.o)
                0x00000000000342cc                button_hal_process
 .data          0x00000000000342dc       0x10 build/cooja/mtype563.a(serial-line.o)
                0x00000000000342dc                serial_line_process
 .data          0x00000000000342ec        0x4 build/cooja/mtype563.a(gpio-hal.o)
 .data          0x00000000000342f0       0x18 build/cooja/mtype563.a(queuebuf.o)
 .data          0x0000000000034308        0x4 build/cooja/mtype563.a(packetbuf.o)
 .data          0x000000000003430c        0x4 build/cooja/mtype563.a(netstack.o)
 .data          0x0000000000034310        0x0 build/cooja/mtype563.a(linkaddr.o)
 .data          0x0000000000034310        0x0 build/cooja/mtype563.a(csma.o)
 .data          0x0000000000034310       0x28 build/cooja/mtype563.a(csma-output.o)
 .data          0x0000000000034338        0x0 build/cooja/mtype563.a(uip-ds6.o)
 .data          0x0000000000034338        0x0 build/cooja/mtype563.a(uip-udp-packet.)
 .data          0x0000000000034338       0x10 build/cooja/mtype563.a(uip-ds6-route.o)
 .data          0x0000000000034348       0x10 build/cooja/mtype563.a(tcpip.o)
                0x0000000000034348                tcpip_process
 .data          0x0000000000034358        0x0 build/cooja/mtype563.a(uip6.o)
 .data          0x0000000000034358       0x14 build/cooja/mtype563.a(uip-ds6-nbr.o)
 .data          0x000000000003436c        0xc build/cooja/mtype563.a(uip-nd6.o)
 .data          0x0000000000034378        0x0 build/cooja/mtype563.a(sicslowpan.o)
 .data          0x0000000000034378        0x0 build/cooja/mtype563.a(uiplib.o)
 .data          0x0000000000034378        0x0 build/cooja/mtype563.a(rpl.o)
 .data          0x0000000000034378       0x30 build/cooja/mtype563.a(rpl-icmp6.o)
 .data          0x00000000000343a8        0x0 build/cooja/mtype563.a(rpl-dag-root.o)
 .data          0x00000000000343a8        0x0 build/cooja/mtype563.a(watchdog.o)
 .data          0x00000000000343a8        0x0 build/cooja/mtype563.a(int-master.o)
 .data          0x00000000000343a8       0x10 build/cooja/mtype563.a(coap-timer-defa)
                0x00000000000343a8                coap_timer_process
 .data          0x00000000000343b8        0x0 build/cooja/mtype563.a(stimer.o)
 .data          0x00000000000343b8        0x0 build/cooja/mtype563.a(ringbuf.o)
 .data          0x00000000000343b8        0x0 build/cooja/mtype563.a(assert.o)
 .data          0x00000000000343b8       0x10 build/cooja/mtype563.a(nbr-table.o)
 .data          0x00000000000343c8       0x14 build/cooja/mtype563.a(link-stats.o)
 .data          0x00000000000343dc        0x0 build/cooja/mtype563.a(mac-sequence.o)
 .data          0x00000000000343dc        0x0 build/cooja/mtype563.a(mac.o)
 .data          0x00000000000343dc        0x0 build/cooja/mtype563.a(framer-802154.o)
 .data          0x00000000000343dc        0x2 build/cooja/mtype563.a(frame802154.o)
 .data          0x00000000000343de        0x0 build/cooja/mtype563.a(csma-security.o)
 .data          0x00000000000343de        0x0 build/cooja/mtype563.a(uipbuf.o)
 *fill*         0x00000000000343de        0x2 
 .data          0x00000000000343e0       0x20 build/cooja/mtype563.a(uip-icmp6.o)
 .data          0x0000000000034400       0x10 build/cooja/mtype563.a(uip-sr.o)
 .data          0x0000000000034410        0xc build/cooja/mtype563.a(uip-packetqueue)
 .data          0x000000000003441c        0x0 build/cooja/mtype563.a(rpl-nbr-policy.)
 .data          0x000000000003441c       0x14 build/cooja/mtype563.a(rpl-neighbor.o)
                0x000000000003442c                rpl_neighbors
 .data          0x0000000000034430        0x0 build/cooja/mtype563.a(rpl-dag.o)
 .data          0x0000000000034430        0x0 build/cooja/mtype563.a(rpl-timers.o)
 .data          0x0000000000034430        0x0 build/cooja/mtype563.a(rpl-ext-header.)
 *fill*         0x0000000000034430       0x10 
 .data          0x0000000000034440       0x24 build/cooja/mtype563.a(rpl-mrhof.o)
                0x0000000000034440                rpl_mrhof
 .data          0x0000000000034464        0x0 /usr/lib/gcc/i686-linux-gnu/5/libgcc.a(_udivdi3.o)
 .data          0x0000000000034464        0x0 /usr/lib/gcc/i686-linux-gnu/5/crtendS.o
 .data          0x0000000000034464        0x0 /usr/lib/gcc/i686-linux-gnu/5/../../../i386-linux-gnu/crtn.o

.tm_clone_table
                0x0000000000034464        0x0
 .tm_clone_table
                0x0000000000034464        0x0 /usr/lib/gcc/i686-linux-gnu/5/crtbeginS.o
 .tm_clone_table
                0x0000000000034464        0x0 /usr/lib/gcc/i686-linux-gnu/5/crtendS.o

.data1
 *(.data1)
                0x0000000000034464                _edata = .
                [!provide]                        PROVIDE (edata, .)
                0x0000000000034464                . = .
                0x0000000000034464                __bss_start = .

.bss            0x0000000000034480    0x13f84
 *(.dynbss)
 .dynbss        0x0000000000034480        0x0 /usr/lib/gcc/i686-linux-gnu/5/../../../i386-linux-gnu/crti.o
 *(.bss .bss.* .gnu.linkonce.b.*)
 .bss           0x0000000000034480        0x0 /usr/lib/gcc/i686-linux-gnu/5/../../../i386-linux-gnu/crti.o
 .bss           0x0000000000034480        0x1 /usr/lib/gcc/i686-linux-gnu/5/crtbeginS.o
 *fill*         0x0000000000034481       0x1f 
 .bss           0x00000000000344a0      0x12c ripening_notifier_server.o
 *fill*         0x00000000000345cc       0x14 
 .bss           0x00000000000345e0     0x2030 build/cooja/mtype563.o
 .bss           0x0000000000036610        0x1 build/cooja/mtype563.a(simEnvChange.o)
                0x0000000000036610                simDontFallAsleep
 *fill*         0x0000000000036611        0x3 
 .bss           0x0000000000036614        0x4 build/cooja/mtype563.a(cooja_mt.o)
 .bss           0x0000000000036618        0x4 build/cooja/mtype563.a(cooja_mtarch.o)
 .bss           0x000000000003661c        0x0 build/cooja/mtype563.a(rtimer-arch.o)
 .bss           0x000000000003661c        0x0 build/cooja/mtype563.a(beep.o)
 .bss           0x000000000003661c        0x1 build/cooja/mtype563.a(leds-arch.o)
                0x000000000003661c                simLedsValue
 .bss           0x000000000003661d        0x0 build/cooja/mtype563.a(moteid.o)
 .bss           0x000000000003661d        0x1 build/cooja/mtype563.a(pir-sensor.o)
                0x000000000003661d                simPirValue
 *fill*         0x000000000003661e        0x2 
 .bss           0x0000000000036620        0x4 build/cooja/mtype563.a(rs232.o)
 .bss           0x0000000000036624        0x1 build/cooja/mtype563.a(vib-sensor.o)
                0x0000000000036624                simVibValue
 .bss           0x0000000000036625        0x0 build/cooja/mtype563.a(clock.o)
 *fill*         0x0000000000036625       0x1b 
 .bss           0x0000000000036640     0x2020 build/cooja/mtype563.a(cooja-log.o)
 .bss           0x0000000000038660      0xfc0 build/cooja/mtype563.a(cfs-cooja.o)
                0x0000000000038660                simCFSData
                0x0000000000039600                simCFSSize
                0x0000000000039604                simCFSChanged
                0x0000000000039608                simCFSRead
                0x000000000003960c                simCFSWritten
 .bss           0x0000000000039620       0x24 build/cooja/mtype563.a(cooja-radio.o)
                0x0000000000039620                simReceiving
                0x0000000000039624                simInSize
                0x0000000000039628                simLastPacketTimestamp
                0x0000000000039630                simOutSize
 .bss           0x0000000000039644        0xc build/cooja/mtype563.a(eeprom.o)
                0x0000000000039644                simEEPROMChanged
                0x0000000000039648                simEEPROMRead
                0x000000000003964c                simEEPROMWritten
 .bss           0x0000000000039650        0x0 build/cooja/mtype563.a(random.o)
 .bss           0x0000000000039650        0xc build/cooja/mtype563.a(sensors.o)
 .bss           0x000000000003965c        0x0 build/cooja/mtype563.a(leds.o)
 .bss           0x000000000003965c       0x24 build/cooja/mtype563.a(gpio-hal-arch.o)
 .bss           0x0000000000039680        0x0 build/cooja/mtype563.a(buttons.o)
 .bss           0x0000000000039680        0x8 build/cooja/mtype563.a(ripening_notifi)
                0x0000000000039680                current_state
                0x0000000000039684                ethylene_level
 .bss           0x0000000000039688        0x0 build/cooja/mtype563.a(coap-blocking-a)
 *fill*         0x0000000000039688       0x18 
 .bss           0x00000000000396a0      0x190 build/cooja/mtype563.a(coap-engine.o)
 .bss           0x0000000000039830        0x0 build/cooja/mtype563.a(coap-res-well-k)
 *fill*         0x0000000000039830       0x10 
 .bss           0x0000000000039840      0x120 build/cooja/mtype563.a(coap-observe.o)
 .bss           0x0000000000039960       0x18 build/cooja/mtype563.a(coap-uip.o)
 .bss           0x0000000000039978        0x5 build/cooja/mtype563.a(coap-timer.o)
 *fill*         0x000000000003997d        0x3 
 .bss           0x0000000000039980      0x334 build/cooja/mtype563.a(coap-transactio)
 .bss           0x0000000000039cb4        0x6 build/cooja/mtype563.a(coap.o)
                0x0000000000039cb4                coap_status_code
 .bss           0x0000000000039cba        0x0 build/cooja/mtype563.a(contiki-main.o)
 .bss           0x0000000000039cba        0x0 build/cooja/mtype563.a(autostart.o)
 *fill*         0x0000000000039cba        0x2 
 .bss           0x0000000000039cbc        0x5 build/cooja/mtype563.a(ctimer.o)
 *fill*         0x0000000000039cc1        0x3 
 .bss           0x0000000000039cc4       0x2c build/cooja/mtype563.a(log.o)
                0x0000000000039cc4                curr_log_level_rpl
                0x0000000000039cc8                curr_log_level_tcpip
                0x0000000000039ccc                curr_log_level_ipv6
                0x0000000000039cd0                curr_log_level_6lowpan
                0x0000000000039cd4                curr_log_level_nullnet
                0x0000000000039cd8                curr_log_level_mac
                0x0000000000039cdc                curr_log_level_framer
                0x0000000000039ce0                curr_log_level_6top
                0x0000000000039ce4                curr_log_level_coap
                0x0000000000039ce8                curr_log_level_snmp
                0x0000000000039cec                curr_log_level_lwm2m
 .bss           0x0000000000039cf0        0x0 build/cooja/mtype563.a(energest.o)
 .bss           0x0000000000039cf0        0x8 build/cooja/mtype563.a(etimer.o)
 .bss           0x0000000000039cf8        0x2 build/cooja/mtype563.a(node-id.o)
                0x0000000000039cf8                node_id
 *fill*         0x0000000000039cfa        0x2 
 .bss           0x0000000000039cfc        0x4 build/cooja/mtype563.a(rtimer.o)
 .bss           0x0000000000039d00      0x1a1 build/cooja/mtype563.a(process.o)
                0x0000000000039d00                process_list
                0x0000000000039d04                process_current
 .bss           0x0000000000039ea1        0x0 build/cooja/mtype563.a(timer.o)
 .bss           0x0000000000039ea1        0x0 build/cooja/mtype563.a(list.o)
 .bss           0x0000000000039ea1        0x0 build/cooja/mtype563.a(memb.o)
 *fill*         0x0000000000039ea1        0x3 
 .bss           0x0000000000039ea4       0x10 build/cooja/mtype563.a(button-hal.o)
 *fill*         0x0000000000039eb4        0xc 
 .bss           0x0000000000039ec0      0x140 build/cooja/mtype563.a(serial-line.o)
 .bss           0x000000000003a000        0x4 build/cooja/mtype563.a(gpio-hal.o)
 *fill*         0x000000000003a004       0x1c 
 .bss           0x000000000003a020     0x2c80 build/cooja/mtype563.a(queuebuf.o)
 .bss           0x000000000003cca0       0xa0 build/cooja/mtype563.a(packetbuf.o)
 .bss           0x000000000003cd40        0x4 build/cooja/mtype563.a(netstack.o)
 .bss           0x000000000003cd44        0x0 build/cooja/mtype563.a(linkaddr.o)
 .bss           0x000000000003cd44        0x0 build/cooja/mtype563.a(csma.o)
 *fill*         0x000000000003cd44       0x1c 
 .bss           0x000000000003cd60      0x726 build/cooja/mtype563.a(csma-output.o)
 *fill*         0x000000000003d486        0x2 
 .bss           0x000000000003d488       0x30 build/cooja/mtype563.a(uip-ds6.o)
 .bss           0x000000000003d4b8        0x0 build/cooja/mtype563.a(uip-udp-packet.)
 *fill*         0x000000000003d4b8        0x8 
 .bss           0x000000000003d4c0       0x60 build/cooja/mtype563.a(uip-ds6-route.o)
 .bss           0x000000000003d520       0x10 build/cooja/mtype563.a(tcpip.o)
 .bss           0x000000000003d530        0x8 build/cooja/mtype563.a(uip6.o)
                0x000000000003d530                uip_ext_bitmap
                0x000000000003d532                uip_ext_len
                0x000000000003d534                uip_last_proto
 *fill*         0x000000000003d538        0x8 
 .bss           0x000000000003d540     0x1c20 build/cooja/mtype563.a(uip-ds6-nbr.o)
 .bss           0x000000000003f160       0x10 build/cooja/mtype563.a(uip-nd6.o)
 *fill*         0x000000000003f170       0x10 
 .bss           0x000000000003f180      0x724 build/cooja/mtype563.a(sicslowpan.o)
 .bss           0x000000000003f8a4        0x0 build/cooja/mtype563.a(uiplib.o)
 .bss           0x000000000003f8a4        0x1 build/cooja/mtype563.a(rpl.o)