Archive member included to satisfy reference by file (symbol)

build/cooja/mtype0.a(simEnvChange.o)
                              build/cooja/mtype0.o (simDontFallAsleep)
build/cooja/mtype0.a(cooja_mt.o)
                              build/cooja/mtype0.o (cooja_mt_start)
build/cooja/mtype0.a(cooja_mtarch.o)
                              build/cooja/mtype0.a(cooja_mt.o) (cooja_mtarch_start)
build/cooja/mtype0.a(rtimer-arch.o)
                              build/cooja/mtype0.o (rtimer_arch_check)
build/cooja/mtype0.a(beep.o)  build/cooja/mtype0.o (beep_interface)
build/cooja/mtype0.a(leds-arch.o)
                              build/cooja/mtype0.o (leds_interface)
build/cooja/mtype0.a(moteid.o)
                              build/cooja/mtype0.o (moteid_interface)
build/cooja/mtype0.a(pir-sensor.o)
                              build/cooja/mtype0.o (pir_interface)
build/cooja/mtype0.a(rs232.o)
                              build/cooja/mtype0.o (rs232_interface)
build/cooja/mtype0.a(vib-sensor.o)
                              build/cooja/mtype0.o (vib_interface)
build/cooja/mtype0.a(clock.o)
                              build/cooja/mtype0.o (clock_interface)
build/cooja/mtype0.a(cooja-log.o)
                              build/cooja/mtype0.o (simlog_interface)
build/cooja/mtype0.a(cfs-cooja.o)
                              build/cooja/mtype0.o (cfs_interface)
build/cooja/mtype0.a(cooja-radio.o)
                              build/cooja/mtype0.o (radio_interface)
build/cooja/mtype0.a(eeprom.o)
                              build/cooja/mtype0.o (eeprom_interface)
build/cooja/mtype0.a(random.o)
                              build/cooja/mtype0.a(moteid.o) (random_init)
build/cooja/mtype0.a(sensors.o)
                              build/cooja/mtype0.a(pir-sensor.o) (sensors_changed)
build/cooja/mtype0.a(leds.o)  ethylene_server.o (leds_on)
build/cooja/mtype0.a(gpio-hal-arch.o)
                              build/cooja/mtype0.a(leds-arch.o) (gpio_hal_arch_register_pin_callback)
build/cooja/mtype0.a(buttons.o)
                              build/cooja/mtype0.o (button_interface)
build/cooja/mtype0.a(ethylene_sensor)
                              ethylene_server.o (ethylene_sensor)
build/cooja/mtype0.a(coap-blocking-a)
                              ethylene_server.o (coap_blocking_request)
build/cooja/mtype0.a(coap-engine.o)
                              ethylene_server.o (coap_activate_resource)
build/cooja/mtype0.a(coap-res-well-k)
                              build/cooja/mtype0.a(coap-engine.o) (res_well_known_core)
build/cooja/mtype0.a(coap-observe.o)
                              build/cooja/mtype0.a(coap-engine.o) (coap_remove_observer_by_mid)
build/cooja/mtype0.a(coap-uip.o)
                              build/cooja/mtype0.a(coap-observe.o) (coap_endpoint_copy)
build/cooja/mtype0.a(coap-timer.o)
                              build/cooja/mtype0.a(coap-engine.o) (coap_timer_set)
build/cooja/mtype0.a(coap-transactio)
                              build/cooja/mtype0.a(coap-blocking-a) (coap_send_transaction)
build/cooja/mtype0.a(coap.o)  build/cooja/mtype0.a(coap-engine.o) (coap_status_code)
build/cooja/mtype0.a(contiki-main.o)
                              build/cooja/mtype0.o (main)
build/cooja/mtype0.a(autostart.o)
                              build/cooja/mtype0.a(contiki-main.o) (autostart_start)
build/cooja/mtype0.a(ctimer.o)
                              build/cooja/mtype0.a(contiki-main.o) (ctimer_init)
build/cooja/mtype0.a(log.o)   build/cooja/mtype0.a(contiki-main.o) (curr_log_level_main)
build/cooja/mtype0.a(energest.o)
                              build/cooja/mtype0.a(contiki-main.o) (energest_init)
build/cooja/mtype0.a(etimer.o)
                              build/cooja/mtype0.a(contiki-main.o) (etimer_process)
build/cooja/mtype0.a(node-id.o)
                              build/cooja/mtype0.a(contiki-main.o) (node_id)
build/cooja/mtype0.a(rtimer.o)
                              build/cooja/mtype0.a(contiki-main.o) (rtimer_init)
build/cooja/mtype0.a(process.o)
                              build/cooja/mtype0.a(coap-blocking-a) (process_current)
build/cooja/mtype0.a(timer.o)
                              build/cooja/mtype0.a(etimer.o) (timer_set)
build/cooja/mtype0.a(list.o)  build/cooja/mtype0.a(coap-engine.o) (list_init)
build/cooja/mtype0.a(memb.o)  build/cooja/mtype0.a(coap-observe.o) (memb_alloc)
build/cooja/mtype0.a(button-hal.o)
                              build/cooja/mtype0.o (button_hal_init)
build/cooja/mtype0.a(serial-line.o)
                              build/cooja/mtype0.a(rs232.o) (serial_line_input_byte)
build/cooja/mtype0.a(gpio-hal.o)
                              build/cooja/mtype0.a(button-hal.o) (gpio_hal_register_handler)
build/cooja/mtype0.a(queuebuf.o)
                              build/cooja/mtype0.a(contiki-main.o) (queuebuf_init)
build/cooja/mtype0.a(packetbuf.o)
                              build/cooja/mtype0.a(cooja-radio.o) (packetbuf_clear)
[...]
Memory Configuration

Name             Origin             Length             Attributes
*default*        0x0000000000000000 0xffffffffffffffff

Linker script and memory map

LOAD /usr/lib/gcc/i686-linux-gnu/5/../../../i386-linux-gnu/crti.o
LOAD /usr/lib/gcc/i686-linux-gnu/5/crtbeginS.o
LOAD ethylene_server.o
LOAD build/cooja/mtype0.o
LOAD build/cooja/mtype0.a
LOAD /usr/lib/gcc/i686-linux-gnu/5/libgcc.a
LOAD /usr/lib/gcc/i686-linux-gnu/5/libgcc_s.so
LOAD /usr/lib/gcc/i686-linux-gnu/5/../../../i386-linux-gnu/libc.so
START GROUP
LOAD /lib/i386-linux-gnu/libc.so.6
LOAD /usr/lib/i386-linux-gnu/libc_nonshared.a
LOAD /lib/i386-linux-gnu/ld-linux.so.2
END GROUP
LOAD /usr/lib/gcc/i686-linux-gnu/5/libgcc.a
LOAD /usr/lib/gcc/i686-linux-gnu/5/libgcc_s.so
LOAD /usr/lib/gcc/i686-linux-gnu/5/crtendS.o
LOAD /usr/lib/gcc/i686-linux-gnu/5/../../../i386-linux-gnu/crtn.o
                0x0000000000000114                . = (0x0 + SIZEOF_HEADERS)

.note.gnu.build-id
                0x0000000000000114       0x24
 *(.note.gnu.build-id)
 .note.gnu.build-id
                0x0000000000000114       0x24 /usr/lib/gcc/i686-linux-gnu/5/../../../i386-linux-gnu/crti.o

.hash
 *(.hash)

.gnu.hash       0x0000000000000138     0x1590
 *(.gnu.hash)
 .gnu.hash      0x0000000000000138     0x1590 /usr/lib/gcc/i686-linux-gnu/5/../../../i386-linux-gnu/crti.o

.dynsym         0x00000000000016c8     0x2ed0
 *(.dynsym)
 .dynsym        0x00000000000016c8     0x2ed0 /usr/lib/gcc/i686-linux-gnu/5/../../../i386-linux-gnu/crti.o

.dynstr         0x0000000000004598     0x3692
 *(.dynstr)
 .dynstr        0x0000000000004598     0x3692 /usr/lib/gcc/i686-linux-gnu/5/../../../i386-linux-gnu/crti.o

.gnu.version    0x0000000000007c2a      0x5da
 *(.gnu.version)
 .gnu.version   0x0000000000007c2a      0x5da /usr/lib/gcc/i686-linux-gnu/5/../../../i386-linux-gnu/crti.o

.gnu.version_d  0x0000000000008204        0x0
 *(.gnu.version_d)
 .gnu.version_d
                0x0000000000008204        0x0 /usr/lib/gcc/i686-linux-gnu/5/../../../i386-linux-gnu/crti.o

.gnu.version_r  0x0000000000008204       0x40
 *(.gnu.version_r)
 .gnu.version_r
                0x0000000000008204       0x40 /usr/lib/gcc/i686-linux-gnu/5/../../../i386-linux-gnu/crti.o

.rel.dyn        0x0000000000008244     0x91e8
 *(.rel.init)
 .rel.init      0x0000000000008244        0x0 /usr/lib/gcc/i686-linux-gnu/5/../../../i386-linux-gnu/crti.o
 *(.rel.text .rel.text.* .rel.gnu.linkonce.t.*)
 .rel.text      0x0000000000008244     0x8830 /usr/lib/gcc/i686-linux-gnu/5/../../../i386-linux-gnu/crti.o
 *(.rel.fini)
 .rel.fini      0x0000000000010a74        0x0 /usr/lib/gcc/i686-linux-gnu/5/../../../i386-linux-gnu/crti.o
 *(.rel.rodata .rel.rodata.* .rel.gnu.linkonce.r.*)
 .rel.rodata    0x0000000000010a74      0x588 /usr/lib/gcc/i686-linux-gnu/5/../../../i386-linux-gnu/crti.o
 *(.rel.data.rel.ro .rel.data.rel.ro.* .rel.gnu.linkonce.d.rel.ro.*)
 *(.rel.data .rel.data.* .rel.gnu.linkonce.d.*)
 .rel.data.rel.local
                0x0000000000010ffc        0x8 /usr/lib/gcc/i686-linux-gnu/5/../../../i386-linux-gnu/crti.o
 .rel.data      0x0000000000011004      0x3f0 /usr/lib/gcc/i686-linux-gnu/5/../../../i386-linux-gnu/crti.o
 *(.rel.tdata .rel.tdata.* .rel.gnu.linkonce.td.*)
 *(.rel.tbss .rel.tbss.* .rel.gnu.linkonce.tb.*)
 *(.rel.ctors)
 *(.rel.dtors)
 *(.rel.got)
 .rel.got       0x00000000000113f4       0x28 /usr/lib/gcc/i686-linux-gnu/5/../../../i386-linux-gnu/crti.o
 *(.rel.bss .rel.bss.* .rel.gnu.linkonce.b.*)
 *(.rel.ifunc)
 .rel.ifunc     0x000000000001141c        0x0 /usr/lib/gcc/i686-linux-gnu/5/../../../i386-linux-gnu/crti.o
 .rel.fini_array
                0x000000000001141c        0x8 /usr/lib/gcc/i686-linux-gnu/5/../../../i386-linux-gnu/crti.o
 .rel.init_array
                0x0000000000011424        0x8 /usr/lib/gcc/i686-linux-gnu/5/../../../i386-linux-gnu/crti.o

.rel.plt        0x000000000001142c        0x0
 *(.rel.plt)
 .rel.plt       0x000000000001142c        0x0 /usr/lib/gcc/i686-linux-gnu/5/../../../i386-linux-gnu/crti.o
 *(.rel.iplt)

.init           0x000000000001142c       0x23
 *(SORT(.init))
 .init          0x000000000001142c       0x1e /usr/lib/gcc/i686-linux-gnu/5/../../../i386-linux-gnu/crti.o
                0x000000000001142c                _init
 .init          0x000000000001144a        0x5 /usr/lib/gcc/i686-linux-gnu/5/../../../i386-linux-gnu/crtn.o

.plt            0x0000000000011450       0x10
 *(.plt)
 .plt           0x0000000000011450       0x10 /usr/lib/gcc/i686-linux-gnu/5/../../../i386-linux-gnu/crti.o
 *(.iplt)

.plt.got        0x0000000000011460       0x10
 *(.plt.got)
 .plt.got       0x0000000000011460       0x10 /usr/lib/gcc/i686-linux-gnu/5/../../../i386-linux-gnu/crti.o

.text           0x0000000000011470    0x186d2
 *(.text.unlikely .text.*_unlikely .text.unlikely.*)
 .text.unlikely
                0x0000000000011470        0x0 /usr/lib/gcc/i686-linux-gnu/5/crtbeginS.o
 .text.unlikely
                0x0000000000011470        0x0 /usr/lib/gcc/i686-linux-gnu/5/libgcc.a(_udivdi3.o)
 *(.text.exit .text.exit.*)
 *(.text.startup .text.startup.*)
 *(.text.hot .text.hot.*)
 *(.text .stub .text.* .gnu.linkonce.t.*)
 .text          0x0000000000011470        0x0 /usr/lib/gcc/i686-linux-gnu/5/../../../i386-linux-gnu/crti.o
 .gnu.linkonce.t.__x86.get_pc_thunk.bx
                0x0000000000011470        0x4 /usr/lib/gcc/i686-linux-gnu/5/../../../i386-linux-gnu/crti.o
                0x0000000000011470                __x86.get_pc_thunk.bx
 *fill*         0x0000000000011474        0xc 
 .text          0x0000000000011480      0x11c /usr/lib/gcc/i686-linux-gnu/5/crtbeginS.o
 .text.__x86.get_pc_thunk.dx
                0x000000000001159c        0x4 /usr/lib/gcc/i686-linux-gnu/5/crtbeginS.o
                0x000000000001159c                __x86.get_pc_thunk.dx
 .text          0x00000000000115a0      0x44a ethylene_server.o
                0x000000000001162e                client_chunk_handler
 .text          0x00000000000119ea      0x283 build/cooja/mtype0.o
                0x0000000000011a7c                platform_init_stage_one
                0x0000000000011a8f                platform_init_stage_two
                0x0000000000011aa2                platform_init_stage_three
                0x0000000000011ab5                platform_main_loop
                0x0000000000011b28                Java_org_contikios_cooja_corecomm_Lib10_init
                0x0000000000011b5f                Java_org_contikios_cooja_corecomm_Lib10_getMemory
                0x0000000000011b92                Java_org_contikios_cooja_corecomm_Lib10_setMemory
                0x0000000000011bf2                Java_org_contikios_cooja_corecomm_Lib10_tick
                0x0000000000011c5a                Java_org_contikios_cooja_corecomm_Lib10_setReferenceAddress
 .text          0x0000000000011c6d       0x65 build/cooja/mtype0.a(simEnvChange.o)
                0x0000000000011c6d                doActionsBeforeTick
                0x0000000000011c9f                doActionsAfterTick
 .text          0x0000000000011cd2       0x83 build/cooja/mtype0.a(cooja_mt.o)
                0x0000000000011cd2                cooja_mt_start
                0x0000000000011cfc                cooja_mt_exec
                0x0000000000011d32                cooja_mt_yield
 .text          0x0000000000011d55       0xbe build/cooja/mtype0.a(cooja_mtarch.o)
                0x0000000000011d55                cooja_mtarch_start
                0x0000000000011dc8                cooja_sw
                0x0000000000011deb                cooja_mtarch_exec
                0x0000000000011e08                cooja_mtarch_yield
 .text          0x0000000000011e13       0xc5 build/cooja/mtype0.a(rtimer-arch.o)
                0x0000000000011e13                rtimer_arch_init
                0x0000000000011e37                rtimer_arch_schedule
                0x0000000000011e67                rtimer_arch_next
                0x0000000000011e77                rtimer_arch_pending
                0x0000000000011e81                rtimer_arch_check
                0x0000000000011ec8                rtimer_arch_now
 .text          0x0000000000011ed8       0x81 build/cooja/mtype0.a(beep.o)
                0x0000000000011ed8                beep_alarm
                0x0000000000011ee5                beep_beep
                0x0000000000011ef2                beep
                0x0000000000011eff                beep_down
                0x0000000000011f0c                beep_on
                0x0000000000011f19                beep_off
                0x0000000000011f26                beep_spinup
                0x0000000000011f33                beep_quick
                0x0000000000011f40                beep_long
 .text          0x0000000000011f59       0x65 build/cooja/mtype0.a(leds-arch.o)
                0x0000000000011f6c                leds_arch_init
 .text          0x0000000000011fbe       0x35 build/cooja/mtype0.a(moteid.o)
 .text          0x0000000000011ff3       0xb7 build/cooja/mtype0.a(pir-sensor.o)
 .text          0x00000000000120aa      0x148 build/cooja/mtype0.a(rs232.o)
                0x00000000000120aa                rs232_init
                0x00000000000120b0                rs232_set_speed
                0x00000000000120bf                rs232_set_input
                0x00000000000120cd                rs232_send
                0x00000000000120f1                rs232_print
                0x000000000001210d                slip_arch_writeb
 .text          0x00000000000121f2       0xb7 build/cooja/mtype0.a(vib-sensor.o)
 .text          0x00000000000122a9       0x38 build/cooja/mtype0.a(clock.o)
                0x00000000000122a9                clock_init
                0x00000000000122af                clock_time
                0x00000000000122b9                clock_seconds
                0x00000000000122cf                clock_delay
 .text          0x00000000000122e1      0x219 build/cooja/mtype0.a(cooja-log.o)
                0x00000000000122e1                simlog_char
                0x0000000000012324                simlog
                0x000000000001239a                log_message
                0x00000000000123cb                log_set_putchar_with_slip
                0x00000000000123d9                log_putchar
                0x0000000000012454                log_puts
                0x000000000001247c                log_printf
 .text          0x00000000000124fa      0x2b9 build/cooja/mtype0.a(cfs-cooja.o)
                0x00000000000124fa                cfs_open
                0x0000000000012563                cfs_close
                0x0000000000012570                cfs_read
                0x0000000000012605                cfs_write
                0x00000000000126e1                cfs_seek
                0x0000000000012769                cfs_remove
                0x000000000001278d                cfs_opendir
                0x0000000000012797                cfs_readdir
                0x00000000000127a1                cfs_closedir
 .text          0x00000000000127b3      0x620 build/cooja/mtype0.a(cooja-radio.o)
                0x00000000000127f5                radio_set_channel
                0x0000000000012803                radio_set_txpower
                0x000000000001281b                radio_signal_strength_last
                0x0000000000012825                radio_signal_strength_current
                0x000000000001282f                radio_LQI
 .text          0x0000000000012dd3       0xee build/cooja/mtype0.a(eeprom.o)
                0x0000000000012dd3                eeprom_init
                0x0000000000012dd9                eeprom_read
                0x0000000000012e47                eeprom_write
 .text          0x0000000000012ec1       0x2d build/cooja/mtype0.a(random.o)
                0x0000000000012ec1                random_init
                0x0000000000012ee1                random_rand
 .text          0x0000000000012eee      0x29c build/cooja/mtype0.a(sensors.o)
                0x0000000000012f29                sensors_first
                0x0000000000012f33                sensors_next
                0x0000000000012f4d                sensors_changed
                0x0000000000012f81                sensors_find
 .text          0x000000000001318a      0x349 build/cooja/mtype0.a(leds.o)
                0x000000000001318a                leds_init
                0x00000000000131d1                leds_single_on
                0x0000000000013230                leds_single_off
                0x000000000001328f                leds_single_toggle
                0x00000000000132c1                leds_on
                0x0000000000013343                leds_off
                0x00000000000133c5                leds_toggle
                0x000000000001341a                leds_set
                0x0000000000013446                leds_get
 .text          0x00000000000134d3      0x343 build/cooja/mtype0.a(gpio-hal-arch.o)
                0x00000000000134d3                gpio_hal_arch_register_pin_callback
                0x000000000001353f                gpio_hal_arch_init
                0x0000000000013584                gpio_hal_arch_no_port_interrupt_enable
                0x00000000000135b4                gpio_hal_arch_no_port_interrupt_disable
                0x00000000000135e4                gpio_hal_arch_no_port_pin_cfg_set
                0x0000000000013609                gpio_hal_arch_no_port_pin_cfg_get
                0x000000000001362f                gpio_hal_arch_no_port_pin_set_input
                0x0000000000013641                gpio_hal_arch_no_port_pin_set_output
                0x0000000000013653                gpio_hal_arch_no_port_set_pin
                0x0000000000013674                gpio_hal_arch_no_port_clear_pin
                0x0000000000013695                gpio_hal_arch_no_port_read_pin
                0x00000000000136bb                gpio_hal_arch_no_port_write_pin
                0x00000000000136e5                gpio_hal_arch_no_port_set_pins
                0x000000000001372c                gpio_hal_arch_no_port_clear_pins
                0x0000000000013773                gpio_hal_arch_no_port_read_pins
                0x00000000000137b6                gpio_hal_arch_no_port_write_pins
 .text          0x0000000000013816       0x89 build/cooja/mtype0.a(buttons.o)
 .text          0x000000000001389f      0x1d1 build/cooja/mtype0.a(ethylene_sensor)
 .text          0x0000000000013a70      0x27b build/cooja/mtype0.a(coap-blocking-a)
                0x0000000000013a70                coap_blocking_request_callback
                0x0000000000013a9a                coap_blocking_request
 .text          0x0000000000013ceb      0xbea build/cooja/mtype0.a(coap-engine.o)
                0x0000000000013d80                coap_add_handler
                0x0000000000013d9d                coap_remove_handler
                0x0000000000013dba                coap_call_handlers
                0x0000000000013ec2                coap_receive
                0x00000000000144bd                coap_engine_init
                0x000000000001451b                coap_activate_resource
                0x00000000000145c6                coap_get_first_resource
                0x00000000000145df                coap_get_next_resource
 .text          0x00000000000148d5      0x2d9 build/cooja/mtype0.a(coap-res-well-k)
 .text          0x0000000000014bae      0x96a build/cooja/mtype0.a(coap-observe.o)
                0x0000000000014cc3                coap_remove_observer
                0x0000000000014cf3                coap_remove_observer_by_client
                0x0000000000014d5b                coap_remove_observer_by_token
                0x0000000000014dee                coap_remove_observer_by_uri
                0x0000000000014e95                coap_remove_observer_by_mid
                0x0000000000014f11                coap_notify_observers
                0x0000000000014f2a                coap_notify_observers_sub
                0x0000000000015394                coap_observe_handler
                0x00000000000154af                coap_has_observers
 .text          0x0000000000015518      0x733 build/cooja/mtype0.a(coap-uip.o)
                0x0000000000015518                coap_endpoint_log
                0x000000000001559e                coap_endpoint_print
                0x0000000000015624                coap_endpoint_snprint
                0x0000000000015757                coap_endpoint_copy
                0x0000000000015794                coap_endpoint_cmp
                0x00000000000158a2                coap_endpoint_parse
                0x0000000000015a8d                coap_endpoint_is_secure
                0x0000000000015a9c                coap_endpoint_is_connected
                0x0000000000015ad0                coap_endpoint_connect
                0x0000000000015aec                coap_endpoint_disconnect
                0x0000000000015af2                coap_databuf
                0x0000000000015afc                coap_transport_init
                0x0000000000015b4c                coap_sendto
 .text          0x0000000000015c4b      0x324 build/cooja/mtype0.a(coap-timer.o)
                0x0000000000015d48                coap_timer_stop
                0x0000000000015d73                coap_timer_set
                0x0000000000015db6                coap_timer_reset
                0x0000000000015df9                coap_timer_time_to_next_expiration
                0x0000000000015e65                coap_timer_run
                0x0000000000015f31                coap_timer_init
 .text          0x0000000000015f6f      0x2c6 build/cooja/mtype0.a(coap-transactio)
                0x0000000000015fd5                coap_new_transaction
                0x000000000001603b                coap_send_transaction
                0x000000000001619c                coap_clear_transaction
                0x00000000000161e4                coap_get_transaction_by_mid
 .text          0x0000000000016235     0x1c53 build/cooja/mtype0.a(coap.o)
                0x00000000000167a2                coap_init_connection
                0x00000000000167b6                coap_get_mid
                0x00000000000167d2                coap_init_message
                0x000000000001681b                coap_serialize_message
                0x0000000000016e9d                coap_parse_message
                0x0000000000017504                coap_get_query_variable
                0x0000000000017546                coap_get_post_variable
                0x000000000001758a                coap_set_status_code
                0x00000000000175af                coap_set_token
                0x00000000000175f6                coap_get_header_content_format
                0x0000000000017627                coap_set_header_content_format
                0x000000000001764a                coap_get_header_accept
                0x000000000001767b                coap_set_header_accept
                0x000000000001769e                coap_get_header_max_age
                0x00000000000176cf                coap_set_header_max_age
                0x00000000000176ef                coap_get_header_etag
                0x0000000000017721                coap_set_header_etag
                0x0000000000017778                coap_get_header_if_match
                0x00000000000177aa                coap_set_header_if_match
                0x0000000000017801                coap_get_header_if_none_match
                0x000000000001781b                coap_set_header_if_none_match
                0x0000000000017832                coap_get_header_proxy_uri
                0x0000000000017860                coap_set_header_proxy_uri
                0x000000000001789d                coap_get_header_uri_host
                0x00000000000178cb                coap_set_header_uri_host
                0x0000000000017908                coap_get_header_uri_path
                0x0000000000017936                coap_set_header_uri_path
                0x0000000000017983                coap_get_header_uri_query
                0x00000000000179b7                coap_set_header_uri_query
                0x0000000000017a0d                coap_get_header_location_path
                0x0000000000017a3b                coap_set_header_location_path
                0x0000000000017ad4                coap_get_header_location_query
                0x0000000000017b02                coap_set_header_location_query
                0x0000000000017b4f                coap_get_header_observe
                0x0000000000017b7e                coap_set_header_observe
                0x0000000000017b9e                coap_get_header_block2
                0x0000000000017c0a                coap_set_header_block2
                0x0000000000017c81                coap_get_header_block1
                0x0000000000017cf6                coap_set_header_block1
                0x0000000000017d71                coap_get_header_size2
                0x0000000000017da1                coap_set_header_size2
                0x0000000000017dc4                coap_get_header_size1
                0x0000000000017df4                coap_set_header_size1
                0x0000000000017e17                coap_get_payload
                0x0000000000017e51                coap_set_payload
 .text          0x0000000000017e88      0x332 build/cooja/mtype0.a(contiki-main.o)
                0x0000000000017e88                main
 .text          0x00000000000181ba       0x92 build/cooja/mtype0.a(autostart.o)
                0x00000000000181ba                autostart_start
                0x0000000000018204                autostart_exit
 .text          0x000000000001824c      0x355 build/cooja/mtype0.a(ctimer.o)
                0x0000000000018374                ctimer_init
                0x00000000000183a7                ctimer_set
                0x00000000000183cd                ctimer_set_with_process
                0x000000000001844a                ctimer_reset
                0x000000000001849e                ctimer_restart
                0x00000000000184f2                ctimer_stop
                0x0000000000018542                ctimer_expired
 .text          0x00000000000185a1      0x394 build/cooja/mtype0.a(log.o)
                0x00000000000185a1                log_6addr
                0x00000000000185f4                log_6addr_compact_snprint
                0x0000000000018692                log_6addr_compact
                0x00000000000186e5                log_lladdr
                0x0000000000018757                log_lladdr_compact
                0x00000000000187bf                log_set_level
                0x000000000001887a                log_get_level
                0x00000000000188f3                log_level_to_str
 .text          0x0000000000018935       0x1b build/cooja/mtype0.a(energest.o)
                0x0000000000018935                energest_init
                0x000000000001893b                energest_flush
                0x0000000000018941                energest_get_total_time
 .text          0x0000000000018950      0x43f build/cooja/mtype0.a(etimer.o)
                0x0000000000018b74                etimer_request_poll
                0x0000000000018bfd                etimer_set
                0x0000000000018c26                etimer_reset_with_new_interval
                0x0000000000018c55                etimer_reset
                0x0000000000018c7b                etimer_restart
                0x0000000000018ca1                etimer_adjust
                0x0000000000018cbe                etimer_expired
                0x0000000000018cd1                etimer_expiration_time
                0x0000000000018ce3                etimer_start_time
                0x0000000000018ced                etimer_pending
                0x0000000000018cff                etimer_next_expiration_time
                0x0000000000018d19                etimer_stop
 .text          0x0000000000018d8f       0x25 build/cooja/mtype0.a(node-id.o)
                0x0000000000018d8f                node_id_init
 .text          0x0000000000018db4       0xeb build/cooja/mtype0.a(rtimer.o)
                0x0000000000018db4                rtimer_init
                0x0000000000018dc2                rtimer_set
                0x0000000000018e3d                rtimer_run_next
 .text          0x0000000000018e9f      0x4fb build/cooja/mtype0.a(process.o)
                0x0000000000018e9f                process_alloc_event
                0x0000000000018eb4                process_start
                0x000000000001908e                process_exit
                0x00000000000190ab                process_init
                0x0000000000019240                process_run
                0x0000000000019273                process_nevents
                0x000000000001928e                process_post
                0x0000000000019321                process_post_synch
                0x0000000000019356                process_poll
                0x0000000000019386                process_is_running
 .text          0x000000000001939a       0xb1 build/cooja/mtype0.a(timer.o)
                0x000000000001939a                timer_set
                0x00000000000193b8                timer_reset
                0x00000000000193e5                timer_restart
                0x00000000000193fa                timer_expired
                0x0000000000019427                timer_remaining
 .text          0x000000000001944b      0x28f build/cooja/mtype0.a(list.o)
                0x000000000001944b                list_init
                0x000000000001945a                list_head
                0x0000000000019464                list_copy
                0x0000000000019474                list_tail
                0x00000000000194aa                list_add
                0x00000000000194f6                list_push
                0x0000000000019522                list_chop
                0x000000000001958c                list_pop
                0x00000000000195b4                list_remove
                0x000000000001961c                list_length
                0x000000000001964a                list_insert
                0x000000000001968f                list_item_next
                0x00000000000196a6                list_contains
 .text          0x00000000000196da      0x1b5 build/cooja/mtype0.a(memb.o)
                0x00000000000196da                memb_init
                0x000000000001972f                memb_alloc
                0x0000000000019792                memb_free
                0x0000000000019809                memb_inmemb
                0x0000000000019848                memb_numfree
 .text          0x000000000001988f      0x41c build/cooja/mtype0.a(button-hal.o)
                0x0000000000019a08                button_hal_get_by_id
                0x0000000000019a46                button_hal_get_by_index
                0x0000000000019a72                button_hal_get_state
                0x0000000000019ac4                button_hal_init
 .text          0x0000000000019cab      0x1f3 build/cooja/mtype0.a(serial-line.o)
                0x0000000000019cab                serial_line_input_byte
                0x0000000000019e69                serial_line_init
 .text          0x0000000000019e9e      0x168 build/cooja/mtype0.a(gpio-hal.o)
                0x0000000000019e9e                gpio_hal_register_handler
                0x0000000000019ebb                gpio_hal_event_handler
                0x0000000000019f17                gpio_hal_init
                0x0000000000019f36                gpio_hal_arch_port_toggle_pin
                0x0000000000019f72                gpio_hal_arch_port_toggle_pins
                0x0000000000019fa0                gpio_hal_arch_no_port_toggle_pin
                0x0000000000019fde                gpio_hal_arch_no_port_toggle_pins
 .text          0x000000000001a006      0x2e7 build/cooja/mtype0.a(queuebuf.o)
                0x000000000001a010                queuebuf_init
                0x000000000001a039                queuebuf_numfree
                0x000000000001a051                queuebuf_new_from_packetbuf
                0x000000000001a0f0                queuebuf_update_attr_from_packetbuf
                0x000000000001a125                queuebuf_update_from_packetbuf
                0x000000000001a175                queuebuf_free
                0x000000000001a1be                queuebuf_to_packetbuf
                0x000000000001a22a                queuebuf_dataptr
                0x000000000001a264                queuebuf_datalen
                0x000000000001a287                queuebuf_addr
                0x000000000001a2bc                queuebuf_attr
                0x000000000001a2e7                queuebuf_debug_print
 .text          0x000000000001a2ed      0x407 build/cooja/mtype0.a(packetbuf.o)
                0x000000000001a2ed                packetbuf_clear
                0x000000000001a318                packetbuf_copyfrom
                0x000000000001a367                packetbuf_copyto
                0x000000000001a3fa                packetbuf_hdralloc
                0x000000000001a476                packetbuf_hdrreduce
                0x000000000001a4bc                packetbuf_set_datalen
                0x000000000001a4d6                packetbuf_dataptr
                0x000000000001a4f3                packetbuf_hdrptr
                0x000000000001a4fd                packetbuf_datalen
                0x000000000001a509                packetbuf_hdrlen
                0x000000000001a520                packetbuf_totlen
                0x000000000001a536                packetbuf_remaininglen
                0x000000000001a549                packetbuf_attr_clear
                0x000000000001a595                packetbuf_attr_copyto
                0x000000000001a5ed                packetbuf_attr_copyfrom
                0x000000000001a645                packetbuf_set_attr
                0x000000000001a66f                packetbuf_attr
                0x000000000001a689                packetbuf_set_addr
                0x000000000001a6ba                packetbuf_addr
                0x000000000001a6d7                packetbuf_holds_broadcast
 .text          0x000000000001a6f4       0xef build/cooja/mtype0.a(netstack.o)
                0x000000000001a6f4                netstack_process_ip_callback
                0x000000000001a785                netstack_ip_packet_processor_add
                0x000000000001a7a8                uip_ds6_ip_packet_processor_rm
                0x000000000001a7c5                netstack_init
 .text          0x000000000001a7e3       0x4f build/cooja/mtype0.a(linkaddr.o)
                0x000000000001a7e3                linkaddr_copy
                0x000000000001a7f9                linkaddr_cmp
                0x000000000001a81c                linkaddr_set_node_addr
 .text          0x000000000001a832      0x1f6 build/cooja/mtype0.a(csma.o)
 .text          0x000000000001aa28      0x95d build/cooja/mtype0.a(csma-output.o)
                0x000000000001b0bf                csma_output_packet
                0x000000000001b34c                csma_output_init
 .text          0x000000000001b385      0xc11 build/cooja/mtype0.a(uip-ds6.o)
                0x000000000001b385                uip_ds6_default_prefix
                0x000000000001b38f                uip_ds6_set_default_prefix
                0x000000000001b3ba                uip_ds6_init
                0x000000000001b61c                uip_ds6_periodic
                0x000000000001b6a3                uip_ds6_list_loop
                0x000000000001b763                uip_ds6_prefix_add
                0x000000000001b80f                uip_ds6_prefix_rm
                0x000000000001b822                uip_ds6_prefix_lookup
                0x000000000001b861                uip_ds6_is_addr_onlink
                0x000000000001b8d4                uip_ds6_addr_add
                0x000000000001b9f4                uip_ds6_addr_rm
                0x000000000001ba9d                uip_ds6_addr_lookup
                0x000000000001bad6                uip_ds6_get_link_local
                0x000000000001bb57                uip_ds6_get_global
                0x000000000001bbd8                uip_ds6_maddr_add
                0x000000000001bc38                uip_ds6_maddr_rm
                0x000000000001bc4b                uip_ds6_maddr_lookup
                0x000000000001bc84                uip_ds6_aaddr_add
                0x000000000001bce4                uip_ds6_aaddr_rm
                0x000000000001bcf7                uip_ds6_aaddr_lookup
                0x000000000001bd30                uip_ds6_select_src
                0x000000000001be79                uip_ds6_set_addr_iid
                0x000000000001bea4                uip_ds6_set_lladdr_from_iid
                0x000000000001becd                get_match_length
                0x000000000001bf5e                uip_ds6_compute_reachable_time
 .text          0x000000000001bf96      0x128 build/cooja/mtype0.a(uip-udp-packet.)
                0x000000000001bf96                uip_udp_packet_send
                0x000000000001bff1                uip_udp_packet_sendto
 .text          0x000000000001c0be      0x35b build/cooja/mtype0.a(uip-ds6-route.o)
                0x000000000001c10f                uip_ds6_route_init
                0x000000000001c139                uip_ds6_route_nexthop
                0x000000000001c143                uip_ds6_route_head
                0x000000000001c14d                uip_ds6_route_next
                0x000000000001c157                uip_ds6_route_is_nexthop
                0x000000000001c161                uip_ds6_route_num_routes
                0x000000000001c16b                uip_ds6_route_lookup
                0x000000000001c175                uip_ds6_route_add
                0x000000000001c188                uip_ds6_route_rm
                0x000000000001c18e                uip_ds6_route_rm_by_nexthop
                0x000000000001c194                uip_ds6_defrt_head
                0x000000000001c1ad                uip_ds6_defrt_add
                0x000000000001c25b                uip_ds6_defrt_rm
                0x000000000001c2c1                uip_ds6_defrt_lookup
                0x000000000001c328                uip_ds6_defrt_choose
                0x000000000001c39e                uip_ds6_defrt_periodic
 .text          0x000000000001c419      0x6f7 build/cooja/mtype0.a(tcpip.o)
                0x000000000001c433                tcpip_output
                0x000000000001c4b2                udp_attach
                0x000000000001c4ca                udp_new
                0x000000000001c514                udp_broadcast_new
                0x000000000001c686                tcpip_input
                0x000000000001c816                tcpip_ipv6_output
                0x000000000001ca0a                tcpip_poll_udp
                0x000000000001ca28                tcpip_uipcall
 .text          0x000000000001cb10     0x1205 build/cooja/mtype0.a(uip6.o)
                0x000000000001cbbf                uip_chksum
                0x000000000001cc96                uip_icmp6chksum
                0x000000000001ccab                uip_udpchksum
                0x000000000001ccc0                uip_init
                0x000000000001cd09                uip_remove_ext_hdr
                0x000000000001cde3                uip_udp_new
                0x000000000001d0f7                uip_process
                0x000000000001dbef                uip_htons
                0x000000000001dc11                uip_htonl
                0x000000000001dc4f                uip_send
 .text          0x000000000001dd15      0x369 build/cooja/mtype0.a(uip-ds6-nbr.o)
                0x000000000001dd15                uip_ds6_neighbors_init
                0x000000000001dd39                uip_ds6_nbr_add
                0x000000000001ddbf                uip_ds6_nbr_rm
                0x000000000001de0a                uip_ds6_nbr_update_ll
                0x000000000001def8                uip_ds6_nbr_get_ipaddr
                0x000000000001df0d                uip_ds6_nbr_get_ll
                0x000000000001df29                uip_ds6_nbr_num
                0x000000000001df72                uip_ds6_nbr_head
                0x000000000001df8b                uip_ds6_nbr_next
                0x000000000001dfa7                uip_ds6_nbr_lookup
                0x000000000001dfff                uip_ds6_nbr_ll_lookup
                0x000000000001e01b                uip_ds6_nbr_ipaddr_from_lladdr
                0x000000000001e044                uip_ds6_nbr_lladdr_from_ipaddr
                0x000000000001e078                uip_ds6_link_callback
 .text          0x000000000001e07e      0x6a7 build/cooja/mtype0.a(uip-nd6.o)
                0x000000000001e70c                uip_nd6_init
 .text          0x000000000001e725     0x2c17 build/cooja/mtype0.a(sicslowpan.o)
                0x000000000001ed2c                netstack_sniffer_add
                0x000000000001ed3a                netstack_sniffer_remove
                0x0000000000021310                sicslowpan_init
                0x0000000000021332                sicslowpan_get_last_rssi
 .text          0x000000000002133c      0x4d1 build/cooja/mtype0.a(uiplib.o)
                0x000000000002133c                uiplib_ip6addrconv
                0x00000000000214f4                uiplib_ip4addrconv
                0x00000000000215b7                uiplib_ipaddr_print
                0x000000000002160a                uiplib_ipaddr_snprint
 .text          0x000000000002180d      0x4c9 build/cooja/mtype0.a(rpl.o)
                0x000000000002180d                rpl_lollipop_greater_than
                0x0000000000021867                rpl_get_global_address
                0x000000000002195f                rpl_link_callback
                0x00000000000219a3                rpl_has_joined
                0x00000000000219c8                rpl_is_reachable
                0x0000000000021a49                rpl_reset_prefix
                0x0000000000021ab3                rpl_set_prefix_from_addr
                0x0000000000021b98                rpl_set_prefix
                0x0000000000021cb2                rpl_set_leaf_only
                0x0000000000021cca                rpl_get_leaf_only
 .text          0x0000000000021cd6     0x138c build/cooja/mtype0.a(rpl-icmp6.o)
                0x0000000000021dfb                rpl_icmp6_update_nbr_table
                0x0000000000021e84                rpl_icmp6_dis_output
                0x00000000000224ca                rpl_icmp6_dio_output
                0x0000000000022cc8                rpl_icmp6_dao_output
                0x0000000000022fa9                rpl_icmp6_dao_ack_output
                0x0000000000023019                rpl_icmp6_init
 .text          0x0000000000023062      0x264 build/cooja/mtype0.a(rpl-dag-root.o)
                0x0000000000023062                rpl_dag_root_print_links
                0x000000000002318e                rpl_dag_root_set_prefix
                0x00000000000231ba                rpl_dag_root_start
                0x0000000000023297                rpl_dag_root_is_root
 .text          0x00000000000232c6       0x30 build/cooja/mtype0.a(watchdog.o)
                0x00000000000232c6                watchdog_init
                0x00000000000232cc                watchdog_start
                0x00000000000232d2                watchdog_periodic
                0x00000000000232ea                watchdog_stop
                0x00000000000232f0                watchdog_reboot
 .text          0x00000000000232f6       0x4a build/cooja/mtype0.a(int-master.o)
                0x00000000000232f6                int_master_enable
                0x0000000000023306                int_master_read_and_disable
                0x0000000000023323                int_master_status_set
                0x0000000000023331                int_master_is_enabled
 .text          0x0000000000023340      0x226 build/cooja/mtype0.a(coap-timer-defa)
 .text          0x0000000000023566       0xc7 build/cooja/mtype0.a(stimer.o)
                0x0000000000023566                stimer_set
                0x0000000000023584                stimer_reset
                0x00000000000235b1                stimer_restart
                0x00000000000235c6                stimer_expired
                0x00000000000235f1                stimer_remaining
                0x0000000000023615                stimer_elapsed
 .text          0x000000000002362d      0x156 build/cooja/mtype0.a(ringbuf.o)
                0x000000000002362d                ringbuf_init
                0x000000000002365f                ringbuf_put
                0x00000000000236dd                ringbuf_get
                0x000000000002374a                ringbuf_size
                0x000000000002375c                ringbuf_elements
 .text          0x0000000000023783       0x1f build/cooja/mtype0.a(assert.o)
                0x0000000000023783                _xassert
 .text          0x00000000000237a2      0x79b build/cooja/mtype0.a(nbr-table.o)
                0x0000000000023c1b                nbr_table_register
                0x0000000000023c88                nbr_table_is_registered
                0x0000000000023cc3                nbr_table_head
                0x0000000000023d1e                nbr_table_next
                0x0000000000023d7f                nbr_table_add_lladdr
                0x0000000000023e59                nbr_table_get_from_lladdr
                0x0000000000023ea5                nbr_table_remove
                0x0000000000023edd                nbr_table_lock
                0x0000000000023ef7                nbr_table_unlock
                0x0000000000023f11                nbr_table_get_lladdr
 .text          0x0000000000023f3d      0x3a5 build/cooja/mtype0.a(link-stats.o)
                0x0000000000023f3d                link_stats_from_lladdr
                0x0000000000023f59                link_stats_get_lladdr
                0x0000000000023f75                link_stats_is_fresh
                0x0000000000023fb1                guess_etx_from_rssi
                0x000000000002402d                link_stats_packet_sent
                0x000000000002414d                link_stats_input_callback
                0x000000000002425d                link_stats_reset
                0x00000000000242ad                link_stats_init
 .text          0x00000000000242e2      0x187 build/cooja/mtype0.a(mac-sequence.o)
                0x00000000000242e2                mac_sequence_is_duplicate
                0x0000000000024382                mac_sequence_register_seqno
 .text          0x0000000000024469       0x23 build/cooja/mtype0.a(mac.o)
                0x0000000000024469                mac_call_sent_callback
 .text          0x000000000002448c      0x432 build/cooja/mtype0.a(framer-802154.o)
                0x000000000002461b                framer_802154_setup_params
 .text          0x00000000000248be      0xb6f build/cooja/mtype0.a(frame802154.o)
                0x00000000000248ef                frame802154_get_pan_id
                0x00000000000248fb                frame802154_set_pan_id
                0x0000000000024915                frame802154_has_panid
                0x0000000000024ac4                frame802154_check_dest_panid
                0x0000000000024b4c                frame802154_is_broadcast_addr
                0x0000000000024b99                frame802154_extract_linkaddr
                0x0000000000024dfe                frame802154_hdrlen
                0x0000000000024e71                frame802154_create_fcf
                0x0000000000024f29                frame802154_create
                0x000000000002509e                frame802154_parse_fcf
                0x0000000000025180                frame802154_parse
 .text          0x000000000002542d       0x2d build/cooja/mtype0.a(csma-security.o)
                0x000000000002542d                csma_security_create_frame
                0x000000000002544b                csma_security_parse_frame
 .text          0x000000000002545a      0x4e4 build/cooja/mtype0.a(uipbuf.o)
                0x000000000002545a                uipbuf_clear
                0x0000000000025481                uipbuf_add_ext_hdr
                0x0000000000025501                uipbuf_set_len
                0x000000000002552e                uipbuf_set_len_field
                0x000000000002555a                uipbuf_get_len_field
                0x000000000002557a                uipbuf_get_next_header
                0x00000000000256ac                uipbuf_get_last_header
                0x0000000000025725                uipbuf_search_header
                0x00000000000257db                uipbuf_get_attr
                0x0000000000025802                uipbuf_set_attr
                0x0000000000025839                uipbuf_set_default_attr
                0x0000000000025870                uipbuf_clear_attr
                0x0000000000025894                uipbuf_set_attr_flag
                0x00000000000258b5                uipbuf_clr_attr_flag
                0x00000000000258dc                uipbuf_is_attr_flag
                0x0000000000025900                uipbuf_init
 .text          0x000000000002593e      0x73f build/cooja/mtype0.a(uip-icmp6.o)
                0x00000000000259b3                uip_icmp6_input
                0x0000000000025a0a                uip_icmp6_register_input_handler
                0x0000000000025b5d                uip_icmp6_error_output
                0x0000000000025e0e                uip_icmp6_send
                0x0000000000026005                uip_icmp6_echo_reply_callback_add
                0x0000000000026037                uip_icmp6_echo_reply_callback_rm
                0x0000000000026054                uip_icmp6_init
 .text          0x000000000002607d      0x69b build/cooja/mtype0.a(uip-sr.o)
                0x000000000002607d                uip_sr_num_nodes
                0x000000000002610b                uip_sr_get_node
                0x0000000000026162                uip_sr_is_addr_reachable
                0x0000000000026210                uip_sr_expire_parent
                0x0000000000026259                uip_sr_update_node
                0x0000000000026389                uip_sr_init
                0x00000000000263bd                uip_sr_node_head
                0x00000000000263d6                uip_sr_node_next
                0x00000000000263ec                uip_sr_periodic
                0x00000000000264f2                uip_sr_free_all
                0x0000000000026562                uip_sr_link_snprint
 .text          0x0000000000026718      0x146 build/cooja/mtype0.a(uip-packetqueue)
                0x0000000000026746                uip_packetqueue_new
                0x0000000000026755                uip_packetqueue_alloc
                0x00000000000267b0                uip_packetqueue_free
                0x00000000000267f7                uip_packetqueue_buf
                0x0000000000026814                uip_packetqueue_buflen
                0x0000000000026835                uip_packetqueue_set_buflen
 .text          0x000000000002685e      0x1b0 build/cooja/mtype0.a(rpl-nbr-policy.)
                0x00000000000269cb                rpl_nbr_policy_find_removable
 .text          0x0000000000026a0e      0x915 build/cooja/mtype0.a(rpl-neighbor.o)
                0x0000000000026a8a                rpl_neighbor_snprint
                0x0000000000026d3d                rpl_neighbor_print_list
                0x0000000000026df2                rpl_neighbor_count
                0x0000000000026e99                rpl_neighbor_get_from_lladdr
                0x0000000000026eb5                rpl_neighbor_is_acceptable_parent
                0x0000000000026ee9                rpl_neighbor_get_link_metric
                0x0000000000026f1d                rpl_neighbor_rank_via_nbr
                0x0000000000026f51                rpl_neighbor_get_lladdr
                0x0000000000026f6d                rpl_neighbor_get_ipaddr
                0x0000000000026f94                rpl_neighbor_get_link_stats
                0x0000000000026fbb                rpl_neighbor_is_fresh
                0x0000000000026fe2                rpl_neighbor_is_reachable
                0x000000000002702d                rpl_neighbor_is_parent
                0x0000000000027057                rpl_neighbor_set_preferred_parent
                0x00000000000270ee                rpl_neighbor_remove_all
                0x000000000002714a                rpl_neighbor_get_from_ipaddr
                0x0000000000027258                rpl_neighbor_select_best
                0x0000000000027304                rpl_neighbor_init
 .text          0x0000000000027323      0xe69 build/cooja/mtype0.a(rpl-dag.o)
                0x0000000000027323                rpl_dag_state_to_str
                0x0000000000027362                rpl_dag_get_root_ipaddr
                0x00000000000273aa                rpl_dag_leave
                0x0000000000027433                rpl_dag_poison_and_leave
                0x000000000002744b                rpl_dag_periodic
                0x00000000000274d3                rpl_is_addr_in_our_dag
                0x0000000000027517                rpl_get_default_instance
                0x0000000000027533                rpl_get_any_dag
                0x000000000002758c                rpl_refresh_routes
                0x00000000000275cc                rpl_global_repair
                0x0000000000027665                rpl_local_repair
                0x00000000000276af                rpl_dag_ready_to_advertise
                0x00000000000276f2                rpl_dag_update_state
                0x0000000000027e1f                rpl_process_dio
                0x0000000000027e9d                rpl_process_dis
                0x0000000000027ee2                rpl_process_dao
                0x0000000000027f71                rpl_process_dao_ack
                0x0000000000028008                rpl_process_hbh
                0x0000000000028058                rpl_dag_init_root
                0x000000000002816c                rpl_dag_init
 .text          0x000000000002818c      0x9e7 build/cooja/mtype0.a(rpl-timers.o)
                0x000000000002818c                rpl_timers_schedule_periodic_dis
                0x00000000000282da                rpl_timers_dio_reset
                0x00000000000283e8                rpl_timers_schedule_unicast_dio
                0x000000000002853c                rpl_timers_schedule_dao
                0x00000000000285fb                rpl_timers_schedule_dao_ack
                0x0000000000028681                rpl_timers_notify_dao_ack
                0x00000000000286df                get_probing_delay
                0x0000000000028713                get_probing_target
                0x00000000000288fd                rpl_schedule_probing
                0x000000000002892b                rpl_schedule_probing_now
                0x0000000000028995                rpl_timers_unschedule_leaving
                0x00000000000289cd                rpl_timers_schedule_leaving
                0x0000000000028a0e                rpl_timers_init
                0x0000000000028a9e                rpl_timers_stop_dag_timers
                0x0000000000028b17                rpl_timers_unschedule_state_update
                0x0000000000028b3b                rpl_timers_schedule_state_update
 .text          0x0000000000028b73      0xb8e build/cooja/mtype0.a(rpl-ext-header.)
                0x0000000000028b73                rpl_ext_header_srh_get_next_hop
                0x0000000000028c5a                rpl_ext_header_srh_update
                0x00000000000291c6                rpl_ext_header_hbh_update
                0x00000000000294c6                rpl_ext_header_update
                0x000000000002954f                rpl_ext_header_remove
 .text          0x0000000000029701      0x31b build/cooja/mtype0.a(rpl-mrhof.o)
 *fill*         0x0000000000029a1c        0x4 
 .text          0x0000000000029a20      0x122 /usr/lib/gcc/i686-linux-gnu/5/libgcc.a(_udivdi3.o)
                0x0000000000029a20                __udivdi3
 .text          0x0000000000029b42        0x0 /usr/lib/gcc/i686-linux-gnu/5/crtendS.o
 .text          0x0000000000029b42        0x0 /usr/lib/gcc/i686-linux-gnu/5/../../../i386-linux-gnu/crtn.o
 *(.gnu.warning)

.fini           0x0000000000029b44       0x14
 *(SORT(.fini))
 .fini          0x0000000000029b44        0xf /usr/lib/gcc/i686-linux-gnu/5/../../../i386-linux-gnu/crti.o
                0x0000000000029b44                _fini
 .fini          0x0000000000029b53        0x5 /usr/lib/gcc/i686-linux-gnu/5/../../../i386-linux-gnu/crtn.o
                [!provide]                        PROVIDE (__etext, .)
                [!provide]                        PROVIDE (_etext, .)
                [!provide]                        PROVIDE (etext, .)

.rodata         0x0000000000029b60      0xb2b
 *(.rodata .rodata.* .gnu.linkonce.r.*)
 .rodata        0x0000000000029b60      0x150 ethylene_server.o
                0x0000000000029b7c                autostart_processes
 .rodata        0x0000000000029cb0        0x8 build/cooja/mtype0.a(beep.o)
                0x0000000000029cb0                beep_interface
 .rodata        0x0000000000029cb8        0xe build/cooja/mtype0.a(leds-arch.o)
                0x0000000000029cb8                leds_interface
                0x0000000000029cc0                leds_arch_leds
 *fill*         0x0000000000029cc6        0x2 
 .rodata        0x0000000000029cc8        0x8 build/cooja/mtype0.a(moteid.o)
                0x0000000000029cc8                moteid_interface
 .rodata        0x0000000000029cd0       0x1c build/cooja/mtype0.a(pir-sensor.o)
                0x0000000000029cd0                pir_interface
                0x0000000000029cdc                pir_sensor
 .rodata        0x0000000000029cec        0xe build/cooja/mtype0.a(rs232.o)
                0x0000000000029cec                rs232_interface
 *fill*         0x0000000000029cfa        0x2 
 .rodata        0x0000000000029cfc       0x24 build/cooja/mtype0.a(vib-sensor.o)
                0x0000000000029cfc                vib_interface
                0x0000000000029d10                vib_sensor
 .rodata        0x0000000000029d20        0x8 build/cooja/mtype0.a(clock.o)
                0x0000000000029d20                clock_interface
 .rodata        0x0000000000029d28        0x8 build/cooja/mtype0.a(cooja-log.o)
                0x0000000000029d28                simlog_interface
 .rodata        0x0000000000029d30       0x2f build/cooja/mtype0.a(cfs-cooja.o)
                0x0000000000029d30                cfs_interface
 *fill*         0x0000000000029d5f        0x1 
 .rodata        0x0000000000029d60       0xb8 build/cooja/mtype0.a(cooja-radio.o)
                0x0000000000029d60                radio_interface
                0x0000000000029de0                cooja_radio_driver
 .rodata        0x0000000000029e18        0x8 build/cooja/mtype0.a(eeprom.o)
                0x0000000000029e18                eeprom_interface
 .rodata        0x0000000000029e20        0x8 build/cooja/mtype0.a(sensors.o)
 .rodata        0x0000000000029e28       0x2c build/cooja/mtype0.a(buttons.o)
                0x0000000000029e28                button_interface
                0x0000000000029e3c                button_hal_button_count
                0x0000000000029e44                button_sensor
 *fill*         0x0000000000029e54        0x4 
 .rodata        0x0000000000029e58       0x88 build/cooja/mtype0.a(ethylene_sensor)
 .rodata        0x0000000000029ee0       0x41 build/cooja/mtype0.a(coap-engine.o)
 .rodata        0x0000000000029f21       0x19 build/cooja/mtype0.a(coap-res-well-k)
 .rodata        0x0000000000029f3a       0x11 build/cooja/mtype0.a(coap-observe.o)
 .rodata        0x0000000000029f4b       0x35 build/cooja/mtype0.a(coap-uip.o)
 .rodata        0x0000000000029f80      0x1ac build/cooja/mtype0.a(coap.o)
 .rodata        0x000000000002a12c       0xf8 build/cooja/mtype0.a(contiki-main.o)
 .rodata        0x000000000002a224        0xf build/cooja/mtype0.a(ctimer.o)
 *fill*         0x000000000002a233        0x1 
 .rodata        0x000000000002a234       0xc4 build/cooja/mtype0.a(log.o)
 .rodata        0x000000000002a2f8        0xc build/cooja/mtype0.a(etimer.o)
 .rodata        0x000000000002a304       0x13 build/cooja/mtype0.a(button-hal.o)
 .rodata        0x000000000002a317        0xe build/cooja/mtype0.a(serial-line.o)
 *fill*         0x000000000002a325        0x3 
 .rodata        0x000000000002a328        0x8 build/cooja/mtype0.a(linkaddr.o)
                0x000000000002a328                linkaddr_null
 .rodata        0x000000000002a330       0x24 build/cooja/mtype0.a(csma.o)
                0x000000000002a338                csma_driver
 .rodata        0x000000000002a354       0x2a build/cooja/mtype0.a(csma-output.o)
 *fill*         0x000000000002a37e        0x2 
 .rodata        0x000000000002a380       0x4d build/cooja/mtype0.a(uip-ds6-route.o)
 .rodata        0x000000000002a3cd        0xd build/cooja/mtype0.a(tcpip.o)
 *fill*         0x000000000002a3da        0x2 
 .rodata        0x000000000002a3dc       0x30 build/cooja/mtype0.a(sicslowpan.o)
                0x000000000002a3dc                unc_llconf
                0x000000000002a3e0                unc_ctxconf
                0x000000000002a3e4                unc_mxconf
                0x000000000002a3e8                llprefix
                0x000000000002a3fc                sicslowpan_driver
 .rodata        0x000000000002a40c       0x2d build/cooja/mtype0.a(uiplib.o)
 *fill*         0x000000000002a439        0x7 
 .rodata        0x000000000002a440       0x74 build/cooja/mtype0.a(rpl.o)
                0x000000000002a460                rpl_lite_driver
 .rodata        0x000000000002a4b4       0x20 build/cooja/mtype0.a(coap-timer-defa)
                0x000000000002a4c8                coap_timer_default_driver
 .rodata        0x000000000002a4d4       0x25 build/cooja/mtype0.a(assert.o)
 *fill*         0x000000000002a4f9        0x3 
 .rodata        0x000000000002a4fc        0xc build/cooja/mtype0.a(framer-802154.o)
                0x000000000002a4fc                framer_802154
 .rodata        0x000000000002a508       0x44 build/cooja/mtype0.a(uip-sr.o)
 .rodata        0x000000000002a54c       0x58 build/cooja/mtype0.a(rpl-neighbor.o)
 .rodata        0x000000000002a5a4       0xdb build/cooja/mtype0.a(rpl-dag.o)
 .rodata        0x000000000002a67f        0xc build/cooja/mtype0.a(rpl-timers.o)

.rodata1
 *(.rodata1)

.eh_frame_hdr   0x000000000002a68c     0x19e4
 *(.eh_frame_hdr)
 .eh_frame_hdr  0x000000000002a68c     0x19e4 ethylene_server.o
                0x000000000002a68c                __GNU_EH_FRAME_HDR
 *(.eh_frame_entry .eh_frame_entry.*)

.eh_frame       0x000000000002c070     0x6908
 *(.eh_frame)
 .eh_frame      0x000000000002c070       0x3c /usr/lib/gcc/i686-linux-gnu/5/../../../i386-linux-gnu/crti.o
                                         0x40 (size before relaxing)
 .eh_frame      0x000000000002c0ac       0x60 ethylene_server.o
                                         0x78 (size before relaxing)
 .eh_frame      0x000000000002c10c      0x178 build/cooja/mtype0.o
                                        0x190 (size before relaxing)
 .eh_frame      0x000000000002c284       0x40 build/cooja/mtype0.a(simEnvChange.o)
                                         0x58 (size before relaxing)
 .eh_frame      0x000000000002c2c4       0x60 build/cooja/mtype0.a(cooja_mt.o)
                                         0x78 (size before relaxing)
 .eh_frame      0x000000000002c324       0x80 build/cooja/mtype0.a(cooja_mtarch.o)
                                         0x98 (size before relaxing)
 .eh_frame      0x000000000002c3a4       0xc8 build/cooja/mtype0.a(rtimer-arch.o)
                                         0xe0 (size before relaxing)
 .eh_frame      0x000000000002c46c      0x160 build/cooja/mtype0.a(beep.o)
                                        0x178 (size before relaxing)
 .eh_frame      0x000000000002c5cc       0x80 build/cooja/mtype0.a(leds-arch.o)
                                         0x98 (size before relaxing)
 .eh_frame      0x000000000002c64c       0x40 build/cooja/mtype0.a(moteid.o)
                                         0x58 (size before relaxing)
 .eh_frame      0x000000000002c68c       0xa0 build/cooja/mtype0.a(pir-sensor.o)
                                         0xb8 (size before relaxing)
 .eh_frame      0x000000000002c72c      0x100 build/cooja/mtype0.a(rs232.o)
                                        0x118 (size before relaxing)
 .eh_frame      0x000000000002c82c       0xa0 build/cooja/mtype0.a(vib-sensor.o)
                                         0xb8 (size before relaxing)
 .eh_frame      0x000000000002c8cc       0xc0 build/cooja/mtype0.a(clock.o)
                                         0xd8 (size before relaxing)
 .eh_frame      0x000000000002c98c      0x120 build/cooja/mtype0.a(cooja-log.o)
                                        0x138 (size before relaxing)
 .eh_frame      0x000000000002caac      0x160 build/cooja/mtype0.a(cfs-cooja.o)
                                        0x178 (size before relaxing)
 .eh_frame      0x000000000002cc0c      0x340 build/cooja/mtype0.a(cooja-radio.o)
                                        0x358 (size before relaxing)
 .eh_frame      0x000000000002cf4c       0xa0 build/cooja/mtype0.a(eeprom.o)
                                         0xb8 (size before relaxing)
 .eh_frame      0x000000000002cfec       0x40 build/cooja/mtype0.a(random.o)
                                         0x58 (size before relaxing)
 .eh_frame      0x000000000002d02c       0xc0 build/cooja/mtype0.a(sensors.o)
                                         0xd8 (size before relaxing)
 .eh_frame      0x000000000002d0ec      0x120 build/cooja/mtype0.a(leds.o)
                                        0x138 (size before relaxing)
 .eh_frame      0x000000000002d20c      0x220 build/cooja/mtype0.a(gpio-hal-arch.o)
                                        0x238 (size before relaxing)
 .eh_frame      0x000000000002d42c       0xa0 build/cooja/mtype0.a(buttons.o)
                                         0xb8 (size before relaxing)
 .eh_frame      0x000000000002d4cc       0x60 build/cooja/mtype0.a(ethylene_sensor)
                                         0x78 (size before relaxing)
 .eh_frame      0x000000000002d52c       0x44 build/cooja/mtype0.a(coap-blocking-a)
                                         0x5c (size before relaxing)
 .eh_frame      0x000000000002d570      0x220 build/cooja/mtype0.a(coap-engine.o)
                                        0x238 (size before relaxing)
 .eh_frame      0x000000000002d790       0x24 build/cooja/mtype0.a(coap-res-well-k)
                                         0x3c (size before relaxing)
 .eh_frame      0x000000000002d7b4      0x188 build/cooja/mtype0.a(coap-observe.o)
                                        0x1a0 (size before relaxing)
 .eh_frame      0x000000000002d93c      0x250 build/cooja/mtype0.a(coap-uip.o)
                                        0x268 (size before relaxing)
 .eh_frame      0x000000000002db8c      0x114 build/cooja/mtype0.a(coap-timer.o)
                                        0x12c (size before relaxing)
 .eh_frame      0x000000000002dca0      0x100 build/cooja/mtype0.a(coap-transactio)
                                        0x118 (size before relaxing)
 .eh_frame      0x000000000002dda0      0x6ec build/cooja/mtype0.a(coap.o)
                                        0x704 (size before relaxing)
 .eh_frame      0x000000000002e48c       0x30 build/cooja/mtype0.a(contiki-main.o)
                                         0x48 (size before relaxing)
 .eh_frame      0x000000000002e4bc       0x40 build/cooja/mtype0.a(autostart.o)
                                         0x58 (size before relaxing)
 .eh_frame      0x000000000002e4fc      0x100 build/cooja/mtype0.a(ctimer.o)
                                        0x118 (size before relaxing)
 .eh_frame      0x000000000002e5fc      0x100 build/cooja/mtype0.a(log.o)
                                        0x118 (size before relaxing)
 .eh_frame      0x000000000002e6fc       0x60 build/cooja/mtype0.a(energest.o)
                                         0x78 (size before relaxing)
 .eh_frame      0x000000000002e75c      0x1e0 build/cooja/mtype0.a(etimer.o)
                                        0x1f8 (size before relaxing)
 .eh_frame      0x000000000002e93c       0x20 build/cooja/mtype0.a(node-id.o)
                                         0x38 (size before relaxing)
 .eh_frame      0x000000000002e95c       0x60 build/cooja/mtype0.a(rtimer.o)
                                         0x78 (size before relaxing)
 .eh_frame      0x000000000002e9bc      0x1c4 build/cooja/mtype0.a(process.o)
                                        0x1dc (size before relaxing)
 .eh_frame      0x000000000002eb80       0xa4 build/cooja/mtype0.a(timer.o)
                                         0xbc (size before relaxing)
 .eh_frame      0x000000000002ec24      0x1a0 build/cooja/mtype0.a(list.o)
                                        0x1b8 (size before relaxing)
 .eh_frame      0x000000000002edc4       0xa0 build/cooja/mtype0.a(memb.o)
                                         0xb8 (size before relaxing)
 .eh_frame      0x000000000002ee64      0x144 build/cooja/mtype0.a(button-hal.o)
                                        0x15c (size before relaxing)
 .eh_frame      0x000000000002efa8       0x60 build/cooja/mtype0.a(serial-line.o)
                                         0x78 (size before relaxing)
 .eh_frame      0x000000000002f008       0xe0 build/cooja/mtype0.a(gpio-hal.o)
                                         0xf8 (size before relaxing)
 .eh_frame      0x000000000002f0e8      0x1a0 build/cooja/mtype0.a(queuebuf.o)
                                        0x1b8 (size before relaxing)
 .eh_frame      0x000000000002f288      0x28c build/cooja/mtype0.a(packetbuf.o)
                                        0x2a4 (size before relaxing)
 .eh_frame      0x000000000002f514       0x80 build/cooja/mtype0.a(netstack.o)
                                         0x98 (size before relaxing)
 .eh_frame      0x000000000002f594       0x60 build/cooja/mtype0.a(linkaddr.o)
                                         0x78 (size before relaxing)
 .eh_frame      0x000000000002f5f4       0xe0 build/cooja/mtype0.a(csma.o)
                                         0xf8 (size before relaxing)
 .eh_frame      0x000000000002f6d4      0x1d0 build/cooja/mtype0.a(csma-output.o)
                                        0x1e8 (size before relaxing)
 .eh_frame      0x000000000002f8a4      0x328 build/cooja/mtype0.a(uip-ds6.o)
                                        0x340 (size before relaxing)
 .eh_frame      0x000000000002fbcc       0x40 build/cooja/mtype0.a(uip-udp-packet.)
                                         0x58 (size before relaxing)
 .eh_frame      0x000000000002fc0c      0x220 build/cooja/mtype0.a(uip-ds6-route.o)
                                        0x238 (size before relaxing)
 .eh_frame      0x000000000002fe2c      0x244 build/cooja/mtype0.a(tcpip.o)
                                        0x25c (size before relaxing)
 .eh_frame      0x0000000000030070      0x1e8 build/cooja/mtype0.a(uip6.o)
                                        0x200 (size before relaxing)
 .eh_frame      0x0000000000030258      0x1c0 build/cooja/mtype0.a(uip-ds6-nbr.o)
                                        0x1d8 (size before relaxing)
 .eh_frame      0x0000000000030418       0x84 build/cooja/mtype0.a(uip-nd6.o)
                                         0x9c (size before relaxing)
 .eh_frame      0x000000000003049c      0x2f8 build/cooja/mtype0.a(sicslowpan.o)
                                        0x310 (size before relaxing)
 .eh_frame      0x0000000000030794       0x88 build/cooja/mtype0.a(uiplib.o)
                                         0xa0 (size before relaxing)
 .eh_frame      0x000000000003081c      0x1e0 build/cooja/mtype0.a(rpl.o)
                                        0x1f8 (size before relaxing)
 .eh_frame      0x00000000000309fc      0x1c4 build/cooja/mtype0.a(rpl-icmp6.o)
                                        0x1dc (size before relaxing)
 .eh_frame      0x0000000000030bc0       0xa0 build/cooja/mtype0.a(rpl-dag-root.o)
                                         0xb8 (size before relaxing)
 .eh_frame      0x0000000000030c60       0xa0 build/cooja/mtype0.a(watchdog.o)
                                         0xb8 (size before relaxing)
 .eh_frame      0x0000000000030d00       0x80 build/cooja/mtype0.a(int-master.o)
                                         0x98 (size before relaxing)
 .eh_frame      0x0000000000030d80       0xa4 build/cooja/mtype0.a(coap-timer-defa)
                                         0xbc (size before relaxing)
 .eh_frame      0x0000000000030e24       0xc4 build/cooja/mtype0.a(stimer.o)
                                         0xdc (size before relaxing)
 .eh_frame      0x0000000000030ee8       0xa0 build/cooja/mtype0.a(ringbuf.o)
                                         0xb8 (size before relaxing)
 .eh_frame      0x0000000000030f88       0x20 build/cooja/mtype0.a(assert.o)
                                         0x38 (size before relaxing)
 .eh_frame      0x0000000000030fa8      0x2ac build/cooja/mtype0.a(nbr-table.o)
                                        0x2c4 (size before relaxing)
 .eh_frame      0x0000000000031254      0x120 build/cooja/mtype0.a(link-stats.o)
                                        0x138 (size before relaxing)
 .eh_frame      0x0000000000031374       0x48 build/cooja/mtype0.a(mac-sequence.o)
                                         0x60 (size before relaxing)
 .eh_frame      0x00000000000313bc       0x20 build/cooja/mtype0.a(mac.o)
                                         0x38 (size before relaxing)
 .eh_frame      0x00000000000313dc       0xa4 build/cooja/mtype0.a(framer-802154.o)
                                         0xbc (size before relaxing)
 .eh_frame      0x0000000000031480      0x1a4 build/cooja/mtype0.a(frame802154.o)
                                        0x1bc (size before relaxing)
 .eh_frame      0x0000000000031624       0x40 build/cooja/mtype0.a(csma-security.o)
                                         0x58 (size before relaxing)
 .eh_frame      0x0000000000031664      0x200 build/cooja/mtype0.a(uipbuf.o)
                                        0x218 (size before relaxing)
 .eh_frame      0x0000000000031864      0x150 build/cooja/mtype0.a(uip-icmp6.o)
                                        0x168 (size before relaxing)
 .eh_frame      0x00000000000319b4      0x184 build/cooja/mtype0.a(uip-sr.o)
                                        0x19c (size before relaxing)
 .eh_frame      0x0000000000031b38       0xe0 build/cooja/mtype0.a(uip-packetqueue)
                                         0xf8 (size before relaxing)
 .eh_frame      0x0000000000031c18       0x80 build/cooja/mtype0.a(rpl-nbr-policy.)
                                         0x98 (size before relaxing)
 .eh_frame      0x0000000000031c98      0x2d4 build/cooja/mtype0.a(rpl-neighbor.o)
                                        0x2ec (size before relaxing)
 .eh_frame      0x0000000000031f6c      0x370 build/cooja/mtype0.a(rpl-dag.o)
                                        0x388 (size before relaxing)
 .eh_frame      0x00000000000322dc      0x3a8 build/cooja/mtype0.a(rpl-timers.o)
                                        0x3c0 (size before relaxing)
 .eh_frame      0x0000000000032684      0x124 build/cooja/mtype0.a(rpl-ext-header.)
                                        0x13c (size before relaxing)
 .eh_frame      0x00000000000327a8      0x148 build/cooja/mtype0.a(rpl-mrhof.o)
                                        0x160 (size before relaxing)
 .eh_frame      0x00000000000328f0       0x84 /usr/lib/gcc/i686-linux-gnu/5/libgcc.a(_udivdi3.o)
                                         0x9c (size before relaxing)
 .eh_frame      0x0000000000032974        0x4 /usr/lib/gcc/i686-linux-gnu/5/crtendS.o
 *(.eh_frame.*)

.gcc_except_table
 *(.gcc_except_table .gcc_except_table.*)

.gnu_extab
 *(.gnu_extab*)

.exception_ranges
 *(.exception_ranges .exception_ranges*)
                0x0000000000033f10                . = DATA_SEGMENT_ALIGN (0x1000, 0x1000)

.eh_frame
 *(.eh_frame)
 *(.eh_frame.*)

.gnu_extab
 *(.gnu_extab)

.gcc_except_table
 *(.gcc_except_table .gcc_except_table.*)

.exception_ranges
 *(.exception_ranges .exception_ranges*)

.tdata
 *(.tdata .tdata.* .gnu.linkonce.td.*)

.tbss
 *(.tbss .tbss.* .gnu.linkonce.tb.*)
 *(.tcommon)

.preinit_array
 *(.preinit_array)

.init_array     0x0000000000033f10        0x4
 *(SORT(.init_array.*) SORT(.ctors.*))
 *(.init_array EXCLUDE_FILE(*crtend?.o *crtend.o *crtbegin?.o *crtbegin.o) .ctors)
 .init_array    0x0000000000033f10        0x4 /usr/lib/gcc/i686-linux-gnu/5/crtbeginS.o

.fini_array     0x0000000000033f14        0x4
 *(SORT(.fini_array.*) SORT(.dtors.*))
 *(.fini_array EXCLUDE_FILE(*crtend?.o *crtend.o *crtbegin?.o *crtbegin.o) .dtors)
 .fini_array    0x0000000000033f14        0x4 /usr/lib/gcc/i686-linux-gnu/5/crtbeginS.o

.ctors
 *crtbegin.o(.ctors)
 *crtbegin?.o(.ctors)
 *(EXCLUDE_FILE(*crtend?.o *crtend.o) .ctors)
 *(SORT(.ctors.*))
 *(.ctors)

.dtors
 *crtbegin.o(.dtors)
 *crtbegin?.o(.dtors)
 *(EXCLUDE_FILE(*crtend?.o *crtend.o) .dtors)
 *(SORT(.dtors.*))
 *(.dtors)

.jcr            0x0000000000033f18        0x4
 *(.jcr)
 .jcr           0x0000000000033f18        0x0 /usr/lib/gcc/i686-linux-gnu/5/crtbeginS.o
 .jcr           0x0000000000033f18        0x4 /usr/lib/gcc/i686-linux-gnu/5/crtendS.o

.data.rel.ro
 *(.data.rel.ro.local* .gnu.linkonce.d.rel.ro.local.*)
 *(.data.rel.ro .data.rel.ro.* .gnu.linkonce.d.rel.ro.*)

.dynamic        0x0000000000033f1c       0xd0
 *(.dynamic)
 .dynamic       0x0000000000033f1c       0xd0 /usr/lib/gcc/i686-linux-gnu/5/../../../i386-linux-gnu/crti.o
                0x0000000000033f1c                _DYNAMIC

.got            0x0000000000033fec       0x14
 *(.got)
 .got           0x0000000000033fec       0x14 /usr/lib/gcc/i686-linux-gnu/5/../../../i386-linux-gnu/crti.o
 *(.igot)
                0x0000000000034ff4                . = DATA_SEGMENT_RELRO_END (., (SIZEOF (.got.plt) >= 0xc)?0xc:0x0)

.got.plt        0x0000000000034000        0xc
 *(.got.plt)
 .got.plt       0x0000000000034000        0xc /usr/lib/gcc/i686-linux-gnu/5/../../../i386-linux-gnu/crti.o
                0x0000000000034000                _GLOBAL_OFFSET_TABLE_
 *(.igot.plt)

.data           0x0000000000034020      0x444
 *(.data .data.* .gnu.linkonce.d.*)
 .data          0x0000000000034020        0x0 /usr/lib/gcc/i686-linux-gnu/5/../../../i386-linux-gnu/crti.o
 .data          0x0000000000034020        0x0 /usr/lib/gcc/i686-linux-gnu/5/crtbeginS.o
 .data.rel.local
                0x0000000000034020        0x4 /usr/lib/gcc/i686-linux-gnu/5/crtbeginS.o
                0x0000000000034020                __dso_handle
 .data          0x0000000000034024       0x14 ethylene_server.o
                0x0000000000034024                ethylene_server
                0x0000000000034034                service_url
 *fill*         0x0000000000034038        0x8 
 .data          0x0000000000034040       0x44 build/cooja/mtype0.o
                0x0000000000034040                simInterfaces
                0x0000000000034074                sensors
 .data          0x0000000000034084        0x0 build/cooja/mtype0.a(simEnvChange.o)
 .data          0x0000000000034084        0x0 build/cooja/mtype0.a(cooja_mt.o)
 .data          0x0000000000034084        0x0 build/cooja/mtype0.a(cooja_mtarch.o)
 .data          0x0000000000034084        0x0 build/cooja/mtype0.a(rtimer-arch.o)
 .data          0x0000000000034084        0x0 build/cooja/mtype0.a(beep.o)
 .data          0x0000000000034084        0x0 build/cooja/mtype0.a(leds-arch.o)
 .data          0x0000000000034084        0x0 build/cooja/mtype0.a(moteid.o)
 .data          0x0000000000034084        0x0 build/cooja/mtype0.a(pir-sensor.o)
 .data          0x0000000000034084        0x0 build/cooja/mtype0.a(rs232.o)
 .data          0x0000000000034084        0x0 build/cooja/mtype0.a(vib-sensor.o)
 .data          0x0000000000034084        0x0 build/cooja/mtype0.a(clock.o)
 .data          0x0000000000034084        0x0 build/cooja/mtype0.a(cooja-log.o)
 .data          0x0000000000034084        0x0 build/cooja/mtype0.a(cfs-cooja.o)
 .data          0x0000000000034084       0x2c build/cooja/mtype0.a(cooja-radio.o)
                0x0000000000034084                simRadioHWOn
                0x0000000000034088                simSignalStrength
                0x000000000003408c                simLastSignalStrength
                0x0000000000034090                simPower
                0x0000000000034094                simRadioChannel
                0x0000000000034098                simLQI
                0x00000000000340a0                cooja_radio_process
 .data          0x00000000000340b0        0x0 build/cooja/mtype0.a(eeprom.o)
 .data          0x00000000000340b0        0x0 build/cooja/mtype0.a(random.o)
 .data          0x00000000000340b0       0x10 build/cooja/mtype0.a(sensors.o)
                0x00000000000340b0                sensors_process
 .data          0x00000000000340c0        0x0 build/cooja/mtype0.a(leds.o)
 .data          0x00000000000340c0        0x0 build/cooja/mtype0.a(gpio-hal-arch.o)
 .data          0x00000000000340c0       0x78 build/cooja/mtype0.a(buttons.o)
                0x00000000000340c0                simButtonIsActive
                0x0000000000034130                button_hal_buttons
 *fill*         0x0000000000034138        0x8 
 .data          0x0000000000034140       0x24 build/cooja/mtype0.a(ethylene_sensor)
                0x0000000000034140                ethylene_sensor
 .data          0x0000000000034164        0x0 build/cooja/mtype0.a(coap-blocking-a)
 .data          0x0000000000034164        0x8 build/cooja/mtype0.a(coap-engine.o)
 *fill*         0x000000000003416c       0x14 
 .data          0x0000000000034180       0x24 build/cooja/mtype0.a(coap-res-well-k)
                0x0000000000034180                res_well_known_core
 .data          0x00000000000341a4       0x10 build/cooja/mtype0.a(coap-observe.o)
 .data          0x00000000000341b4       0x10 build/cooja/mtype0.a(coap-uip.o)
                0x00000000000341b4                coap_engine
 .data          0x00000000000341c4        0x4 build/cooja/mtype0.a(coap-timer.o)
 .data          0x00000000000341c8       0x10 build/cooja/mtype0.a(coap-transactio)
 .data          0x00000000000341d8        0x4 build/cooja/mtype0.a(coap.o)
                0x00000000000341d8                coap_error_message
 .data          0x00000000000341dc        0x0 build/cooja/mtype0.a(contiki-main.o)
 .data          0x00000000000341dc        0x0 build/cooja/mtype0.a(autostart.o)
 .data          0x00000000000341dc       0x14 build/cooja/mtype0.a(ctimer.o)
                0x00000000000341e0                ctimer_process
 *fill*         0x00000000000341f0       0x10 
 .data          0x0000000000034200       0xbc build/cooja/mtype0.a(log.o)
                0x0000000000034200                curr_log_level_main
                0x0000000000034220                all_modules
 .data          0x00000000000342bc        0x0 build/cooja/mtype0.a(energest.o)
 .data          0x00000000000342bc       0x10 build/cooja/mtype0.a(etimer.o)
                0x00000000000342bc                etimer_process
 .data          0x00000000000342cc        0x0 build/cooja/mtype0.a(node-id.o)
 .data          0x00000000000342cc        0x0 build/cooja/mtype0.a(rtimer.o)
 .data          0x00000000000342cc        0x0 build/cooja/mtype0.a(process.o)
 .data          0x00000000000342cc        0x0 build/cooja/mtype0.a(timer.o)
 .data          0x00000000000342cc        0x0 build/cooja/mtype0.a(list.o)
 .data          0x00000000000342cc        0x0 build/cooja/mtype0.a(memb.o)
 .data          0x00000000000342cc       0x10 build/cooja/mtype0.a(button-hal.o)
                0x00000000000342cc                button_hal_process
 .data          0x00000000000342dc       0x10 build/cooja/mtype0.a(serial-line.o)
                0x00000000000342dc                serial_line_process
 .data          0x00000000000342ec        0x4 build/cooja/mtype0.a(gpio-hal.o)
 .data          0x00000000000342f0       0x18 build/cooja/mtype0.a(queuebuf.o)
 .data          0x0000000000034308        0x4 build/cooja/mtype0.a(packetbuf.o)
 .data          0x000000000003430c        0x4 build/cooja/mtype0.a(netstack.o)
 .data          0x0000000000034310        0x0 build/cooja/mtype0.a(linkaddr.o)
 .data          0x0000000000034310        0x0 build/cooja/mtype0.a(csma.o)
 .data          0x0000000000034310       0x28 build/cooja/mtype0.a(csma-output.o)
 .data          0x0000000000034338        0x0 build/cooja/mtype0.a(uip-ds6.o)
 .data          0x0000000000034338        0x0 build/cooja/mtype0.a(uip-udp-packet.)
 .data          0x0000000000034338       0x10 build/cooja/mtype0.a(uip-ds6-route.o)
 .data          0x0000000000034348       0x10 build/cooja/mtype0.a(tcpip.o)
                0x0000000000034348                tcpip_process
 .data          0x0000000000034358        0x0 build/cooja/mtype0.a(uip6.o)
 .data          0x0000000000034358       0x14 build/cooja/mtype0.a(uip-ds6-nbr.o)
 .data          0x000000000003436c        0xc build/cooja/mtype0.a(uip-nd6.o)
 .data          0x0000000000034378        0x0 build/cooja/mtype0.a(sicslowpan.o)
 .data          0x0000000000034378        0x0 build/cooja/mtype0.a(uiplib.o)
 .data          0x0000000000034378        0x0 build/cooja/mtype0.a(rpl.o)
 .data          0x0000000000034378       0x30 build/cooja/mtype0.a(rpl-icmp6.o)
 .data          0x00000000000343a8        0x0 build/cooja/mtype0.a(rpl-dag-root.o)
 .data          0x00000000000343a8        0x0 build/cooja/mtype0.a(watchdog.o)
 .data          0x00000000000343a8        0x0 build/cooja/mtype0.a(int-master.o)
 .data          0x00000000000343a8       0x10 build/cooja/mtype0.a(coap-timer-defa)
                0x00000000000343a8                coap_timer_process
 .data          0x00000000000343b8        0x0 build/cooja/mtype0.a(stimer.o)
 .data          0x00000000000343b8        0x0 build/cooja/mtype0.a(ringbuf.o)
 .data          0x00000000000343b8        0x0 build/cooja/mtype0.a(assert.o)
 .data          0x00000000000343b8       0x10 build/cooja/mtype0.a(nbr-table.o)
 .data          0x00000000000343c8       0x14 build/cooja/mtype0.a(link-stats.o)
 .data          0x00000000000343dc        0x0 build/cooja/mtype0.a(mac-sequence.o)
 .data          0x00000000000343dc        0x0 build/cooja/mtype0.a(mac.o)
 .data          0x00000000000343dc        0x0 build/cooja/mtype0.a(framer-802154.o)
 .data          0x00000000000343dc        0x2 build/cooja/mtype0.a(frame802154.o)
 .data          0x00000000000343de        0x0 build/cooja/mtype0.a(csma-security.o)
 .data          0x00000000000343de        0x0 build/cooja/mtype0.a(uipbuf.o)
 *fill*         0x00000000000343de        0x2 
 .data          0x00000000000343e0       0x20 build/cooja/mtype0.a(uip-icmp6.o)
 .data          0x0000000000034400       0x10 build/cooja/mtype0.a(uip-sr.o)
 .data          0x0000000000034410        0xc build/cooja/mtype0.a(uip-packetqueue)
 .data          0x000000000003441c        0x0 build/cooja/mtype0.a(rpl-nbr-policy.)
 .data          0x000000000003441c       0x14 build/cooja/mtype0.a(rpl-neighbor.o)
                0x000000000003442c                rpl_neighbors
 .data          0x0000000000034430        0x0 build/cooja/mtype0.a(rpl-dag.o)
 .data          0x0000000000034430        0x0 build/cooja/mtype0.a(rpl-timers.o)
 .data          0x0000000000034430        0x0 build/cooja/mtype0.a(rpl-ext-header.)
 *fill*         0x0000000000034430       0x10 
 .data          0x0000000000034440       0x24 build/cooja/mtype0.a(rpl-mrhof.o)
                0x0000000000034440                rpl_mrhof
 .data          0x0000000000034464        0x0 /usr/lib/gcc/i686-linux-gnu/5/libgcc.a(_udivdi3.o)
 .data          0x0000000000034464        0x0 /usr/lib/gcc/i686-linux-gnu/5/crtendS.o
 .data          0x0000000000034464        0x0 /usr/lib/gcc/i686-linux-gnu/5/../../../i386-linux-gnu/crtn.o

.tm_clone_table
                0x0000000000034464        0x0
 .tm_clone_table
                0x0000000000034464        0x0 /usr/lib/gcc/i686-linux-gnu/5/crtbeginS.o
 .tm_clone_table
                0x0000000000034464        0x0 /usr/lib/gcc/i686-linux-gnu/5/crtendS.o

.data1
 *(.data1)
                0x0000000000034464                _edata = .
                [!provide]                        PROVIDE (edata, .)
                0x0000000000034464                . = .
                0x0000000000034464                __bss_start = .

.bss            0x0000000000034480    0x13fa4
 *(.dynbss)
 .dynbss        0x0000000000034480        0x0 /usr/lib/gcc/i686-linux-gnu/5/../../../i386-linux-gnu/crti.o
 *(.bss .bss.* .gnu.linkonce.b.*)
 .bss           0x0000000000034480        0x0 /usr/lib/gcc/i686-linux-gnu/5/../../../i386-linux-gnu/crti.o
 .bss           0x0000000000034480        0x1 /usr/lib/gcc/i686-linux-gnu/5/crtbeginS.o
 *fill*         0x0000000000034481       0x1f 
 .bss           0x00000000000344a0      0x14c ethylene_server.o
 *fill*         0x00000000000345ec       0x14 
 .bss           0x0000000000034600     0x2030 build/cooja/mtype0.o
 .bss           0x0000000000036630        0x1 build/cooja/mtype0.a(simEnvChange.o)
                0x0000000000036630                simDontFallAsleep
 *fill*         0x0000000000036631        0x3 
 .bss           0x0000000000036634        0x4 build/cooja/mtype0.a(cooja_mt.o)
 .bss           0x0000000000036638        0x4 build/cooja/mtype0.a(cooja_mtarch.o)
 .bss           0x000000000003663c        0x0 build/cooja/mtype0.a(rtimer-arch.o)
 .bss           0x000000000003663c        0x0 build/cooja/mtype0.a(beep.o)
 .bss           0x000000000003663c        0x1 build/cooja/mtype0.a(leds-arch.o)
                0x000000000003663c                simLedsValue
 .bss           0x000000000003663d        0x0 build/cooja/mtype0.a(moteid.o)
 .bss           0x000000000003663d        0x1 build/cooja/mtype0.a(pir-sensor.o)
                0x000000000003663d                simPirValue
 *fill*         0x000000000003663e        0x2 
 .bss           0x0000000000036640        0x4 build/cooja/mtype0.a(rs232.o)
 .bss           0x0000000000036644        0x1 build/cooja/mtype0.a(vib-sensor.o)
                0x0000000000036644                simVibValue
 .bss           0x0000000000036645        0x0 build/cooja/mtype0.a(clock.o)
 *fill*         0x0000000000036645       0x1b 
 .bss           0x0000000000036660     0x2020 build/cooja/mtype0.a(cooja-log.o)
 .bss           0x0000000000038680      0xfc0 build/cooja/mtype0.a(cfs-cooja.o)
                0x0000000000038680                simCFSData
                0x0000000000039620                simCFSSize
                0x0000000000039624                simCFSChanged
                0x0000000000039628                simCFSRead
                0x000000000003962c                simCFSWritten
 .bss           0x0000000000039640       0x24 build/cooja/mtype0.a(cooja-radio.o)
                0x0000000000039640                simReceiving
                0x0000000000039644                simInSize
                0x0000000000039648                simLastPacketTimestamp
                0x0000000000039650                simOutSize
 .bss           0x0000000000039664        0xc build/cooja/mtype0.a(eeprom.o)
                0x0000000000039664                simEEPROMChanged
                0x0000000000039668                simEEPROMRead
                0x000000000003966c                simEEPROMWritten
 .bss           0x0000000000039670        0x0 build/cooja/mtype0.a(random.o)
 .bss           0x0000000000039670        0xc build/cooja/mtype0.a(sensors.o)
 .bss           0x000000000003967c        0x0 build/cooja/mtype0.a(leds.o)
 .bss           0x000000000003967c       0x24 build/cooja/mtype0.a(gpio-hal-arch.o)
 .bss           0x00000000000396a0        0x0 build/cooja/mtype0.a(buttons.o)
 .bss           0x00000000000396a0        0xc build/cooja/mtype0.a(ethylene_sensor)
 .bss           0x00000000000396ac        0x0 build/cooja/mtype0.a(coap-blocking-a)
 *fill*         0x00000000000396ac       0x14 
 .bss           0x00000000000396c0      0x190 build/cooja/mtype0.a(coap-engine.o)
 .bss           0x0000000000039850        0x0 build/cooja/mtype0.a(coap-res-well-k)
 *fill*         0x0000000000039850       0x10 
 .bss           0x0000000000039860      0x120 build/cooja/mtype0.a(coap-observe.o)
 .bss           0x0000000000039980       0x18 build/cooja/mtype0.a(coap-uip.o)
 .bss           0x0000000000039998        0x5 build/cooja/mtype0.a(coap-timer.o)
 *fill*         0x000000000003999d        0x3 
 .bss           0x00000000000399a0      0x334 build/cooja/mtype0.a(coap-transactio)
 .bss           0x0000000000039cd4        0x6 build/cooja/mtype0.a(coap.o)
                0x0000000000039cd4                coap_status_code
 .bss           0x0000000000039cda        0x0 build/cooja/mtype0.a(contiki-main.o)
 .bss           0x0000000000039cda        0x0 build/cooja/mtype0.a(autostart.o)
 *fill*         0x0000000000039cda        0x2 
 .bss           0x0000000000039cdc        0x5 build/cooja/mtype0.a(ctimer.o)
 *fill*         0x0000000000039ce1        0x3 
 .bss           0x0000000000039ce4       0x2c build/cooja/mtype0.a(log.o)
                0x0000000000039ce4                curr_log_level_rpl
                0x0000000000039ce8                curr_log_level_tcpip
                0x0000000000039cec                curr_log_level_ipv6
                0x0000000000039cf0                curr_log_level_6lowpan
                0x0000000000039cf4                curr_log_level_nullnet
                0x0000000000039cf8                curr_log_level_mac
                0x0000000000039cfc                curr_log_level_framer
                0x0000000000039d00                curr_log_level_6top
                0x0000000000039d04                curr_log_level_coap
                0x0000000000039d08                curr_log_level_snmp
                0x0000000000039d0c                curr_log_level_lwm2m
 .bss           0x0000000000039d10        0x0 build/cooja/mtype0.a(energest.o)
 .bss           0x0000000000039d10        0x8 build/cooja/mtype0.a(etimer.o)
 .bss           0x0000000000039d18        0x2 build/cooja/mtype0.a(node-id.o)
                0x0000000000039d18                node_id
 *fill*         0x0000000000039d1a        0x2 
 .bss           0x0000000000039d1c        0x4 build/cooja/mtype0.a(rtimer.o)
 .bss           0x0000000000039d20      0x1a1 build/cooja/mtype0.a(process.o)
                0x0000000000039d20                process_list
                0x0000000000039d24                process_current
 .bss           0x0000000000039ec1        0x0 build/cooja/mtype0.a(timer.o)
 .bss           0x0000000000039ec1        0x0 build/cooja/mtype0.a(list.o)
 .bss           0x0000000000039ec1        0x0 build/cooja/mtype0.a(memb.o)
 *fill*         0x0000000000039ec1        0x3 
 .bss           0x0000000000039ec4       0x10 build/cooja/mtype0.a(button-hal.o)
 *fill*         0x0000000000039ed4        0xc 
 .bss           0x0000000000039ee0      0x140 build/cooja/mtype0.a(serial-line.o)
 .bss           0x000000000003a020        0x4 build/cooja/mtype0.a(gpio-hal.o)
 *fill*         0x000000000003a024       0x1c 
 .bss           0x000000000003a040     0x2c80 build/cooja/mtype0.a(queuebuf.o)
 .bss           0x000000000003ccc0       0xa0 build/cooja/mtype0.a(packetbuf.o)
 .bss           0x000000000003cd60        0x4 build/cooja/mtype0.a(netstack.o)
 .bss           0x000000000003cd64        0x0 build/cooja/mtype0.a(linkaddr.o)
 .bss           0x000000000003cd64        0x0 build/cooja/mtype0.a(csma.o)
 *fill*         0x000000000003cd64       0x1c 
 .bss           0x000000000003cd80      0x726 build/cooja/mtype0.a(csma-output.o)
 *fill*         0x000000000003d4a6        0x2 
 .bss           0x000000000003d4a8       0x30 build/cooja/mtype0.a(uip-ds6.o)
 .bss           0x000000000003d4d8        0x0 build/cooja/mtype0.a(uip-udp-packet.)
 *fill*         0x000000000003d4d8        0x8 
 .bss           0x000000000003d4e0       0x60 build/cooja/mtype0.a(uip-ds6-route.o)
 .bss           0x000000000003d540       0x10 build/cooja/mtype0.a(tcpip.o)
 .bss           0x000000000003d550        0x8 build/cooja/mtype0.a(uip6.o)
                0x000000000003d550                uip_ext_bitmap
                0x000000000003d552                uip_ext_len
                0x000000000003d554                uip_last_proto
 *fill*         0x000000000003d558        0x8 
 .bss           0x000000000003d560     0x1c20 build/cooja/mtype0.a(uip-ds6-nbr.o)
 .bss           0x000000000003f180       0x10 build/cooja/mtype0.a(uip-nd6.o)
 *fill*         0x000000000003f190       0x10 
 .bss           0x000000000003f1a0      0x724 build/cooja/mtype0.a(sicslowpan.o)
 .bss           0x000000000003f8c4        0x0 build/cooja/mtype0.a(uiplib.o)
 .bss           0x000000000003f8c4        0x1 build/cooja/mtype0.a(rpl.o)
 .bss           0x000000000003f8c5        0x0 build/cooja/mtype0.a(rpl-icmp6.o)
 *fill*         0x000000000003f8c5        0x3 
 .bss           0x000000000003f8c8       0x11 build/cooja/mtype0.a(rpl-dag-root.o)
 .bss           0x000000000003f8d9        0x0 build/cooja/mtype0.a(watchdog.o)
 *fill*         0x000000000003f8d9        0x3 
 .bss           0x000000000003f8dc        0x4 build/cooja/mtype0.a(int-master.o)
 .bss           0x000000000003f8e0       0x1c build/cooja/mtype0.a(coap-timer-defa)
 .bss           0x000000000003f8fc        0x0 build/cooja/mtype0.a(stimer.o)
 .bss           0x000000000003f8fc        0x0 build/cooja/mtype0.a(ringbuf.o)
 .bss           0x000000000003f8fc        0x0 build/cooja/mtype0.a(assert.o)
 *fill*         0x000000000003f8fc        0x4 
 .bss           0x000000000003f900     0x1214 build/cooja/mtype0.a(nbr-table.o)
 *fill*         0x0000000000040b14        0xc 