Archive member included to satisfy reference by file (symbol)

build/cooja/mtype873.a(simEnvChange.o)
                              build/cooja/mtype873.o (simDontFallAsleep)
build/cooja/mtype873.a(cooja_mt.o)
                              build/cooja/mtype873.o (cooja_mt_start)
build/cooja/mtype873.a(cooja_mtarch.o)
                              build/cooja/mtype873.a(cooja_mt.o) (cooja_mtarch_start)
build/cooja/mtype873.a(rtimer-arch.o)
                              build/cooja/mtype873.o (rtimer_arch_check)
build/cooja/mtype873.a(beep.o)
                              build/cooja/mtype873.o (beep_interface)
build/cooja/mtype873.a(leds-arch.o)
                              build/cooja/mtype873.o (leds_interface)
build/cooja/mtype873.a(moteid.o)
                              build/cooja/mtype873.o (moteid_interface)
build/cooja/mtype873.a(pir-sensor.o)
                              build/cooja/mtype873.o (pir_interface)
build/cooja/mtype873.a(rs232.o)
                              build/cooja/mtype873.o (rs232_interface)
build/cooja/mtype873.a(vib-sensor.o)
                              build/cooja/mtype873.o (vib_interface)
build/cooja/mtype873.a(clock.o)
                              build/cooja/mtype873.o (clock_interface)
build/cooja/mtype873.a(cooja-log.o)
                              build/cooja/mtype873.o (simlog_interface)
build/cooja/mtype873.a(cfs-cooja.o)
                              build/cooja/mtype873.o (cfs_interface)
build/cooja/mtype873.a(cooja-radio.o)
                              build/cooja/mtype873.o (radio_interface)
build/cooja/mtype873.a(eeprom.o)
                              build/cooja/mtype873.o (eeprom_interface)
build/cooja/mtype873.a(random.o)
                              build/cooja/mtype873.a(moteid.o) (random_init)
build/cooja/mtype873.a(sensors.o)
                              build/cooja/mtype873.a(pir-sensor.o) (sensors_changed)
build/cooja/mtype873.a(leds.o)
                              ethylene_server.o (leds_on)
build/cooja/mtype873.a(gpio-hal-arch.o)
                              build/cooja/mtype873.a(leds-arch.o) (gpio_hal_arch_register_pin_callback)
build/cooja/mtype873.a(buttons.o)
                              build/cooja/mtype873.o (button_interface)
build/cooja/mtype873.a(ethylene_sensor)
                              ethylene_server.o (ethylene_sensor)
build/cooja/mtype873.a(coap-blocking-a)
                              ethylene_server.o (coap_blocking_request)
build/cooja/mtype873.a(coap-engine.o)
                              ethylene_server.o (coap_activate_resource)
build/cooja/mtype873.a(coap-res-well-k)
                              build/cooja/mtype873.a(coap-engine.o) (res_well_known_core)
build/cooja/mtype873.a(coap-observe.o)
                              build/cooja/mtype873.a(coap-engine.o) (coap_remove_observer_by_mid)
build/cooja/mtype873.a(coap-uip.o)
                              build/cooja/mtype873.a(coap-observe.o) (coap_endpoint_copy)
build/cooja/mtype873.a(coap-timer.o)
                              build/cooja/mtype873.a(coap-engine.o) (coap_timer_set)
build/cooja/mtype873.a(coap-transactio)
                              build/cooja/mtype873.a(coap-blocking-a) (coap_send_transaction)
build/cooja/mtype873.a(coap.o)
                              build/cooja/mtype873.a(coap-engine.o) (coap_status_code)
build/cooja/mtype873.a(contiki-main.o)
                              build/cooja/mtype873.o (main)
build/cooja/mtype873.a(autostart.o)
                              build/cooja/mtype873.a(contiki-main.o) (autostart_start)
build/cooja/mtype873.a(ctimer.o)
                              build/cooja/mtype873.a(contiki-main.o) (ctimer_init)
build/cooja/mtype873.a(log.o)
                              build/cooja/mtype873.a(contiki-main.o) (curr_log_level_main)
build/cooja/mtype873.a(energest.o)
                              build/cooja/mtype873.a(contiki-main.o) (energest_init)
build/cooja/mtype873.a(etimer.o)
                              build/cooja/mtype873.a(contiki-main.o) (etimer_process)
build/cooja/mtype873.a(node-id.o)
                              build/cooja/mtype873.a(contiki-main.o) (node_id)
build/cooja/mtype873.a(rtimer.o)
                              build/cooja/mtype873.a(contiki-main.o) (rtimer_init)
build/cooja/mtype873.a(process.o)
                              build/cooja/mtype873.a(coap-blocking-a) (process_current)
build/cooja/mtype873.a(timer.o)
                              build/cooja/mtype873.a(etimer.o) (timer_set)
build/cooja/mtype873.a(list.o)
                              build/cooja/mtype873.a(coap-engine.o) (list_init)
build/cooja/mtype873.a(memb.o)
                              build/cooja/mtype873.a(coap-observe.o) (memb_alloc)
build/cooja/mtype873.a(button-hal.o)
                              build/cooja/mtype873.o (button_hal_init)
build/cooja/mtype873.a(serial-line.o)
                              build/cooja/mtype873.a(rs232.o) (serial_line_input_byte)
build/cooja/mtype873.a(gpio-hal.o)
[...]
Memory Configuration

Name             Origin             Length             Attributes
*default*        0x0000000000000000 0xffffffffffffffff

Linker script and memory map

LOAD /usr/lib/gcc/i686-linux-gnu/5/../../../i386-linux-gnu/crti.o
LOAD /usr/lib/gcc/i686-linux-gnu/5/crtbeginS.o
LOAD ethylene_server.o
LOAD build/cooja/mtype873.o
LOAD build/cooja/mtype873.a
LOAD /usr/lib/gcc/i686-linux-gnu/5/libgcc.a
LOAD /usr/lib/gcc/i686-linux-gnu/5/libgcc_s.so
LOAD /usr/lib/gcc/i686-linux-gnu/5/../../../i386-linux-gnu/libc.so
START GROUP
LOAD /lib/i386-linux-gnu/libc.so.6
LOAD /usr/lib/i386-linux-gnu/libc_nonshared.a
LOAD /lib/i386-linux-gnu/ld-linux.so.2
END GROUP
LOAD /usr/lib/gcc/i686-linux-gnu/5/libgcc.a
LOAD /usr/lib/gcc/i686-linux-gnu/5/libgcc_s.so
LOAD /usr/lib/gcc/i686-linux-gnu/5/crtendS.o
LOAD /usr/lib/gcc/i686-linux-gnu/5/../../../i386-linux-gnu/crtn.o
                0x0000000000000114                . = (0x0 + SIZEOF_HEADERS)

.note.gnu.build-id
                0x0000000000000114       0x24
 *(.note.gnu.build-id)
 .note.gnu.build-id
                0x0000000000000114       0x24 /usr/lib/gcc/i686-linux-gnu/5/../../../i386-linux-gnu/crti.o

.hash
 *(.hash)

.gnu.hash       0x0000000000000138     0x1590
 *(.gnu.hash)
 .gnu.hash      0x0000000000000138     0x1590 /usr/lib/gcc/i686-linux-gnu/5/../../../i386-linux-gnu/crti.o

.dynsym         0x00000000000016c8     0x2ed0
 *(.dynsym)
 .dynsym        0x00000000000016c8     0x2ed0 /usr/lib/gcc/i686-linux-gnu/5/../../../i386-linux-gnu/crti.o

.dynstr         0x0000000000004598     0x368d
 *(.dynstr)
 .dynstr        0x0000000000004598     0x368d /usr/lib/gcc/i686-linux-gnu/5/../../../i386-linux-gnu/crti.o

.gnu.version    0x0000000000007c26      0x5da
 *(.gnu.version)
 .gnu.version   0x0000000000007c26      0x5da /usr/lib/gcc/i686-linux-gnu/5/../../../i386-linux-gnu/crti.o

.gnu.version_d  0x0000000000008200        0x0
 *(.gnu.version_d)
 .gnu.version_d
                0x0000000000008200        0x0 /usr/lib/gcc/i686-linux-gnu/5/../../../i386-linux-gnu/crti.o

.gnu.version_r  0x0000000000008200       0x40
 *(.gnu.version_r)
 .gnu.version_r
                0x0000000000008200       0x40 /usr/lib/gcc/i686-linux-gnu/5/../../../i386-linux-gnu/crti.o

.rel.dyn        0x0000000000008240     0x91f8
 *(.rel.init)
 .rel.init      0x0000000000008240        0x0 /usr/lib/gcc/i686-linux-gnu/5/../../../i386-linux-gnu/crti.o
 *(.rel.text .rel.text.* .rel.gnu.linkonce.t.*)
 .rel.text      0x0000000000008240     0x8840 /usr/lib/gcc/i686-linux-gnu/5/../../../i386-linux-gnu/crti.o
 *(.rel.fini)
 .rel.fini      0x0000000000010a80        0x0 /usr/lib/gcc/i686-linux-gnu/5/../../../i386-linux-gnu/crti.o
 *(.rel.rodata .rel.rodata.* .rel.gnu.linkonce.r.*)
 .rel.rodata    0x0000000000010a80      0x588 /usr/lib/gcc/i686-linux-gnu/5/../../../i386-linux-gnu/crti.o
 *(.rel.data.rel.ro .rel.data.rel.ro.* .rel.gnu.linkonce.d.rel.ro.*)
 *(.rel.data .rel.data.* .rel.gnu.linkonce.d.*)
 .rel.data.rel.local
                0x0000000000011008        0x8 /usr/lib/gcc/i686-linux-gnu/5/../../../i386-linux-gnu/crti.o
 .rel.data      0x0000000000011010      0x3f0 /usr/lib/gcc/i686-linux-gnu/5/../../../i386-linux-gnu/crti.o
 *(.rel.tdata .rel.tdata.* .rel.gnu.linkonce.td.*)
 *(.rel.tbss .rel.tbss.* .rel.gnu.linkonce.tb.*)
 *(.rel.ctors)
 *(.rel.dtors)
 *(.rel.got)
 .rel.got       0x0000000000011400       0x28 /usr/lib/gcc/i686-linux-gnu/5/../../../i386-linux-gnu/crti.o
 *(.rel.bss .rel.bss.* .rel.gnu.linkonce.b.*)
 *(.rel.ifunc)
 .rel.ifunc     0x0000000000011428        0x0 /usr/lib/gcc/i686-linux-gnu/5/../../../i386-linux-gnu/crti.o
 .rel.fini_array
                0x0000000000011428        0x8 /usr/lib/gcc/i686-linux-gnu/5/../../../i386-linux-gnu/crti.o
 .rel.init_array
                0x0000000000011430        0x8 /usr/lib/gcc/i686-linux-gnu/5/../../../i386-linux-gnu/crti.o

.rel.plt        0x0000000000011438        0x0
 *(.rel.plt)
 .rel.plt       0x0000000000011438        0x0 /usr/lib/gcc/i686-linux-gnu/5/../../../i386-linux-gnu/crti.o
 *(.rel.iplt)

.init           0x0000000000011438       0x23
 *(SORT(.init))
 .init          0x0000000000011438       0x1e /usr/lib/gcc/i686-linux-gnu/5/../../../i386-linux-gnu/crti.o
                0x0000000000011438                _init
 .init          0x0000000000011456        0x5 /usr/lib/gcc/i686-linux-gnu/5/../../../i386-linux-gnu/crtn.o

.plt            0x0000000000011460       0x10
 *(.plt)
 .plt           0x0000000000011460       0x10 /usr/lib/gcc/i686-linux-gnu/5/../../../i386-linux-gnu/crti.o
 *(.iplt)

.plt.got        0x0000000000011470       0x10
 *(.plt.got)
 .plt.got       0x0000000000011470       0x10 /usr/lib/gcc/i686-linux-gnu/5/../../../i386-linux-gnu/crti.o

.text           0x0000000000011480    0x186f2
 *(.text.unlikely .text.*_unlikely .text.unlikely.*)
 .text.unlikely
                0x0000000000011480        0x0 /usr/lib/gcc/i686-linux-gnu/5/crtbeginS.o
 .text.unlikely
                0x0000000000011480        0x0 /usr/lib/gcc/i686-linux-gnu/5/libgcc.a(_udivdi3.o)
 *(.text.exit .text.exit.*)
 *(.text.startup .text.startup.*)
 *(.text.hot .text.hot.*)
 *(.text .stub .text.* .gnu.linkonce.t.*)
 .text          0x0000000000011480        0x0 /usr/lib/gcc/i686-linux-gnu/5/../../../i386-linux-gnu/crti.o
 .gnu.linkonce.t.__x86.get_pc_thunk.bx
                0x0000000000011480        0x4 /usr/lib/gcc/i686-linux-gnu/5/../../../i386-linux-gnu/crti.o
                0x0000000000011480                __x86.get_pc_thunk.bx
 *fill*         0x0000000000011484        0xc 
 .text          0x0000000000011490      0x11c /usr/lib/gcc/i686-linux-gnu/5/crtbeginS.o
 .text.__x86.get_pc_thunk.dx
                0x00000000000115ac        0x4 /usr/lib/gcc/i686-linux-gnu/5/crtbeginS.o
                0x00000000000115ac                __x86.get_pc_thunk.dx
 .text          0x00000000000115b0      0x44a ethylene_server.o
                0x000000000001163e                client_chunk_handler
 .text          0x00000000000119fa      0x283 build/cooja/mtype873.o
                0x0000000000011a8c                platform_init_stage_one
                0x0000000000011a9f                platform_init_stage_two
                0x0000000000011ab2                platform_init_stage_three
                0x0000000000011ac5                platform_main_loop
                0x0000000000011b38                Java_org_contikios_cooja_corecomm_Lib5_init
                0x0000000000011b6f                Java_org_contikios_cooja_corecomm_Lib5_getMemory
                0x0000000000011ba2                Java_org_contikios_cooja_corecomm_Lib5_setMemory
                0x0000000000011c02                Java_org_contikios_cooja_corecomm_Lib5_tick
                0x0000000000011c6a                Java_org_contikios_cooja_corecomm_Lib5_setReferenceAddress
 .text          0x0000000000011c7d       0x65 build/cooja/mtype873.a(simEnvChange.o)
                0x0000000000011c7d                doActionsBeforeTick
                0x0000000000011caf                doActionsAfterTick
 .text          0x0000000000011ce2       0x83 build/cooja/mtype873.a(cooja_mt.o)
                0x0000000000011ce2                cooja_mt_start
                0x0000000000011d0c                cooja_mt_exec
                0x0000000000011d42                cooja_mt_yield
 .text          0x0000000000011d65       0xbe build/cooja/mtype873.a(cooja_mtarch.o)
                0x0000000000011d65                cooja_mtarch_start
                0x0000000000011dd8                cooja_sw
                0x0000000000011dfb                cooja_mtarch_exec
                0x0000000000011e18                cooja_mtarch_yield
 .text          0x0000000000011e23       0xc5 build/cooja/mtype873.a(rtimer-arch.o)
                0x0000000000011e23                rtimer_arch_init
                0x0000000000011e47                rtimer_arch_schedule
                0x0000000000011e77                rtimer_arch_next
                0x0000000000011e87                rtimer_arch_pending
                0x0000000000011e91                rtimer_arch_check
                0x0000000000011ed8                rtimer_arch_now
 .text          0x0000000000011ee8       0x81 build/cooja/mtype873.a(beep.o)
                0x0000000000011ee8                beep_alarm
                0x0000000000011ef5                beep_beep
                0x0000000000011f02                beep
                0x0000000000011f0f                beep_down
                0x0000000000011f1c                beep_on
                0x0000000000011f29                beep_off
                0x0000000000011f36                beep_spinup
                0x0000000000011f43                beep_quick
                0x0000000000011f50                beep_long
 .text          0x0000000000011f69       0x65 build/cooja/mtype873.a(leds-arch.o)
                0x0000000000011f7c                leds_arch_init
 .text          0x0000000000011fce       0x35 build/cooja/mtype873.a(moteid.o)
 .text          0x0000000000012003       0xb7 build/cooja/mtype873.a(pir-sensor.o)
 .text          0x00000000000120ba      0x148 build/cooja/mtype873.a(rs232.o)
                0x00000000000120ba                rs232_init
                0x00000000000120c0                rs232_set_speed
                0x00000000000120cf                rs232_set_input
                0x00000000000120dd                rs232_send
                0x0000000000012101                rs232_print
                0x000000000001211d                slip_arch_writeb
 .text          0x0000000000012202       0xb7 build/cooja/mtype873.a(vib-sensor.o)
 .text          0x00000000000122b9       0x38 build/cooja/mtype873.a(clock.o)
                0x00000000000122b9                clock_init
                0x00000000000122bf                clock_time
                0x00000000000122c9                clock_seconds
                0x00000000000122df                clock_delay
 .text          0x00000000000122f1      0x219 build/cooja/mtype873.a(cooja-log.o)
                0x00000000000122f1                simlog_char
                0x0000000000012334                simlog
                0x00000000000123aa                log_message
                0x00000000000123db                log_set_putchar_with_slip
                0x00000000000123e9                log_putchar
                0x0000000000012464                log_puts
                0x000000000001248c                log_printf
 .text          0x000000000001250a      0x2b9 build/cooja/mtype873.a(cfs-cooja.o)
                0x000000000001250a                cfs_open
                0x0000000000012573                cfs_close
                0x0000000000012580                cfs_read
                0x0000000000012615                cfs_write
                0x00000000000126f1                cfs_seek
                0x0000000000012779                cfs_remove
                0x000000000001279d                cfs_opendir
                0x00000000000127a7                cfs_readdir
                0x00000000000127b1                cfs_closedir
 .text          0x00000000000127c3      0x620 build/cooja/mtype873.a(cooja-radio.o)
                0x0000000000012805                radio_set_channel
                0x0000000000012813                radio_set_txpower
                0x000000000001282b                radio_signal_strength_last
                0x0000000000012835                radio_signal_strength_current
                0x000000000001283f                radio_LQI
 .text          0x0000000000012de3       0xee build/cooja/mtype873.a(eeprom.o)
                0x0000000000012de3                eeprom_init
                0x0000000000012de9                eeprom_read
                0x0000000000012e57                eeprom_write
 .text          0x0000000000012ed1       0x2d build/cooja/mtype873.a(random.o)
                0x0000000000012ed1                random_init
                0x0000000000012ef1                random_rand
 .text          0x0000000000012efe      0x29c build/cooja/mtype873.a(sensors.o)
                0x0000000000012f39                sensors_first
                0x0000000000012f43                sensors_next
                0x0000000000012f5d                sensors_changed
                0x0000000000012f91                sensors_find
 .text          0x000000000001319a      0x349 build/cooja/mtype873.a(leds.o)
                0x000000000001319a                leds_init
                0x00000000000131e1                leds_single_on
                0x0000000000013240                leds_single_off
                0x000000000001329f                leds_single_toggle
                0x00000000000132d1                leds_on
                0x0000000000013353                leds_off
                0x00000000000133d5                leds_toggle
                0x000000000001342a                leds_set
                0x0000000000013456                leds_get
 .text          0x00000000000134e3      0x343 build/cooja/mtype873.a(gpio-hal-arch.o)
                0x00000000000134e3                gpio_hal_arch_register_pin_callback
                0x000000000001354f                gpio_hal_arch_init
                0x0000000000013594                gpio_hal_arch_no_port_interrupt_enable
                0x00000000000135c4                gpio_hal_arch_no_port_interrupt_disable
                0x00000000000135f4                gpio_hal_arch_no_port_pin_cfg_set
                0x0000000000013619                gpio_hal_arch_no_port_pin_cfg_get
                0x000000000001363f                gpio_hal_arch_no_port_pin_set_input
                0x0000000000013651                gpio_hal_arch_no_port_pin_set_output
                0x0000000000013663                gpio_hal_arch_no_port_set_pin
                0x0000000000013684                gpio_hal_arch_no_port_clear_pin
                0x00000000000136a5                gpio_hal_arch_no_port_read_pin
                0x00000000000136cb                gpio_hal_arch_no_port_write_pin
                0x00000000000136f5                gpio_hal_arch_no_port_set_pins
                0x000000000001373c                gpio_hal_arch_no_port_clear_pins
                0x0000000000013783                gpio_hal_arch_no_port_read_pins
                0x00000000000137c6                gpio_hal_arch_no_port_write_pins
 .text          0x0000000000013826       0x89 build/cooja/mtype873.a(buttons.o)
 .text          0x00000000000138af      0x1ed build/cooja/mtype873.a(ethylene_sensor)
 .text          0x0000000000013a9c      0x27b build/cooja/mtype873.a(coap-blocking-a)
                0x0000000000013a9c                coap_blocking_request_callback
                0x0000000000013ac6                coap_blocking_request
 .text          0x0000000000013d17      0xbea build/cooja/mtype873.a(coap-engine.o)
                0x0000000000013dac                coap_add_handler
                0x0000000000013dc9                coap_remove_handler
                0x0000000000013de6                coap_call_handlers
                0x0000000000013eee                coap_receive
                0x00000000000144e9                coap_engine_init
                0x0000000000014547                coap_activate_resource
                0x00000000000145f2                coap_get_first_resource
                0x000000000001460b                coap_get_next_resource
 .text          0x0000000000014901      0x2d9 build/cooja/mtype873.a(coap-res-well-k)
 .text          0x0000000000014bda      0x96a build/cooja/mtype873.a(coap-observe.o)
                0x0000000000014cef                coap_remove_observer
                0x0000000000014d1f                coap_remove_observer_by_client
                0x0000000000014d87                coap_remove_observer_by_token
                0x0000000000014e1a                coap_remove_observer_by_uri
                0x0000000000014ec1                coap_remove_observer_by_mid
                0x0000000000014f3d                coap_notify_observers
                0x0000000000014f56                coap_notify_observers_sub
                0x00000000000153c0                coap_observe_handler
                0x00000000000154db                coap_has_observers
 .text          0x0000000000015544      0x733 build/cooja/mtype873.a(coap-uip.o)
                0x0000000000015544                coap_endpoint_log
                0x00000000000155ca                coap_endpoint_print
                0x0000000000015650                coap_endpoint_snprint
                0x0000000000015783                coap_endpoint_copy
                0x00000000000157c0                coap_endpoint_cmp
                0x00000000000158ce                coap_endpoint_parse
                0x0000000000015ab9                coap_endpoint_is_secure
                0x0000000000015ac8                coap_endpoint_is_connected
                0x0000000000015afc                coap_endpoint_connect
                0x0000000000015b18                coap_endpoint_disconnect
                0x0000000000015b1e                coap_databuf
                0x0000000000015b28                coap_transport_init
                0x0000000000015b78                coap_sendto
 .text          0x0000000000015c77      0x324 build/cooja/mtype873.a(coap-timer.o)
                0x0000000000015d74                coap_timer_stop
                0x0000000000015d9f                coap_timer_set
                0x0000000000015de2                coap_timer_reset
                0x0000000000015e25                coap_timer_time_to_next_expiration
                0x0000000000015e91                coap_timer_run
                0x0000000000015f5d                coap_timer_init
 .text          0x0000000000015f9b      0x2c6 build/cooja/mtype873.a(coap-transactio)
                0x0000000000016001                coap_new_transaction
                0x0000000000016067                coap_send_transaction
                0x00000000000161c8                coap_clear_transaction
                0x0000000000016210                coap_get_transaction_by_mid
 .text          0x0000000000016261     0x1c53 build/cooja/mtype873.a(coap.o)
                0x00000000000167ce                coap_init_connection
                0x00000000000167e2                coap_get_mid
                0x00000000000167fe                coap_init_message
                0x0000000000016847                coap_serialize_message
                0x0000000000016ec9                coap_parse_message
                0x0000000000017530                coap_get_query_variable
                0x0000000000017572                coap_get_post_variable
                0x00000000000175b6                coap_set_status_code
                0x00000000000175db                coap_set_token
                0x0000000000017622                coap_get_header_content_format
                0x0000000000017653                coap_set_header_content_format
                0x0000000000017676                coap_get_header_accept
                0x00000000000176a7                coap_set_header_accept
                0x00000000000176ca                coap_get_header_max_age
                0x00000000000176fb                coap_set_header_max_age
                0x000000000001771b                coap_get_header_etag
                0x000000000001774d                coap_set_header_etag
                0x00000000000177a4                coap_get_header_if_match
                0x00000000000177d6                coap_set_header_if_match
                0x000000000001782d                coap_get_header_if_none_match
                0x0000000000017847                coap_set_header_if_none_match
                0x000000000001785e                coap_get_header_proxy_uri
                0x000000000001788c                coap_set_header_proxy_uri
                0x00000000000178c9                coap_get_header_uri_host
                0x00000000000178f7                coap_set_header_uri_host
                0x0000000000017934                coap_get_header_uri_path
                0x0000000000017962                coap_set_header_uri_path
                0x00000000000179af                coap_get_header_uri_query
                0x00000000000179e3                coap_set_header_uri_query
                0x0000000000017a39                coap_get_header_location_path
                0x0000000000017a67                coap_set_header_location_path
                0x0000000000017b00                coap_get_header_location_query
                0x0000000000017b2e                coap_set_header_location_query
                0x0000000000017b7b                coap_get_header_observe
                0x0000000000017baa                coap_set_header_observe
                0x0000000000017bca                coap_get_header_block2
                0x0000000000017c36                coap_set_header_block2
                0x0000000000017cad                coap_get_header_block1
                0x0000000000017d22                coap_set_header_block1
                0x0000000000017d9d                coap_get_header_size2
                0x0000000000017dcd                coap_set_header_size2
                0x0000000000017df0                coap_get_header_size1
                0x0000000000017e20                coap_set_header_size1
                0x0000000000017e43                coap_get_payload
                0x0000000000017e7d                coap_set_payload
 .text          0x0000000000017eb4      0x332 build/cooja/mtype873.a(contiki-main.o)
                0x0000000000017eb4                main
 .text          0x00000000000181e6       0x92 build/cooja/mtype873.a(autostart.o)
                0x00000000000181e6                autostart_start
                0x0000000000018230                autostart_exit
 .text          0x0000000000018278      0x355 build/cooja/mtype873.a(ctimer.o)
                0x00000000000183a0                ctimer_init
                0x00000000000183d3                ctimer_set
                0x00000000000183f9                ctimer_set_with_process
                0x0000000000018476                ctimer_reset
                0x00000000000184ca                ctimer_restart
                0x000000000001851e                ctimer_stop
                0x000000000001856e                ctimer_expired
 .text          0x00000000000185cd      0x394 build/cooja/mtype873.a(log.o)
                0x00000000000185cd                log_6addr
                0x0000000000018620                log_6addr_compact_snprint
                0x00000000000186be                log_6addr_compact
                0x0000000000018711                log_lladdr
                0x0000000000018783                log_lladdr_compact
                0x00000000000187eb                log_set_level
                0x00000000000188a6                log_get_level
                0x000000000001891f                log_level_to_str
 .text          0x0000000000018961       0x1b build/cooja/mtype873.a(energest.o)
                0x0000000000018961                energest_init
                0x0000000000018967                energest_flush
                0x000000000001896d                energest_get_total_time
 .text          0x000000000001897c      0x43f build/cooja/mtype873.a(etimer.o)
                0x0000000000018ba0                etimer_request_poll
                0x0000000000018c29                etimer_set
                0x0000000000018c52                etimer_reset_with_new_interval
                0x0000000000018c81                etimer_reset
                0x0000000000018ca7                etimer_restart
                0x0000000000018ccd                etimer_adjust
                0x0000000000018cea                etimer_expired
                0x0000000000018cfd                etimer_expiration_time
                0x0000000000018d0f                etimer_start_time
                0x0000000000018d19                etimer_pending
                0x0000000000018d2b                etimer_next_expiration_time
                0x0000000000018d45                etimer_stop
 .text          0x0000000000018dbb       0x25 build/cooja/mtype873.a(node-id.o)
                0x0000000000018dbb                node_id_init
 .text          0x0000000000018de0       0xeb build/cooja/mtype873.a(rtimer.o)
                0x0000000000018de0                rtimer_init
                0x0000000000018dee                rtimer_set
                0x0000000000018e69                rtimer_run_next
 .text          0x0000000000018ecb      0x4fb build/cooja/mtype873.a(process.o)
                0x0000000000018ecb                process_alloc_event
                0x0000000000018ee0                process_start
                0x00000000000190ba                process_exit
                0x00000000000190d7                process_init
                0x000000000001926c                process_run
                0x000000000001929f                process_nevents
                0x00000000000192ba                process_post
                0x000000000001934d                process_post_synch
                0x0000000000019382                process_poll
                0x00000000000193b2                process_is_running
 .text          0x00000000000193c6       0xb1 build/cooja/mtype873.a(timer.o)
                0x00000000000193c6                timer_set
                0x00000000000193e4                timer_reset
                0x0000000000019411                timer_restart
                0x0000000000019426                timer_expired
                0x0000000000019453                timer_remaining
 .text          0x0000000000019477      0x28f build/cooja/mtype873.a(list.o)
                0x0000000000019477                list_init
                0x0000000000019486                list_head
                0x0000000000019490                list_copy
                0x00000000000194a0                list_tail
                0x00000000000194d6                list_add
                0x0000000000019522                list_push
                0x000000000001954e                list_chop
                0x00000000000195b8                list_pop
                0x00000000000195e0                list_remove
                0x0000000000019648                list_length
                0x0000000000019676                list_insert
                0x00000000000196bb                list_item_next
                0x00000000000196d2                list_contains
 .text          0x0000000000019706      0x1b5 build/cooja/mtype873.a(memb.o)
                0x0000000000019706                memb_init
                0x000000000001975b                memb_alloc
                0x00000000000197be                memb_free
                0x0000000000019835                memb_inmemb
                0x0000000000019874                memb_numfree
 .text          0x00000000000198bb      0x41c build/cooja/mtype873.a(button-hal.o)
                0x0000000000019a34                button_hal_get_by_id
                0x0000000000019a72                button_hal_get_by_index
                0x0000000000019a9e                button_hal_get_state
                0x0000000000019af0                button_hal_init
 .text          0x0000000000019cd7      0x1f3 build/cooja/mtype873.a(serial-line.o)
                0x0000000000019cd7                serial_line_input_byte
                0x0000000000019e95                serial_line_init
 .text          0x0000000000019eca      0x168 build/cooja/mtype873.a(gpio-hal.o)
                0x0000000000019eca                gpio_hal_register_handler
                0x0000000000019ee7                gpio_hal_event_handler
                0x0000000000019f43                gpio_hal_init
                0x0000000000019f62                gpio_hal_arch_port_toggle_pin
                0x0000000000019f9e                gpio_hal_arch_port_toggle_pins
                0x0000000000019fcc                gpio_hal_arch_no_port_toggle_pin
                0x000000000001a00a                gpio_hal_arch_no_port_toggle_pins
 .text          0x000000000001a032      0x2e7 build/cooja/mtype873.a(queuebuf.o)
                0x000000000001a03c                queuebuf_init
                0x000000000001a065                queuebuf_numfree
                0x000000000001a07d                queuebuf_new_from_packetbuf
                0x000000000001a11c                queuebuf_update_attr_from_packetbuf
                0x000000000001a151                queuebuf_update_from_packetbuf
                0x000000000001a1a1                queuebuf_free
                0x000000000001a1ea                queuebuf_to_packetbuf
                0x000000000001a256                queuebuf_dataptr
                0x000000000001a290                queuebuf_datalen
                0x000000000001a2b3                queuebuf_addr
                0x000000000001a2e8                queuebuf_attr
                0x000000000001a313                queuebuf_debug_print
 .text          0x000000000001a319      0x407 build/cooja/mtype873.a(packetbuf.o)
                0x000000000001a319                packetbuf_clear
                0x000000000001a344                packetbuf_copyfrom
                0x000000000001a393                packetbuf_copyto
                0x000000000001a426                packetbuf_hdralloc
                0x000000000001a4a2                packetbuf_hdrreduce
                0x000000000001a4e8                packetbuf_set_datalen
                0x000000000001a502                packetbuf_dataptr
                0x000000000001a51f                packetbuf_hdrptr
                0x000000000001a529                packetbuf_datalen
                0x000000000001a535                packetbuf_hdrlen
                0x000000000001a54c                packetbuf_totlen
                0x000000000001a562                packetbuf_remaininglen
                0x000000000001a575                packetbuf_attr_clear
                0x000000000001a5c1                packetbuf_attr_copyto
                0x000000000001a619                packetbuf_attr_copyfrom
                0x000000000001a671                packetbuf_set_attr
                0x000000000001a69b                packetbuf_attr
                0x000000000001a6b5                packetbuf_set_addr
                0x000000000001a6e6                packetbuf_addr
                0x000000000001a703                packetbuf_holds_broadcast
 .text          0x000000000001a720       0xef build/cooja/mtype873.a(netstack.o)
                0x000000000001a720                netstack_process_ip_callback
                0x000000000001a7b1                netstack_ip_packet_processor_add
                0x000000000001a7d4                uip_ds6_ip_packet_processor_rm
                0x000000000001a7f1                netstack_init
 .text          0x000000000001a80f       0x4f build/cooja/mtype873.a(linkaddr.o)
                0x000000000001a80f                linkaddr_copy
                0x000000000001a825                linkaddr_cmp
                0x000000000001a848                linkaddr_set_node_addr
 .text          0x000000000001a85e      0x1f6 build/cooja/mtype873.a(csma.o)
 .text          0x000000000001aa54      0x95d build/cooja/mtype873.a(csma-output.o)
                0x000000000001b0eb                csma_output_packet
                0x000000000001b378                csma_output_init
 .text          0x000000000001b3b1      0xc11 build/cooja/mtype873.a(uip-ds6.o)
                0x000000000001b3b1                uip_ds6_default_prefix
                0x000000000001b3bb                uip_ds6_set_default_prefix
                0x000000000001b3e6                uip_ds6_init
                0x000000000001b648                uip_ds6_periodic
                0x000000000001b6cf                uip_ds6_list_loop
                0x000000000001b78f                uip_ds6_prefix_add
                0x000000000001b83b                uip_ds6_prefix_rm
                0x000000000001b84e                uip_ds6_prefix_lookup
                0x000000000001b88d                uip_ds6_is_addr_onlink
                0x000000000001b900                uip_ds6_addr_add
                0x000000000001ba20                uip_ds6_addr_rm
                0x000000000001bac9                uip_ds6_addr_lookup
                0x000000000001bb02                uip_ds6_get_link_local
                0x000000000001bb83                uip_ds6_get_global
                0x000000000001bc04                uip_ds6_maddr_add
                0x000000000001bc64                uip_ds6_maddr_rm
                0x000000000001bc77                uip_ds6_maddr_lookup
                0x000000000001bcb0                uip_ds6_aaddr_add
                0x000000000001bd10                uip_ds6_aaddr_rm
                0x000000000001bd23                uip_ds6_aaddr_lookup
                0x000000000001bd5c                uip_ds6_select_src
                0x000000000001bea5                uip_ds6_set_addr_iid
                0x000000000001bed0                uip_ds6_set_lladdr_from_iid
                0x000000000001bef9                get_match_length
                0x000000000001bf8a                uip_ds6_compute_reachable_time
 .text          0x000000000001bfc2      0x128 build/cooja/mtype873.a(uip-udp-packet.)
                0x000000000001bfc2                uip_udp_packet_send
                0x000000000001c01d                uip_udp_packet_sendto
 .text          0x000000000001c0ea      0x35b build/cooja/mtype873.a(uip-ds6-route.o)
                0x000000000001c13b                uip_ds6_route_init
                0x000000000001c165                uip_ds6_route_nexthop
                0x000000000001c16f                uip_ds6_route_head
                0x000000000001c179                uip_ds6_route_next
                0x000000000001c183                uip_ds6_route_is_nexthop
                0x000000000001c18d                uip_ds6_route_num_routes
                0x000000000001c197                uip_ds6_route_lookup
                0x000000000001c1a1                uip_ds6_route_add
                0x000000000001c1b4                uip_ds6_route_rm
                0x000000000001c1ba                uip_ds6_route_rm_by_nexthop
                0x000000000001c1c0                uip_ds6_defrt_head
                0x000000000001c1d9                uip_ds6_defrt_add
                0x000000000001c287                uip_ds6_defrt_rm
                0x000000000001c2ed                uip_ds6_defrt_lookup
                0x000000000001c354                uip_ds6_defrt_choose
                0x000000000001c3ca                uip_ds6_defrt_periodic
 .text          0x000000000001c445      0x6f7 build/cooja/mtype873.a(tcpip.o)
                0x000000000001c45f                tcpip_output
                0x000000000001c4de                udp_attach
                0x000000000001c4f6                udp_new
                0x000000000001c540                udp_broadcast_new
                0x000000000001c6b2                tcpip_input
                0x000000000001c842                tcpip_ipv6_output
                0x000000000001ca36                tcpip_poll_udp
                0x000000000001ca54                tcpip_uipcall
 .text          0x000000000001cb3c     0x1205 build/cooja/mtype873.a(uip6.o)
                0x000000000001cbeb                uip_chksum
                0x000000000001ccc2                uip_icmp6chksum
                0x000000000001ccd7                uip_udpchksum
                0x000000000001ccec                uip_init
                0x000000000001cd35                uip_remove_ext_hdr
                0x000000000001ce0f                uip_udp_new
                0x000000000001d123                uip_process
                0x000000000001dc1b                uip_htons
                0x000000000001dc3d                uip_htonl
                0x000000000001dc7b                uip_send
 .text          0x000000000001dd41      0x369 build/cooja/mtype873.a(uip-ds6-nbr.o)
                0x000000000001dd41                uip_ds6_neighbors_init
                0x000000000001dd65                uip_ds6_nbr_add
                0x000000000001ddeb                uip_ds6_nbr_rm
                0x000000000001de36                uip_ds6_nbr_update_ll
                0x000000000001df24                uip_ds6_nbr_get_ipaddr
                0x000000000001df39                uip_ds6_nbr_get_ll
                0x000000000001df55                uip_ds6_nbr_num
                0x000000000001df9e                uip_ds6_nbr_head
                0x000000000001dfb7                uip_ds6_nbr_next
                0x000000000001dfd3                uip_ds6_nbr_lookup
                0x000000000001e02b                uip_ds6_nbr_ll_lookup
                0x000000000001e047                uip_ds6_nbr_ipaddr_from_lladdr
                0x000000000001e070                uip_ds6_nbr_lladdr_from_ipaddr
                0x000000000001e0a4                uip_ds6_link_callback
 .text          0x000000000001e0aa      0x6a7 build/cooja/mtype873.a(uip-nd6.o)
                0x000000000001e738                uip_nd6_init
 .text          0x000000000001e751     0x2c17 build/cooja/mtype873.a(sicslowpan.o)
                0x000000000001ed58                netstack_sniffer_add
                0x000000000001ed66                netstack_sniffer_remove
                0x000000000002133c                sicslowpan_init
                0x000000000002135e                sicslowpan_get_last_rssi
 .text          0x0000000000021368      0x4d1 build/cooja/mtype873.a(uiplib.o)
                0x0000000000021368                uiplib_ip6addrconv
                0x0000000000021520                uiplib_ip4addrconv
                0x00000000000215e3                uiplib_ipaddr_print
                0x0000000000021636                uiplib_ipaddr_snprint
 .text          0x0000000000021839      0x4c9 build/cooja/mtype873.a(rpl.o)
                0x0000000000021839                rpl_lollipop_greater_than
                0x0000000000021893                rpl_get_global_address
                0x000000000002198b                rpl_link_callback
                0x00000000000219cf                rpl_has_joined
                0x00000000000219f4                rpl_is_reachable
                0x0000000000021a75                rpl_reset_prefix
                0x0000000000021adf                rpl_set_prefix_from_addr
                0x0000000000021bc4                rpl_set_prefix
                0x0000000000021cde                rpl_set_leaf_only
                0x0000000000021cf6                rpl_get_leaf_only
 .text          0x0000000000021d02     0x138c build/cooja/mtype873.a(rpl-icmp6.o)
                0x0000000000021e27                rpl_icmp6_update_nbr_table
                0x0000000000021eb0                rpl_icmp6_dis_output
                0x00000000000224f6                rpl_icmp6_dio_output
                0x0000000000022cf4                rpl_icmp6_dao_output
                0x0000000000022fd5                rpl_icmp6_dao_ack_output
                0x0000000000023045                rpl_icmp6_init
 .text          0x000000000002308e      0x264 build/cooja/mtype873.a(rpl-dag-root.o)
                0x000000000002308e                rpl_dag_root_print_links
                0x00000000000231ba                rpl_dag_root_set_prefix
                0x00000000000231e6                rpl_dag_root_start
                0x00000000000232c3                rpl_dag_root_is_root
 .text          0x00000000000232f2       0x30 build/cooja/mtype873.a(watchdog.o)
                0x00000000000232f2                watchdog_init
                0x00000000000232f8                watchdog_start
                0x00000000000232fe                watchdog_periodic
                0x0000000000023316                watchdog_stop
                0x000000000002331c                watchdog_reboot
 .text          0x0000000000023322       0x4a build/cooja/mtype873.a(int-master.o)
                0x0000000000023322                int_master_enable
                0x0000000000023332                int_master_read_and_disable
                0x000000000002334f                int_master_status_set
                0x000000000002335d                int_master_is_enabled
 .text          0x000000000002336c      0x226 build/cooja/mtype873.a(coap-timer-defa)
 .text          0x0000000000023592       0xc7 build/cooja/mtype873.a(stimer.o)
                0x0000000000023592                stimer_set
                0x00000000000235b0                stimer_reset
                0x00000000000235dd                stimer_restart
                0x00000000000235f2                stimer_expired
                0x000000000002361d                stimer_remaining
                0x0000000000023641                stimer_elapsed
 .text          0x0000000000023659      0x156 build/cooja/mtype873.a(ringbuf.o)
                0x0000000000023659                ringbuf_init
                0x000000000002368b                ringbuf_put
                0x0000000000023709                ringbuf_get
                0x0000000000023776                ringbuf_size
                0x0000000000023788                ringbuf_elements
 .text          0x00000000000237af       0x1f build/cooja/mtype873.a(assert.o)
                0x00000000000237af                _xassert
 .text          0x00000000000237ce      0x79b build/cooja/mtype873.a(nbr-table.o)
                0x0000000000023c47                nbr_table_register
                0x0000000000023cb4                nbr_table_is_registered
                0x0000000000023cef                nbr_table_head
                0x0000000000023d4a                nbr_table_next
                0x0000000000023dab                nbr_table_add_lladdr
                0x0000000000023e85                nbr_table_get_from_lladdr
                0x0000000000023ed1                nbr_table_remove
                0x0000000000023f09                nbr_table_lock
                0x0000000000023f23                nbr_table_unlock
                0x0000000000023f3d                nbr_table_get_lladdr
 .text          0x0000000000023f69      0x3a5 build/cooja/mtype873.a(link-stats.o)
                0x0000000000023f69                link_stats_from_lladdr
                0x0000000000023f85                link_stats_get_lladdr
                0x0000000000023fa1                link_stats_is_fresh
                0x0000000000023fdd                guess_etx_from_rssi
                0x0000000000024059                link_stats_packet_sent
                0x0000000000024179                link_stats_input_callback
                0x0000000000024289                link_stats_reset
                0x00000000000242d9                link_stats_init
 .text          0x000000000002430e      0x187 build/cooja/mtype873.a(mac-sequence.o)
                0x000000000002430e                mac_sequence_is_duplicate
                0x00000000000243ae                mac_sequence_register_seqno
 .text          0x0000000000024495       0x23 build/cooja/mtype873.a(mac.o)
                0x0000000000024495                mac_call_sent_callback
 .text          0x00000000000244b8      0x432 build/cooja/mtype873.a(framer-802154.o)
                0x0000000000024647                framer_802154_setup_params
 .text          0x00000000000248ea      0xb6f build/cooja/mtype873.a(frame802154.o)
                0x000000000002491b                frame802154_get_pan_id
                0x0000000000024927                frame802154_set_pan_id
                0x0000000000024941                frame802154_has_panid
                0x0000000000024af0                frame802154_check_dest_panid
                0x0000000000024b78                frame802154_is_broadcast_addr
                0x0000000000024bc5                frame802154_extract_linkaddr
                0x0000000000024e2a                frame802154_hdrlen
                0x0000000000024e9d                frame802154_create_fcf
                0x0000000000024f55                frame802154_create
                0x00000000000250ca                frame802154_parse_fcf
                0x00000000000251ac                frame802154_parse
 .text          0x0000000000025459       0x2d build/cooja/mtype873.a(csma-security.o)
                0x0000000000025459                csma_security_create_frame
                0x0000000000025477                csma_security_parse_frame
 .text          0x0000000000025486      0x4e4 build/cooja/mtype873.a(uipbuf.o)
                0x0000000000025486                uipbuf_clear
                0x00000000000254ad                uipbuf_add_ext_hdr
                0x000000000002552d                uipbuf_set_len
                0x000000000002555a                uipbuf_set_len_field
                0x0000000000025586                uipbuf_get_len_field
                0x00000000000255a6                uipbuf_get_next_header
                0x00000000000256d8                uipbuf_get_last_header
                0x0000000000025751                uipbuf_search_header
                0x0000000000025807                uipbuf_get_attr
                0x000000000002582e                uipbuf_set_attr
                0x0000000000025865                uipbuf_set_default_attr
                0x000000000002589c                uipbuf_clear_attr
                0x00000000000258c0                uipbuf_set_attr_flag
                0x00000000000258e1                uipbuf_clr_attr_flag
                0x0000000000025908                uipbuf_is_attr_flag
                0x000000000002592c                uipbuf_init
 .text          0x000000000002596a      0x73f build/cooja/mtype873.a(uip-icmp6.o)
                0x00000000000259df                uip_icmp6_input
                0x0000000000025a36                uip_icmp6_register_input_handler
                0x0000000000025b89                uip_icmp6_error_output
                0x0000000000025e3a                uip_icmp6_send
                0x0000000000026031                uip_icmp6_echo_reply_callback_add
                0x0000000000026063                uip_icmp6_echo_reply_callback_rm
                0x0000000000026080                uip_icmp6_init
 .text          0x00000000000260a9      0x69b build/cooja/mtype873.a(uip-sr.o)
                0x00000000000260a9                uip_sr_num_nodes
                0x0000000000026137                uip_sr_get_node
                0x000000000002618e                uip_sr_is_addr_reachable
                0x000000000002623c                uip_sr_expire_parent
                0x0000000000026285                uip_sr_update_node
                0x00000000000263b5                uip_sr_init
                0x00000000000263e9                uip_sr_node_head
                0x0000000000026402                uip_sr_node_next
                0x0000000000026418                uip_sr_periodic
                0x000000000002651e                uip_sr_free_all
                0x000000000002658e                uip_sr_link_snprint
 .text          0x0000000000026744      0x146 build/cooja/mtype873.a(uip-packetqueue)
                0x0000000000026772                uip_packetqueue_new
                0x0000000000026781                uip_packetqueue_alloc
                0x00000000000267dc                uip_packetqueue_free
                0x0000000000026823                uip_packetqueue_buf
                0x0000000000026840                uip_packetqueue_buflen
                0x0000000000026861                uip_packetqueue_set_buflen
 .text          0x000000000002688a      0x1b0 build/cooja/mtype873.a(rpl-nbr-policy.)
                0x00000000000269f7                rpl_nbr_policy_find_removable
 .text          0x0000000000026a3a      0x915 build/cooja/mtype873.a(rpl-neighbor.o)
                0x0000000000026ab6                rpl_neighbor_snprint
                0x0000000000026d69                rpl_neighbor_print_list
                0x0000000000026e1e                rpl_neighbor_count
                0x0000000000026ec5                rpl_neighbor_get_from_lladdr
                0x0000000000026ee1                rpl_neighbor_is_acceptable_parent
                0x0000000000026f15                rpl_neighbor_get_link_metric
                0x0000000000026f49                rpl_neighbor_rank_via_nbr
                0x0000000000026f7d                rpl_neighbor_get_lladdr
                0x0000000000026f99                rpl_neighbor_get_ipaddr
                0x0000000000026fc0                rpl_neighbor_get_link_stats
                0x0000000000026fe7                rpl_neighbor_is_fresh
                0x000000000002700e                rpl_neighbor_is_reachable
                0x0000000000027059                rpl_neighbor_is_parent
                0x0000000000027083                rpl_neighbor_set_preferred_parent
                0x000000000002711a                rpl_neighbor_remove_all
                0x0000000000027176                rpl_neighbor_get_from_ipaddr
                0x0000000000027284                rpl_neighbor_select_best
                0x0000000000027330                rpl_neighbor_init
 .text          0x000000000002734f      0xe69 build/cooja/mtype873.a(rpl-dag.o)
                0x000000000002734f                rpl_dag_state_to_str
                0x000000000002738e                rpl_dag_get_root_ipaddr
                0x00000000000273d6                rpl_dag_leave
                0x000000000002745f                rpl_dag_poison_and_leave
                0x0000000000027477                rpl_dag_periodic
                0x00000000000274ff                rpl_is_addr_in_our_dag
                0x0000000000027543                rpl_get_default_instance
                0x000000000002755f                rpl_get_any_dag
                0x00000000000275b8                rpl_refresh_routes
                0x00000000000275f8                rpl_global_repair
                0x0000000000027691                rpl_local_repair
                0x00000000000276db                rpl_dag_ready_to_advertise
                0x000000000002771e                rpl_dag_update_state
                0x0000000000027e4b                rpl_process_dio
                0x0000000000027ec9                rpl_process_dis
                0x0000000000027f0e                rpl_process_dao
                0x0000000000027f9d                rpl_process_dao_ack
                0x0000000000028034                rpl_process_hbh
                0x0000000000028084                rpl_dag_init_root
                0x0000000000028198                rpl_dag_init
 .text          0x00000000000281b8      0x9e7 build/cooja/mtype873.a(rpl-timers.o)
                0x00000000000281b8                rpl_timers_schedule_periodic_dis
                0x0000000000028306                rpl_timers_dio_reset
                0x0000000000028414                rpl_timers_schedule_unicast_dio
                0x0000000000028568                rpl_timers_schedule_dao
                0x0000000000028627                rpl_timers_schedule_dao_ack
                0x00000000000286ad                rpl_timers_notify_dao_ack
                0x000000000002870b                get_probing_delay
                0x000000000002873f                get_probing_target
                0x0000000000028929                rpl_schedule_probing
                0x0000000000028957                rpl_schedule_probing_now
                0x00000000000289c1                rpl_timers_unschedule_leaving
                0x00000000000289f9                rpl_timers_schedule_leaving
                0x0000000000028a3a                rpl_timers_init
                0x0000000000028aca                rpl_timers_stop_dag_timers
                0x0000000000028b43                rpl_timers_unschedule_state_update
                0x0000000000028b67                rpl_timers_schedule_state_update
 .text          0x0000000000028b9f      0xb8e build/cooja/mtype873.a(rpl-ext-header.)
                0x0000000000028b9f                rpl_ext_header_srh_get_next_hop
                0x0000000000028c86                rpl_ext_header_srh_update
                0x00000000000291f2                rpl_ext_header_hbh_update
                0x00000000000294f2                rpl_ext_header_update
                0x000000000002957b                rpl_ext_header_remove
 .text          0x000000000002972d      0x31b build/cooja/mtype873.a(rpl-mrhof.o)
 *fill*         0x0000000000029a48        0x8 
 .text          0x0000000000029a50      0x122 /usr/lib/gcc/i686-linux-gnu/5/libgcc.a(_udivdi3.o)
                0x0000000000029a50                __udivdi3
 .text          0x0000000000029b72        0x0 /usr/lib/gcc/i686-linux-gnu/5/crtendS.o
 .text          0x0000000000029b72        0x0 /usr/lib/gcc/i686-linux-gnu/5/../../../i386-linux-gnu/crtn.o
 *(.gnu.warning)

.fini           0x0000000000029b74       0x14
 *(SORT(.fini))
 .fini          0x0000000000029b74        0xf /usr/lib/gcc/i686-linux-gnu/5/../../../i386-linux-gnu/crti.o
                0x0000000000029b74                _fini
 .fini          0x0000000000029b83        0x5 /usr/lib/gcc/i686-linux-gnu/5/../../../i386-linux-gnu/crtn.o
                [!provide]                        PROVIDE (__etext, .)
                [!provide]                        PROVIDE (_etext, .)
                [!provide]                        PROVIDE (etext, .)

.rodata         0x0000000000029ba0      0xb2b
 *(.rodata .rodata.* .gnu.linkonce.r.*)
 .rodata        0x0000000000029ba0      0x150 ethylene_server.o
                0x0000000000029bbc                autostart_processes
 .rodata        0x0000000000029cf0        0x8 build/cooja/mtype873.a(beep.o)
                0x0000000000029cf0                beep_interface
 .rodata        0x0000000000029cf8        0xe build/cooja/mtype873.a(leds-arch.o)
                0x0000000000029cf8                leds_interface
                0x0000000000029d00                leds_arch_leds
 *fill*         0x0000000000029d06        0x2 
 .rodata        0x0000000000029d08        0x8 build/cooja/mtype873.a(moteid.o)
                0x0000000000029d08                moteid_interface
 .rodata        0x0000000000029d10       0x1c build/cooja/mtype873.a(pir-sensor.o)
                0x0000000000029d10                pir_interface
                0x0000000000029d1c                pir_sensor
 .rodata        0x0000000000029d2c        0xe build/cooja/mtype873.a(rs232.o)
                0x0000000000029d2c                rs232_interface
 *fill*         0x0000000000029d3a        0x2 
 .rodata        0x0000000000029d3c       0x24 build/cooja/mtype873.a(vib-sensor.o)
                0x0000000000029d3c                vib_interface
                0x0000000000029d50                vib_sensor
 .rodata        0x0000000000029d60        0x8 build/cooja/mtype873.a(clock.o)
                0x0000000000029d60                clock_interface
 .rodata        0x0000000000029d68        0x8 build/cooja/mtype873.a(cooja-log.o)
                0x0000000000029d68                simlog_interface
 .rodata        0x0000000000029d70       0x2f build/cooja/mtype873.a(cfs-cooja.o)
                0x0000000000029d70                cfs_interface
 *fill*         0x0000000000029d9f        0x1 
 .rodata        0x0000000000029da0       0xb8 build/cooja/mtype873.a(cooja-radio.o)
                0x0000000000029da0                radio_interface
                0x0000000000029e20                cooja_radio_driver
 .rodata        0x0000000000029e58        0x8 build/cooja/mtype873.a(eeprom.o)
                0x0000000000029e58                eeprom_interface
 .rodata        0x0000000000029e60        0x8 build/cooja/mtype873.a(sensors.o)
 .rodata        0x0000000000029e68       0x2c build/cooja/mtype873.a(buttons.o)
                0x0000000000029e68                button_interface
                0x0000000000029e7c                button_hal_button_count
                0x0000000000029e84                button_sensor
 *fill*         0x0000000000029e94        0x4 
 .rodata        0x0000000000029e98       0x80 build/cooja/mtype873.a(ethylene_sensor)
 .rodata        0x0000000000029f18       0x41 build/cooja/mtype873.a(coap-engine.o)
 .rodata        0x0000000000029f59       0x19 build/cooja/mtype873.a(coap-res-well-k)
 .rodata        0x0000000000029f72       0x11 build/cooja/mtype873.a(coap-observe.o)
 .rodata        0x0000000000029f83       0x35 build/cooja/mtype873.a(coap-uip.o)
 .rodata        0x0000000000029fb8      0x1ac build/cooja/mtype873.a(coap.o)
 .rodata        0x000000000002a164       0xf8 build/cooja/mtype873.a(contiki-main.o)
 .rodata        0x000000000002a25c        0xf build/cooja/mtype873.a(ctimer.o)
 *fill*         0x000000000002a26b        0x1 
 .rodata        0x000000000002a26c       0xc4 build/cooja/mtype873.a(log.o)
 .rodata        0x000000000002a330        0xc build/cooja/mtype873.a(etimer.o)
 .rodata        0x000000000002a33c       0x13 build/cooja/mtype873.a(button-hal.o)
 .rodata        0x000000000002a34f        0xe build/cooja/mtype873.a(serial-line.o)
 *fill*         0x000000000002a35d        0x3 
 .rodata        0x000000000002a360        0x8 build/cooja/mtype873.a(linkaddr.o)
                0x000000000002a360                linkaddr_null
 .rodata        0x000000000002a368       0x24 build/cooja/mtype873.a(csma.o)
                0x000000000002a370                csma_driver
 .rodata        0x000000000002a38c       0x27 build/cooja/mtype873.a(csma-output.o)
 *fill*         0x000000000002a3b3        0x1 
 .rodata        0x000000000002a3b4       0x4d build/cooja/mtype873.a(uip-ds6-route.o)
 .rodata        0x000000000002a401        0xd build/cooja/mtype873.a(tcpip.o)
 *fill*         0x000000000002a40e        0x2 
 .rodata        0x000000000002a410       0x30 build/cooja/mtype873.a(sicslowpan.o)
                0x000000000002a410                unc_llconf
                0x000000000002a414                unc_ctxconf
                0x000000000002a418                unc_mxconf
                0x000000000002a41c                llprefix
                0x000000000002a430                sicslowpan_driver
 .rodata        0x000000000002a440       0x2d build/cooja/mtype873.a(uiplib.o)
 *fill*         0x000000000002a46d       0x13 
 .rodata        0x000000000002a480       0x74 build/cooja/mtype873.a(rpl.o)
                0x000000000002a4a0                rpl_lite_driver
 .rodata        0x000000000002a4f4       0x20 build/cooja/mtype873.a(coap-timer-defa)
                0x000000000002a508                coap_timer_default_driver
 .rodata        0x000000000002a514       0x25 build/cooja/mtype873.a(assert.o)
 *fill*         0x000000000002a539        0x3 
 .rodata        0x000000000002a53c        0xc build/cooja/mtype873.a(framer-802154.o)
                0x000000000002a53c                framer_802154
 .rodata        0x000000000002a548       0x44 build/cooja/mtype873.a(uip-sr.o)
 .rodata        0x000000000002a58c       0x58 build/cooja/mtype873.a(rpl-neighbor.o)
 .rodata        0x000000000002a5e4       0xdb build/cooja/mtype873.a(rpl-dag.o)
 .rodata        0x000000000002a6bf        0xc build/cooja/mtype873.a(rpl-timers.o)

.rodata1
 *(.rodata1)

.eh_frame_hdr   0x000000000002a6cc     0x19e4
 *(.eh_frame_hdr)
 .eh_frame_hdr  0x000000000002a6cc     0x19e4 ethylene_server.o
                0x000000000002a6cc                __GNU_EH_FRAME_HDR
 *(.eh_frame_entry .eh_frame_entry.*)

.eh_frame       0x000000000002c0b0     0x6908
 *(.eh_frame)
 .eh_frame      0x000000000002c0b0       0x3c /usr/lib/gcc/i686-linux-gnu/5/../../../i386-linux-gnu/crti.o
                                         0x40 (size before relaxing)
 .eh_frame      0x000000000002c0ec       0x60 ethylene_server.o
                                         0x78 (size before relaxing)
 .eh_frame      0x000000000002c14c      0x178 build/cooja/mtype873.o
                                        0x190 (size before relaxing)
 .eh_frame      0x000000000002c2c4       0x40 build/cooja/mtype873.a(simEnvChange.o)
                                         0x58 (size before relaxing)
 .eh_frame      0x000000000002c304       0x60 build/cooja/mtype873.a(cooja_mt.o)
                                         0x78 (size before relaxing)
 .eh_frame      0x000000000002c364       0x80 build/cooja/mtype873.a(cooja_mtarch.o)
                                         0x98 (size before relaxing)
 .eh_frame      0x000000000002c3e4       0xc8 build/cooja/mtype873.a(rtimer-arch.o)
                                         0xe0 (size before relaxing)
 .eh_frame      0x000000000002c4ac      0x160 build/cooja/mtype873.a(beep.o)
                                        0x178 (size before relaxing)
 .eh_frame      0x000000000002c60c       0x80 build/cooja/mtype873.a(leds-arch.o)
                                         0x98 (size before relaxing)
 .eh_frame      0x000000000002c68c       0x40 build/cooja/mtype873.a(moteid.o)
                                         0x58 (size before relaxing)
 .eh_frame      0x000000000002c6cc       0xa0 build/cooja/mtype873.a(pir-sensor.o)
                                         0xb8 (size before relaxing)
 .eh_frame      0x000000000002c76c      0x100 build/cooja/mtype873.a(rs232.o)
                                        0x118 (size before relaxing)
 .eh_frame      0x000000000002c86c       0xa0 build/cooja/mtype873.a(vib-sensor.o)
                                         0xb8 (size before relaxing)
 .eh_frame      0x000000000002c90c       0xc0 build/cooja/mtype873.a(clock.o)
                                         0xd8 (size before relaxing)
 .eh_frame      0x000000000002c9cc      0x120 build/cooja/mtype873.a(cooja-log.o)
                                        0x138 (size before relaxing)
 .eh_frame      0x000000000002caec      0x160 build/cooja/mtype873.a(cfs-cooja.o)
                                        0x178 (size before relaxing)
 .eh_frame      0x000000000002cc4c      0x340 build/cooja/mtype873.a(cooja-radio.o)
                                        0x358 (size before relaxing)
 .eh_frame      0x000000000002cf8c       0xa0 build/cooja/mtype873.a(eeprom.o)
                                         0xb8 (size before relaxing)
 .eh_frame      0x000000000002d02c       0x40 build/cooja/mtype873.a(random.o)
                                         0x58 (size before relaxing)
 .eh_frame      0x000000000002d06c       0xc0 build/cooja/mtype873.a(sensors.o)
                                         0xd8 (size before relaxing)
 .eh_frame      0x000000000002d12c      0x120 build/cooja/mtype873.a(leds.o)
                                        0x138 (size before relaxing)
 .eh_frame      0x000000000002d24c      0x220 build/cooja/mtype873.a(gpio-hal-arch.o)
                                        0x238 (size before relaxing)
 .eh_frame      0x000000000002d46c       0xa0 build/cooja/mtype873.a(buttons.o)
                                         0xb8 (size before relaxing)
 .eh_frame      0x000000000002d50c       0x60 build/cooja/mtype873.a(ethylene_sensor)
                                         0x78 (size before relaxing)
 .eh_frame      0x000000000002d56c       0x44 build/cooja/mtype873.a(coap-blocking-a)
                                         0x5c (size before relaxing)
 .eh_frame      0x000000000002d5b0      0x220 build/cooja/mtype873.a(coap-engine.o)
                                        0x238 (size before relaxing)
 .eh_frame      0x000000000002d7d0       0x24 build/cooja/mtype873.a(coap-res-well-k)
                                         0x3c (size before relaxing)
 .eh_frame      0x000000000002d7f4      0x188 build/cooja/mtype873.a(coap-observe.o)
                                        0x1a0 (size before relaxing)
 .eh_frame      0x000000000002d97c      0x250 build/cooja/mtype873.a(coap-uip.o)
                                        0x268 (size before relaxing)
 .eh_frame      0x000000000002dbcc      0x114 build/cooja/mtype873.a(coap-timer.o)
                                        0x12c (size before relaxing)
 .eh_frame      0x000000000002dce0      0x100 build/cooja/mtype873.a(coap-transactio)
                                        0x118 (size before relaxing)
 .eh_frame      0x000000000002dde0      0x6ec build/cooja/mtype873.a(coap.o)
                                        0x704 (size before relaxing)
 .eh_frame      0x000000000002e4cc       0x30 build/cooja/mtype873.a(contiki-main.o)
                                         0x48 (size before relaxing)
 .eh_frame      0x000000000002e4fc       0x40 build/cooja/mtype873.a(autostart.o)
                                         0x58 (size before relaxing)
 .eh_frame      0x000000000002e53c      0x100 build/cooja/mtype873.a(ctimer.o)
                                        0x118 (size before relaxing)
 .eh_frame      0x000000000002e63c      0x100 build/cooja/mtype873.a(log.o)
                                        0x118 (size before relaxing)
 .eh_frame      0x000000000002e73c       0x60 build/cooja/mtype873.a(energest.o)
                                         0x78 (size before relaxing)
 .eh_frame      0x000000000002e79c      0x1e0 build/cooja/mtype873.a(etimer.o)
                                        0x1f8 (size before relaxing)
 .eh_frame      0x000000000002e97c       0x20 build/cooja/mtype873.a(node-id.o)
                                         0x38 (size before relaxing)
 .eh_frame      0x000000000002e99c       0x60 build/cooja/mtype873.a(rtimer.o)
                                         0x78 (size before relaxing)
 .eh_frame      0x000000000002e9fc      0x1c4 build/cooja/mtype873.a(process.o)
                                        0x1dc (size before relaxing)
 .eh_frame      0x000000000002ebc0       0xa4 build/cooja/mtype873.a(timer.o)
                                         0xbc (size before relaxing)
 .eh_frame      0x000000000002ec64      0x1a0 build/cooja/mtype873.a(list.o)
                                        0x1b8 (size before relaxing)
 .eh_frame      0x000000000002ee04       0xa0 build/cooja/mtype873.a(memb.o)
                                         0xb8 (size before relaxing)
 .eh_frame      0x000000000002eea4      0x144 build/cooja/mtype873.a(button-hal.o)
                                        0x15c (size before relaxing)
 .eh_frame      0x000000000002efe8       0x60 build/cooja/mtype873.a(serial-line.o)
                                         0x78 (size before relaxing)
 .eh_frame      0x000000000002f048       0xe0 build/cooja/mtype873.a(gpio-hal.o)
                                         0xf8 (size before relaxing)
 .eh_frame      0x000000000002f128      0x1a0 build/cooja/mtype873.a(queuebuf.o)
                                        0x1b8 (size before relaxing)
 .eh_frame      0x000000000002f2c8      0x28c build/cooja/mtype873.a(packetbuf.o)
                                        0x2a4 (size before relaxing)
 .eh_frame      0x000000000002f554       0x80 build/cooja/mtype873.a(netstack.o)
                                         0x98 (size before relaxing)
 .eh_frame      0x000000000002f5d4       0x60 build/cooja/mtype873.a(linkaddr.o)
                                         0x78 (size before relaxing)
 .eh_frame      0x000000000002f634       0xe0 build/cooja/mtype873.a(csma.o)
                                         0xf8 (size before relaxing)
 .eh_frame      0x000000000002f714      0x1d0 build/cooja/mtype873.a(csma-output.o)
                                        0x1e8 (size before relaxing)
 .eh_frame      0x000000000002f8e4      0x328 build/cooja/mtype873.a(uip-ds6.o)
                                        0x340 (size before relaxing)
 .eh_frame      0x000000000002fc0c       0x40 build/cooja/mtype873.a(uip-udp-packet.)
                                         0x58 (size before relaxing)
 .eh_frame      0x000000000002fc4c      0x220 build/cooja/mtype873.a(uip-ds6-route.o)
                                        0x238 (size before relaxing)
 .eh_frame      0x000000000002fe6c      0x244 build/cooja/mtype873.a(tcpip.o)
                                        0x25c (size before relaxing)
 .eh_frame      0x00000000000300b0      0x1e8 build/cooja/mtype873.a(uip6.o)
                                        0x200 (size before relaxing)
 .eh_frame      0x0000000000030298      0x1c0 build/cooja/mtype873.a(uip-ds6-nbr.o)
                                        0x1d8 (size before relaxing)
 .eh_frame      0x0000000000030458       0x84 build/cooja/mtype873.a(uip-nd6.o)
                                         0x9c (size before relaxing)
 .eh_frame      0x00000000000304dc      0x2f8 build/cooja/mtype873.a(sicslowpan.o)
                                        0x310 (size before relaxing)
 .eh_frame      0x00000000000307d4       0x88 build/cooja/mtype873.a(uiplib.o)
                                         0xa0 (size before relaxing)
 .eh_frame      0x000000000003085c      0x1e0 build/cooja/mtype873.a(rpl.o)
                                        0x1f8 (size before relaxing)
 .eh_frame      0x0000000000030a3c      0x1c4 build/cooja/mtype873.a(rpl-icmp6.o)
                                        0x1dc (size before relaxing)
 .eh_frame      0x0000000000030c00       0xa0 build/cooja/mtype873.a(rpl-dag-root.o)
                                         0xb8 (size before relaxing)
 .eh_frame      0x0000000000030ca0       0xa0 build/cooja/mtype873.a(watchdog.o)
                                         0xb8 (size before relaxing)
 .eh_frame      0x0000000000030d40       0x80 build/cooja/mtype873.a(int-master.o)
                                         0x98 (size before relaxing)
 .eh_frame      0x0000000000030dc0       0xa4 build/cooja/mtype873.a(coap-timer-defa)
                                         0xbc (size before relaxing)
 .eh_frame      0x0000000000030e64       0xc4 build/cooja/mtype873.a(stimer.o)
                                         0xdc (size before relaxing)
 .eh_frame      0x0000000000030f28       0xa0 build/cooja/mtype873.a(ringbuf.o)
                                         0xb8 (size before relaxing)
 .eh_frame      0x0000000000030fc8       0x20 build/cooja/mtype873.a(assert.o)
                                         0x38 (size before relaxing)
 .eh_frame      0x0000000000030fe8      0x2ac build/cooja/mtype873.a(nbr-table.o)
                                        0x2c4 (size before relaxing)
 .eh_frame      0x0000000000031294      0x120 build/cooja/mtype873.a(link-stats.o)
                                        0x138 (size before relaxing)
 .eh_frame      0x00000000000313b4       0x48 build/cooja/mtype873.a(mac-sequence.o)
                                         0x60 (size before relaxing)
 .eh_frame      0x00000000000313fc       0x20 build/cooja/mtype873.a(mac.o)
                                         0x38 (size before relaxing)
 .eh_frame      0x000000000003141c       0xa4 build/cooja/mtype873.a(framer-802154.o)
                                         0xbc (size before relaxing)
 .eh_frame      0x00000000000314c0      0x1a4 build/cooja/mtype873.a(frame802154.o)
                                        0x1bc (size before relaxing)
 .eh_frame      0x0000000000031664       0x40 build/cooja/mtype873.a(csma-security.o)
                                         0x58 (size before relaxing)
 .eh_frame      0x00000000000316a4      0x200 build/cooja/mtype873.a(uipbuf.o)
                                        0x218 (size before relaxing)
 .eh_frame      0x00000000000318a4      0x150 build/cooja/mtype873.a(uip-icmp6.o)
                                        0x168 (size before relaxing)
 .eh_frame      0x00000000000319f4      0x184 build/cooja/mtype873.a(uip-sr.o)
                                        0x19c (size before relaxing)
 .eh_frame      0x0000000000031b78       0xe0 build/cooja/mtype873.a(uip-packetqueue)
                                         0xf8 (size before relaxing)
 .eh_frame      0x0000000000031c58       0x80 build/cooja/mtype873.a(rpl-nbr-policy.)
                                         0x98 (size before relaxing)
 .eh_frame      0x0000000000031cd8      0x2d4 build/cooja/mtype873.a(rpl-neighbor.o)
                                        0x2ec (size before relaxing)
 .eh_frame      0x0000000000031fac      0x370 build/cooja/mtype873.a(rpl-dag.o)
                                        0x388 (size before relaxing)
 .eh_frame      0x000000000003231c      0x3a8 build/cooja/mtype873.a(rpl-timers.o)
                                        0x3c0 (size before relaxing)
 .eh_frame      0x00000000000326c4      0x124 build/cooja/mtype873.a(rpl-ext-header.)
                                        0x13c (size before relaxing)
 .eh_frame      0x00000000000327e8      0x148 build/cooja/mtype873.a(rpl-mrhof.o)
                                        0x160 (size before relaxing)
 .eh_frame      0x0000000000032930       0x84 /usr/lib/gcc/i686-linux-gnu/5/libgcc.a(_udivdi3.o)
                                         0x9c (size before relaxing)
 .eh_frame      0x00000000000329b4        0x4 /usr/lib/gcc/i686-linux-gnu/5/crtendS.o
 *(.eh_frame.*)

.gcc_except_table
 *(.gcc_except_table .gcc_except_table.*)

.gnu_extab
 *(.gnu_extab*)

.exception_ranges
 *(.exception_ranges .exception_ranges*)
                0x0000000000033f10                . = DATA_SEGMENT_ALIGN (0x1000, 0x1000)

.eh_frame
 *(.eh_frame)
 *(.eh_frame.*)

.gnu_extab
 *(.gnu_extab)

.gcc_except_table
 *(.gcc_except_table .gcc_except_table.*)

.exception_ranges
 *(.exception_ranges .exception_ranges*)

.tdata
 *(.tdata .tdata.* .gnu.linkonce.td.*)

.tbss
 *(.tbss .tbss.* .gnu.linkonce.tb.*)
 *(.tcommon)

.preinit_array
 *(.preinit_array)

.init_array     0x0000000000033f10        0x4
 *(SORT(.init_array.*) SORT(.ctors.*))
 *(.init_array EXCLUDE_FILE(*crtend?.o *crtend.o *crtbegin?.o *crtbegin.o) .ctors)
 .init_array    0x0000000000033f10        0x4 /usr/lib/gcc/i686-linux-gnu/5/crtbeginS.o

.fini_array     0x0000000000033f14        0x4
 *(SORT(.fini_array.*) SORT(.dtors.*))
 *(.fini_array EXCLUDE_FILE(*crtend?.o *crtend.o *crtbegin?.o *crtbegin.o) .dtors)
 .fini_array    0x0000000000033f14        0x4 /usr/lib/gcc/i686-linux-gnu/5/crtbeginS.o

.ctors
 *crtbegin.o(.ctors)
 *crtbegin?.o(.ctors)
 *(EXCLUDE_FILE(*crtend?.o *crtend.o) .ctors)
 *(SORT(.ctors.*))
 *(.ctors)

.dtors
 *crtbegin.o(.dtors)
 *crtbegin?.o(.dtors)
 *(EXCLUDE_FILE(*crtend?.o *crtend.o) .dtors)
 *(SORT(.dtors.*))
 *(.dtors)

.jcr            0x0000000000033f18        0x4
 *(.jcr)
 .jcr           0x0000000000033f18        0x0 /usr/lib/gcc/i686-linux-gnu/5/crtbeginS.o
 .jcr           0x0000000000033f18        0x4 /usr/lib/gcc/i686-linux-gnu/5/crtendS.o

.data.rel.ro
 *(.data.rel.ro.local* .gnu.linkonce.d.rel.ro.local.*)
 *(.data.rel.ro .data.rel.ro.* .gnu.linkonce.d.rel.ro.*)

.dynamic        0x0000000000033f1c       0xd0
 *(.dynamic)
 .dynamic       0x0000000000033f1c       0xd0 /usr/lib/gcc/i686-linux-gnu/5/../../../i386-linux-gnu/crti.o
                0x0000000000033f1c                _DYNAMIC

.got            0x0000000000033fec       0x14
 *(.got)
 .got           0x0000000000033fec       0x14 /usr/lib/gcc/i686-linux-gnu/5/../../../i386-linux-gnu/crti.o
 *(.igot)
                0x0000000000034ff4                . = DATA_SEGMENT_RELRO_END (., (SIZEOF (.got.plt) >= 0xc)?0xc:0x0)

.got.plt        0x0000000000034000        0xc
 *(.got.plt)
 .got.plt       0x0000000000034000        0xc /usr/lib/gcc/i686-linux-gnu/5/../../../i386-linux-gnu/crti.o
                0x0000000000034000                _GLOBAL_OFFSET_TABLE_
 *(.igot.plt)

.data           0x0000000000034020      0x444
 *(.data .data.* .gnu.linkonce.d.*)
 .data          0x0000000000034020        0x0 /usr/lib/gcc/i686-linux-gnu/5/../../../i386-linux-gnu/crti.o
 .data          0x0000000000034020        0x0 /usr/lib/gcc/i686-linux-gnu/5/crtbeginS.o
 .data.rel.local
                0x0000000000034020        0x4 /usr/lib/gcc/i686-linux-gnu/5/crtbeginS.o
                0x0000000000034020                __dso_handle
 .data          0x0000000000034024       0x14 ethylene_server.o
                0x0000000000034024                ethylene_server
                0x0000000000034034                service_url
 *fill*         0x0000000000034038        0x8 
 .data          0x0000000000034040       0x44 build/cooja/mtype873.o
                0x0000000000034040                simInterfaces
                0x0000000000034074                sensors
 .data          0x0000000000034084        0x0 build/cooja/mtype873.a(simEnvChange.o)
 .data          0x0000000000034084        0x0 build/cooja/mtype873.a(cooja_mt.o)
 .data          0x0000000000034084        0x0 build/cooja/mtype873.a(cooja_mtarch.o)
 .data          0x0000000000034084        0x0 build/cooja/mtype873.a(rtimer-arch.o)
 .data          0x0000000000034084        0x0 build/cooja/mtype873.a(beep.o)
 .data          0x0000000000034084        0x0 build/cooja/mtype873.a(leds-arch.o)
 .data          0x0000000000034084        0x0 build/cooja/mtype873.a(moteid.o)
 .data          0x0000000000034084        0x0 build/cooja/mtype873.a(pir-sensor.o)
 .data          0x0000000000034084        0x0 build/cooja/mtype873.a(rs232.o)
 .data          0x0000000000034084        0x0 build/cooja/mtype873.a(vib-sensor.o)
 .data          0x0000000000034084        0x0 build/cooja/mtype873.a(clock.o)
 .data          0x0000000000034084        0x0 build/cooja/mtype873.a(cooja-log.o)
 .data          0x0000000000034084        0x0 build/cooja/mtype873.a(cfs-cooja.o)
 .data          0x0000000000034084       0x2c build/cooja/mtype873.a(cooja-radio.o)
                0x0000000000034084                simRadioHWOn
                0x0000000000034088                simSignalStrength
                0x000000000003408c                simLastSignalStrength
                0x0000000000034090                simPower
                0x0000000000034094                simRadioChannel
                0x0000000000034098                simLQI
                0x00000000000340a0                cooja_radio_process
 .data          0x00000000000340b0        0x0 build/cooja/mtype873.a(eeprom.o)
 .data          0x00000000000340b0        0x0 build/cooja/mtype873.a(random.o)
 .data          0x00000000000340b0       0x10 build/cooja/mtype873.a(sensors.o)
                0x00000000000340b0                sensors_process
 .data          0x00000000000340c0        0x0 build/cooja/mtype873.a(leds.o)
 .data          0x00000000000340c0        0x0 build/cooja/mtype873.a(gpio-hal-arch.o)
 .data          0x00000000000340c0       0x78 build/cooja/mtype873.a(buttons.o)
                0x00000000000340c0                simButtonIsActive
                0x0000000000034130                button_hal_buttons
 *fill*         0x0000000000034138        0x8 
 .data          0x0000000000034140       0x30 build/cooja/mtype873.a(ethylene_sensor)
                0x0000000000034140                ethylene_sensor
 .data          0x0000000000034170        0x0 build/cooja/mtype873.a(coap-blocking-a)
 .data          0x0000000000034170        0x8 build/cooja/mtype873.a(coap-engine.o)
 *fill*         0x0000000000034178        0x8 
 .data          0x0000000000034180       0x24 build/cooja/mtype873.a(coap-res-well-k)
                0x0000000000034180                res_well_known_core
 .data          0x00000000000341a4       0x10 build/cooja/mtype873.a(coap-observe.o)
 .data          0x00000000000341b4       0x10 build/cooja/mtype873.a(coap-uip.o)
                0x00000000000341b4                coap_engine
 .data          0x00000000000341c4        0x4 build/cooja/mtype873.a(coap-timer.o)
 .data          0x00000000000341c8       0x10 build/cooja/mtype873.a(coap-transactio)
 .data          0x00000000000341d8        0x4 build/cooja/mtype873.a(coap.o)
                0x00000000000341d8                coap_error_message
 .data          0x00000000000341dc        0x0 build/cooja/mtype873.a(contiki-main.o)
 .data          0x00000000000341dc        0x0 build/cooja/mtype873.a(autostart.o)
 .data          0x00000000000341dc       0x14 build/cooja/mtype873.a(ctimer.o)
                0x00000000000341e0                ctimer_process
 *fill*         0x00000000000341f0       0x10 
 .data          0x0000000000034200       0xbc build/cooja/mtype873.a(log.o)
                0x0000000000034200                curr_log_level_main
                0x0000000000034220                all_modules
 .data          0x00000000000342bc        0x0 build/cooja/mtype873.a(energest.o)
 .data          0x00000000000342bc       0x10 build/cooja/mtype873.a(etimer.o)
                0x00000000000342bc                etimer_process
 .data          0x00000000000342cc        0x0 build/cooja/mtype873.a(node-id.o)
 .data          0x00000000000342cc        0x0 build/cooja/mtype873.a(rtimer.o)
 .data          0x00000000000342cc        0x0 build/cooja/mtype873.a(process.o)
 .data          0x00000000000342cc        0x0 build/cooja/mtype873.a(timer.o)
 .data          0x00000000000342cc        0x0 build/cooja/mtype873.a(list.o)
 .data          0x00000000000342cc        0x0 build/cooja/mtype873.a(memb.o)
 .data          0x00000000000342cc       0x10 build/cooja/mtype873.a(button-hal.o)
                0x00000000000342cc                button_hal_process
 .data          0x00000000000342dc       0x10 build/cooja/mtype873.a(serial-line.o)
                0x00000000000342dc                serial_line_process
 .data          0x00000000000342ec        0x4 build/cooja/mtype873.a(gpio-hal.o)
 .data          0x00000000000342f0       0x18 build/cooja/mtype873.a(queuebuf.o)
 .data          0x0000000000034308        0x4 build/cooja/mtype873.a(packetbuf.o)
 .data          0x000000000003430c        0x4 build/cooja/mtype873.a(netstack.o)
 .data          0x0000000000034310        0x0 build/cooja/mtype873.a(linkaddr.o)
 .data          0x0000000000034310        0x0 build/cooja/mtype873.a(csma.o)
 .data          0x0000000000034310       0x28 build/cooja/mtype873.a(csma-output.o)
 .data          0x0000000000034338        0x0 build/cooja/mtype873.a(uip-ds6.o)
 .data          0x0000000000034338        0x0 build/cooja/mtype873.a(uip-udp-packet.)
 .data          0x0000000000034338       0x10 build/cooja/mtype873.a(uip-ds6-route.o)
 .data          0x0000000000034348       0x10 build/cooja/mtype873.a(tcpip.o)
                0x0000000000034348                tcpip_process
 .data          0x0000000000034358        0x0 build/cooja/mtype873.a(uip6.o)
 .data          0x0000000000034358       0x14 build/cooja/mtype873.a(uip-ds6-nbr.o)
 .data          0x000000000003436c        0xc build/cooja/mtype873.a(uip-nd6.o)
 .data          0x0000000000034378        0x0 build/cooja/mtype873.a(sicslowpan.o)
 .data          0x0000000000034378        0x0 build/cooja/mtype873.a(uiplib.o)
 .data          0x0000000000034378        0x0 build/cooja/mtype873.a(rpl.o)
 .data          0x0000000000034378       0x30 build/cooja/mtype873.a(rpl-icmp6.o)
 .data          0x00000000000343a8        0x0 build/cooja/mtype873.a(rpl-dag-root.o)
 .data          0x00000000000343a8        0x0 build/cooja/mtype873.a(watchdog.o)
 .data          0x00000000000343a8        0x0 build/cooja/mtype873.a(int-master.o)
 .data          0x00000000000343a8       0x10 build/cooja/mtype873.a(coap-timer-defa)
                0x00000000000343a8                coap_timer_process
 .data          0x00000000000343b8        0x0 build/cooja/mtype873.a(stimer.o)
 .data          0x00000000000343b8        0x0 build/cooja/mtype873.a(ringbuf.o)
 .data          0x00000000000343b8        0x0 build/cooja/mtype873.a(assert.o)
 .data          0x00000000000343b8       0x10 build/cooja/mtype873.a(nbr-table.o)
 .data          0x00000000000343c8       0x14 build/cooja/mtype873.a(link-stats.o)
 .data          0x00000000000343dc        0x0 build/cooja/mtype873.a(mac-sequence.o)
 .data          0x00000000000343dc        0x0 build/cooja/mtype873.a(mac.o)
 .data          0x00000000000343dc        0x0 build/cooja/mtype873.a(framer-802154.o)
 .data          0x00000000000343dc        0x2 build/cooja/mtype873.a(frame802154.o)
 .data          0x00000000000343de        0x0 build/cooja/mtype873.a(csma-security.o)
 .data          0x00000000000343de        0x0 build/cooja/mtype873.a(uipbuf.o)
 *fill*         0x00000000000343de        0x2 
 .data          0x00000000000343e0       0x20 build/cooja/mtype873.a(uip-icmp6.o)
 .data          0x0000000000034400       0x10 build/cooja/mtype873.a(uip-sr.o)
 .data          0x0000000000034410        0xc build/cooja/mtype873.a(uip-packetqueue)
 .data          0x000000000003441c        0x0 build/cooja/mtype873.a(rpl-nbr-policy.)
 .data          0x000000000003441c       0x14 build/cooja/mtype873.a(rpl-neighbor.o)
                0x000000000003442c                rpl_neighbors
 .data          0x0000000000034430        0x0 build/cooja/mtype873.a(rpl-dag.o)
 .data          0x0000000000034430        0x0 build/cooja/mtype873.a(rpl-timers.o)
 .data          0x0000000000034430        0x0 build/cooja/mtype873.a(rpl-ext-header.)
 *fill*         0x0000000000034430       0x10 
 .data          0x0000000000034440       0x24 build/cooja/mtype873.a(rpl-mrhof.o)
                0x0000000000034440                rpl_mrhof
 .data          0x0000000000034464        0x0 /usr/lib/gcc/i686-linux-gnu/5/libgcc.a(_udivdi3.o)
 .data          0x0000000000034464        0x0 /usr/lib/gcc/i686-linux-gnu/5/crtendS.o
 .data          0x0000000000034464        0x0 /usr/lib/gcc/i686-linux-gnu/5/../../../i386-linux-gnu/crtn.o

.tm_clone_table
                0x0000000000034464        0x0
 .tm_clone_table
                0x0000000000034464        0x0 /usr/lib/gcc/i686-linux-gnu/5/crtbeginS.o
 .tm_clone_table
                0x0000000000034464        0x0 /usr/lib/gcc/i686-linux-gnu/5/crtendS.o

.data1
 *(.data1)
                0x0000000000034464                _edata = .
                [!provide]                        PROVIDE (edata, .)
                0x0000000000034464                . = .
                0x0000000000034464                __bss_start = .

.bss            0x0000000000034480    0x13fa4
 *(.dynbss)
 .dynbss        0x0000000000034480        0x0 /usr/lib/gcc/i686-linux-gnu/5/../../../i386-linux-gnu/crti.o
 *(.bss .bss.* .gnu.linkonce.b.*)
 .bss           0x0000000000034480        0x0 /usr/lib/gcc/i686-linux-gnu/5/../../../i386-linux-gnu/crti.o
 .bss           0x0000000000034480        0x1 /usr/lib/gcc/i686-linux-gnu/5/crtbeginS.o
 *fill*         0x0000000000034481       0x1f 
 .bss           0x00000000000344a0      0x14c ethylene_server.o
 *fill*         0x00000000000345ec       0x14 
 .bss           0x0000000000034600     0x2030 build/cooja/mtype873.o
 .bss           0x0000000000036630        0x1 build/cooja/mtype873.a(simEnvChange.o)
                0x0000000000036630                simDontFallAsleep
 *fill*         0x0000000000036631        0x3 
 .bss           0x0000000000036634        0x4 build/cooja/mtype873.a(cooja_mt.o)
 .bss           0x0000000000036638        0x4 build/cooja/mtype873.a(cooja_mtarch.o)
 .bss           0x000000000003663c        0x0 build/cooja/mtype873.a(rtimer-arch.o)
 .bss           0x000000000003663c        0x0 build/cooja/mtype873.a(beep.o)
 .bss           0x000000000003663c        0x1 build/cooja/mtype873.a(leds-arch.o)
                0x000000000003663c                simLedsValue
 .bss           0x000000000003663d        0x0 build/cooja/mtype873.a(moteid.o)
 .bss           0x000000000003663d        0x1 build/cooja/mtype873.a(pir-sensor.o)
                0x000000000003663d                simPirValue
 *fill*         0x000000000003663e        0x2 
 .bss           0x0000000000036640        0x4 build/cooja/mtype873.a(rs232.o)
 .bss           0x0000000000036644        0x1 build/cooja/mtype873.a(vib-sensor.o)
                0x0000000000036644                simVibValue
 .bss           0x0000000000036645        0x0 build/cooja/mtype873.a(clock.o)
 *fill*         0x0000000000036645       0x1b 
 .bss           0x0000000000036660     0x2020 build/cooja/mtype873.a(cooja-log.o)
 .bss           0x0000000000038680      0xfc0 build/cooja/mtype873.a(cfs-cooja.o)
                0x0000000000038680                simCFSData
                0x0000000000039620                simCFSSize
                0x0000000000039624                simCFSChanged
                0x0000000000039628                simCFSRead
                0x000000000003962c                simCFSWritten
 .bss           0x0000000000039640       0x24 build/cooja/mtype873.a(cooja-radio.o)
                0x0000000000039640                simReceiving
                0x0000000000039644                simInSize
                0x0000000000039648                simLastPacketTimestamp
                0x0000000000039650                simOutSize
 .bss           0x0000000000039664        0xc build/cooja/mtype873.a(eeprom.o)
                0x0000000000039664                simEEPROMChanged
                0x0000000000039668                simEEPROMRead
                0x000000000003966c                simEEPROMWritten
 .bss           0x0000000000039670        0x0 build/cooja/mtype873.a(random.o)
 .bss           0x0000000000039670        0xc build/cooja/mtype873.a(sensors.o)
 .bss           0x000000000003967c        0x0 build/cooja/mtype873.a(leds.o)
 .bss           0x000000000003967c       0x24 build/cooja/mtype873.a(gpio-hal-arch.o)
 .bss           0x00000000000396a0        0x0 build/cooja/mtype873.a(buttons.o)
 .bss           0x00000000000396a0        0x4 build/cooja/mtype873.a(ethylene_sensor)
 .bss           0x00000000000396a4        0x0 build/cooja/mtype873.a(coap-blocking-a)
 *fill*         0x00000000000396a4       0x1c 
 .bss           0x00000000000396c0      0x190 build/cooja/mtype873.a(coap-engine.o)
 .bss           0x0000000000039850        0x0 build/cooja/mtype873.a(coap-res-well-k)
 *fill*         0x0000000000039850       0x10 
 .bss           0x0000000000039860      0x120 build/cooja/mtype873.a(coap-observe.o)
 .bss           0x0000000000039980       0x18 build/cooja/mtype873.a(coap-uip.o)
 .bss           0x0000000000039998        0x5 build/cooja/mtype873.a(coap-timer.o)
 *fill*         0x000000000003999d        0x3 
 .bss           0x00000000000399a0      0x334 build/cooja/mtype873.a(coap-transactio)
 .bss           0x0000000000039cd4        0x6 build/cooja/mtype873.a(coap.o)
                0x0000000000039cd4                coap_status_code
 .bss           0x0000000000039cda        0x0 build/cooja/mtype873.a(contiki-main.o)
 .bss           0x0000000000039cda        0x0 build/cooja/mtype873.a(autostart.o)
 *fill*         0x0000000000039cda        0x2 
 .bss           0x0000000000039cdc        0x5 build/cooja/mtype873.a(ctimer.o)
 *fill*         0x0000000000039ce1        0x3 
 .bss           0x0000000000039ce4       0x2c build/cooja/mtype873.a(log.o)
                0x0000000000039ce4                curr_log_level_rpl
                0x0000000000039ce8                curr_log_level_tcpip
                0x0000000000039cec                curr_log_level_ipv6
                0x0000000000039cf0                curr_log_level_6lowpan
                0x0000000000039cf4                curr_log_level_nullnet
                0x0000000000039cf8                curr_log_level_mac
                0x0000000000039cfc                curr_log_level_framer
                0x0000000000039d00                curr_log_level_6top
                0x0000000000039d04                curr_log_level_coap
                0x0000000000039d08                curr_log_level_snmp
                0x0000000000039d0c                curr_log_level_lwm2m
 .bss           0x0000000000039d10        0x0 build/cooja/mtype873.a(energest.o)
 .bss           0x0000000000039d10        0x8 build/cooja/mtype873.a(etimer.o)
 .bss           0x0000000000039d18        0x2 build/cooja/mtype873.a(node-id.o)
                0x0000000000039d18                node_id
 *fill*         0x0000000000039d1a        0x2 
 .bss           0x0000000000039d1c        0x4 build/cooja/mtype873.a(rtimer.o)
 .bss           0x0000000000039d20      0x1a1 build/cooja/mtype873.a(process.o)
                0x0000000000039d20                process_list
                0x0000000000039d24                process_current
 .bss           0x0000000000039ec1        0x0 build/cooja/mtype873.a(timer.o)
 .bss           0x0000000000039ec1        0x0 build/cooja/mtype873.a(list.o)
 .bss           0x0000000000039ec1        0x0 build/cooja/mtype873.a(memb.o)
 *fill*         0x0000000000039ec1        0x3 
 .bss           0x0000000000039ec4       0x10 build/cooja/mtype873.a(button-hal.o)
 *fill*         0x0000000000039ed4        0xc 
 .bss           0x0000000000039ee0      0x140 build/cooja/mtype873.a(serial-line.o)
 .bss           0x000000000003a020        0x4 build/cooja/mtype873.a(gpio-hal.o)
 *fill*         0x000000000003a024       0x1c 
 .bss           0x000000000003a040     0x2c80 build/cooja/mtype873.a(queuebuf.o)
 .bss           0x000000000003ccc0       0xa0 build/cooja/mtype873.a(packetbuf.o)
 .bss           0x000000000003cd60        0x4 build/cooja/mtype873.a(netstack.o)
 .bss           0x000000000003cd64        0x0 build/cooja/mtype873.a(linkaddr.o)
 .bss           0x000000000003cd64        0x0 build/cooja/mtype873.a(csma.o)
 *fill*         0x000000000003cd64       0x1c 
 .bss           0x000000000003cd80      0x726 build/cooja/mtype873.a(csma-output.o)
 *fill*         0x000000000003d4a6        0x2 
 .bss           0x000000000003d4a8       0x30 build/cooja/mtype873.a(uip-ds6.o)
 .bss           0x000000000003d4d8        0x0 build/cooja/mtype873.a(uip-udp-packet.)
 *fill*         0x000000000003d4d8        0x8 
 .bss           0x000000000003d4e0       0x60 build/cooja/mtype873.a(uip-ds6-route.o)
 .bss           0x000000000003d540       0x10 build/cooja/mtype873.a(tcpip.o)
 .bss           0x000000000003d550        0x8 build/cooja/mtype873.a(uip6.o)
                0x000000000003d550                uip_ext_bitmap
                0x000000000003d552                uip_ext_len
                0x000000000003d554                uip_last_proto
 *fill*         0x000000000003d558        0x8 
 .bss           0x000000000003d560     0x1c20 build/cooja/mtype873.a(uip-ds6-nbr.o)
 .bss           0x000000000003f180       0x10 build/cooja/mtype873.a(uip-nd6.o)
 *fill*         0x000000000003f190       0x10 
 .bss           0x000000000003f1a0      0x724 build/cooja/mtype873.a(sicslowpan.o)
 .bss           0x000000000003f8c4        0x0 build/cooja/mtype873.a(uiplib.o)
 .bss           0x000000000003f8c4        0x1 build/cooja/mtype873.a(rpl.o)
 .bss           0x000000000003f8c5        0x0 build/cooja/mtype873.a(rpl-icmp6.o)
 *fill*         0x000000000003f8c5        0x3 
 .bss           0x000000000003f8c8       0x11 build/cooja/mtype873.a(rpl-dag-root.o)